Archive member included to satisfy reference by file (symbol)

/home/tobias/Documents/MCUXpresso_10.1.0_589/workspace/lpc_board_ea_devkit_4088/Debug/liblpc_board_ea_devkit_4088.a(board.o)
                              ./example/src/main.o (Board_Init)
/home/tobias/Documents/MCUXpresso_10.1.0_589/workspace/lpc_board_ea_devkit_4088/Debug/liblpc_board_ea_devkit_4088.a(board_sysinit.o)
                              ./example/src/sysinit.o (Board_SystemInit)
/home/tobias/Documents/MCUXpresso_10.1.0_589/workspace/lpc_board_ea_devkit_4088/Debug/liblpc_board_ea_devkit_4088.a(uda1380.o)
                              /home/tobias/Documents/MCUXpresso_10.1.0_589/workspace/lpc_board_ea_devkit_4088/Debug/liblpc_board_ea_devkit_4088.a(board.o) (UDA1380_Init)
/home/tobias/Documents/MCUXpresso_10.1.0_589/workspace/lpc_chip_40xx/Debug/liblpc_chip_40xx.a(chip_17xx_40xx.o)
                              ./freertos/src/port.o (SystemCoreClock)
/home/tobias/Documents/MCUXpresso_10.1.0_589/workspace/lpc_chip_40xx/Debug/liblpc_chip_40xx.a(clock_17xx_40xx.o)
                              /home/tobias/Documents/MCUXpresso_10.1.0_589/workspace/lpc_chip_40xx/Debug/liblpc_chip_40xx.a(chip_17xx_40xx.o) (Chip_Clock_SetupPLL)
/home/tobias/Documents/MCUXpresso_10.1.0_589/workspace/lpc_chip_40xx/Debug/liblpc_chip_40xx.a(emc_17xx_40xx.o)
                              /home/tobias/Documents/MCUXpresso_10.1.0_589/workspace/lpc_board_ea_devkit_4088/Debug/liblpc_board_ea_devkit_4088.a(board_sysinit.o) (Chip_EMC_Dynamic_Init)
/home/tobias/Documents/MCUXpresso_10.1.0_589/workspace/lpc_chip_40xx/Debug/liblpc_chip_40xx.a(fpu_init.o)
                              ./example/src/sysinit.o (fpuInit)
/home/tobias/Documents/MCUXpresso_10.1.0_589/workspace/lpc_chip_40xx/Debug/liblpc_chip_40xx.a(i2c_17xx_40xx.o)
                              /home/tobias/Documents/MCUXpresso_10.1.0_589/workspace/lpc_board_ea_devkit_4088/Debug/liblpc_board_ea_devkit_4088.a(uda1380.o) (Chip_I2C_EventHandlerPolling)
/home/tobias/Documents/MCUXpresso_10.1.0_589/workspace/lpc_chip_40xx/Debug/liblpc_chip_40xx.a(i2s_17xx_40xx.o)
                              /home/tobias/Documents/MCUXpresso_10.1.0_589/workspace/lpc_board_ea_devkit_4088/Debug/liblpc_board_ea_devkit_4088.a(board.o) (Chip_I2S_Init)
/home/tobias/Documents/MCUXpresso_10.1.0_589/workspace/lpc_chip_40xx/Debug/liblpc_chip_40xx.a(iocon_17xx_40xx.o)
                              /home/tobias/Documents/MCUXpresso_10.1.0_589/workspace/lpc_board_ea_devkit_4088/Debug/liblpc_board_ea_devkit_4088.a(board_sysinit.o) (Chip_IOCON_SetPinMuxing)
/home/tobias/Documents/MCUXpresso_10.1.0_589/workspace/lpc_chip_40xx/Debug/liblpc_chip_40xx.a(ssp_17xx_40xx.o)
                              /home/tobias/Documents/MCUXpresso_10.1.0_589/workspace/lpc_board_ea_devkit_4088/Debug/liblpc_board_ea_devkit_4088.a(board.o) (Chip_SSP_WriteFrames_Blocking)
/home/tobias/Documents/MCUXpresso_10.1.0_589/workspace/lpc_chip_40xx/Debug/liblpc_chip_40xx.a(sysctl_17xx_40xx.o)
                              /home/tobias/Documents/MCUXpresso_10.1.0_589/workspace/lpc_board_ea_devkit_4088/Debug/liblpc_board_ea_devkit_4088.a(board_sysinit.o) (Chip_SYSCTL_PeriphReset)
/home/tobias/Documents/MCUXpresso_10.1.0_589/workspace/lpc_chip_40xx/Debug/liblpc_chip_40xx.a(sysinit_17xx_40xx.o)
                              /home/tobias/Documents/MCUXpresso_10.1.0_589/workspace/lpc_board_ea_devkit_4088/Debug/liblpc_board_ea_devkit_4088.a(board_sysinit.o) (Chip_SetupXtalClocking)
/home/tobias/Documents/MCUXpresso_10.1.0_589/workspace/lpc_chip_40xx/Debug/liblpc_chip_40xx.a(timer_17xx_40xx.o)
                              ./example/src/ms_timer.o (Chip_TIMER_Init)
/usr/local/mcuxpressoide-10.1.0_589/ide/tools/bin/../lib/gcc/arm-none-eabi/6.3.1/../../../../arm-none-eabi/lib/thumb/v7e-m/fpv4-sp/softfp/libcr_semihost_nf.a(_cr__main.o)
                              ./example/src/cr_startup_lpc40xx.o (__main)
/usr/local/mcuxpressoide-10.1.0_589/ide/tools/bin/../lib/gcc/arm-none-eabi/6.3.1/../../../../arm-none-eabi/lib/thumb/v7e-m/fpv4-sp/softfp/libcr_c.a(memcpy.o)
                              ./freertos/src/queue.o (memcpy)
/usr/local/mcuxpressoide-10.1.0_589/ide/tools/bin/../lib/gcc/arm-none-eabi/6.3.1/../../../../arm-none-eabi/lib/thumb/v7e-m/fpv4-sp/softfp/libcr_c.a(memset.o)
                              ./freertos/src/tasks.o (memset)
/usr/local/mcuxpressoide-10.1.0_589/ide/tools/bin/../lib/gcc/arm-none-eabi/6.3.1/../../../../arm-none-eabi/lib/thumb/v7e-m/fpv4-sp/softfp/libcr_c.a(alloc.o)
                              ./freertos/src/heap_3.o (malloc)
/usr/local/mcuxpressoide-10.1.0_589/ide/tools/bin/../lib/gcc/arm-none-eabi/6.3.1/../../../../arm-none-eabi/lib/thumb/v7e-m/fpv4-sp/softfp/libcr_c.a(fpprintf.o)
                              ./freertos/src/FreeRTOSCommonHooks.o (printf)
/usr/local/mcuxpressoide-10.1.0_589/ide/tools/bin/../lib/gcc/arm-none-eabi/6.3.1/../../../../arm-none-eabi/lib/thumb/v7e-m/fpv4-sp/softfp/libcr_c.a(initio.o)
[...]
Memory Configuration

Name             Origin             Length             Attributes
MFlash512        0x0000000000000000 0x0000000000080000 xr
RamLoc64         0x0000000010000000 0x0000000000010000 xrw
RamPeriph32      0x0000000020000000 0x0000000000008000 xrw
*default*        0x0000000000000000 0xffffffffffffffff

Linker script and memory map

LOAD ./freertos/src/FreeRTOSCommonHooks.o
LOAD ./freertos/src/heap_3.o
LOAD ./freertos/src/list.o
LOAD ./freertos/src/port.o
LOAD ./freertos/src/queue.o
LOAD ./freertos/src/tasks.o
LOAD ./example/src/cr_startup_lpc40xx.o
LOAD ./example/src/main.o
LOAD ./example/src/ms_timer.o
LOAD ./example/src/sysinit.o
LOAD /home/tobias/Documents/MCUXpresso_10.1.0_589/workspace/lpc_board_ea_devkit_4088/Debug/liblpc_board_ea_devkit_4088.a
LOAD /home/tobias/Documents/MCUXpresso_10.1.0_589/workspace/lpc_chip_40xx/Debug/liblpc_chip_40xx.a
START GROUP
LOAD /usr/local/mcuxpressoide-10.1.0_589/ide/tools/bin/../lib/gcc/arm-none-eabi/6.3.1/../../../../arm-none-eabi/lib/thumb/v7e-m/fpv4-sp/softfp/libcr_semihost_nf.a
LOAD /usr/local/mcuxpressoide-10.1.0_589/ide/tools/bin/../lib/gcc/arm-none-eabi/6.3.1/../../../../arm-none-eabi/lib/thumb/v7e-m/fpv4-sp/softfp/libcr_c.a
LOAD /usr/local/mcuxpressoide-10.1.0_589/ide/tools/bin/../lib/gcc/arm-none-eabi/6.3.1/thumb/v7e-m/fpv4-sp/softfp/libcr_eabihelpers.a
END GROUP
                0x0000000000000000                __base_MFlash512 = 0x0
                0x0000000000000000                __base_Flash = 0x0
                0x0000000000080000                __top_MFlash512 = 0x80000
                0x0000000000080000                __top_Flash = 0x80000
                0x0000000010000000                __base_RamLoc64 = 0x10000000
                0x0000000010000000                __base_RAM = 0x10000000
                0x0000000010010000                __top_RamLoc64 = 0x10010000
                0x0000000010010000                __top_RAM = 0x10010000
                0x0000000020000000                __base_RamPeriph32 = 0x20000000
                0x0000000020000000                __base_RAM2 = 0x20000000
                0x0000000020008000                __top_RamPeriph32 = 0x20008000
                0x0000000020008000                __top_RAM2 = 0x20008000

.text           0x0000000000000000     0x5604
 FILL mask 0xff
                0x0000000000000000                __vectors_start__ = ABSOLUTE (.)
 *(.isr_vector)
 .isr_vector    0x0000000000000000       0xe4 ./example/src/cr_startup_lpc40xx.o
                0x0000000000000000                g_pfnVectors
                0x00000000000000e4                . = ALIGN (0x4)
                0x00000000000000e4                __section_table_start = .
                0x00000000000000e4                __data_section_table = .
                0x00000000000000e4        0x4 LONG 0x5604 LOADADDR (.data)
                0x00000000000000e8        0x4 LONG 0x10000000 ADDR (.data)
                0x00000000000000ec        0x4 LONG 0x8 SIZEOF (.data)
                0x00000000000000f0        0x4 LONG 0x5604 LOADADDR (.data_RAM2)
                0x00000000000000f4        0x4 LONG 0x20000000 ADDR (.data_RAM2)
                0x00000000000000f8        0x4 LONG 0x0 SIZEOF (.data_RAM2)
                0x00000000000000fc                __data_section_table_end = .
                0x00000000000000fc                __bss_section_table = .
                0x00000000000000fc        0x4 LONG 0x10000008 ADDR (.bss)
                0x0000000000000100        0x4 LONG 0x214 SIZEOF (.bss)
                0x0000000000000104        0x4 LONG 0x20000000 ADDR (.bss_RAM2)
                0x0000000000000108        0x4 LONG 0x0 SIZEOF (.bss_RAM2)
                0x000000000000010c                __bss_section_table_end = .
                0x000000000000010c                __section_table_end = .
 *(.after_vectors*)
 .after_vectors
                0x000000000000010c      0x154 ./example/src/cr_startup_lpc40xx.o
                0x000000000000010c                data_init
                0x0000000000000150                bss_init
                0x0000000000000188                ResetISR
                0x0000000000000220                NMI_Handler
                0x0000000000000226                HardFault_Handler
                0x000000000000022c                MemManage_Handler
                0x0000000000000232                BusFault_Handler
                0x0000000000000238                UsageFault_Handler
                0x0000000000000244                DebugMon_Handler
                0x0000000000000256                GPIO_IRQHandler
                0x0000000000000256                TIMER2_IRQHandler
                0x0000000000000256                RIT_IRQHandler
                0x0000000000000256                I2C0_IRQHandler
                0x0000000000000256                USBActivity_IRQHandler
                0x0000000000000256                PWM1_IRQHandler
                0x0000000000000256                SDIO_IRQHandler
                0x0000000000000256                I2C1_IRQHandler
                0x0000000000000256                EINT2_IRQHandler
                0x0000000000000256                UART1_IRQHandler
                0x0000000000000256                EINT3_IRQHandler
                0x0000000000000256                CANActivity_IRQHandler
                0x0000000000000256                TIMER3_IRQHandler
                0x0000000000000256                UART0_IRQHandler
                0x0000000000000256                IntDefaultHandler
                0x0000000000000256                PLL0_IRQHandler
                0x0000000000000256                CAN_IRQHandler
                0x0000000000000256                PLL1_IRQHandler
                0x0000000000000256                SSP0_IRQHandler
                0x0000000000000256                I2S_IRQHandler
                0x0000000000000256                I2C2_IRQHandler
                0x0000000000000256                RTC_IRQHandler
                0x0000000000000256                SPI_IRQHandler
                0x0000000000000256                LCD_IRQHandler
                0x0000000000000256                EINT1_IRQHandler
                0x0000000000000256                TIMER1_IRQHandler
                0x0000000000000256                UART2_IRQHandler
                0x0000000000000256                UART4_IRQHandler
                0x0000000000000256                ADC_IRQHandler
                0x0000000000000256                SSP1_IRQHandler
                0x0000000000000256                USB_IRQHandler
                0x0000000000000256                BOD_IRQHandler
                0x0000000000000256                WDT_IRQHandler
                0x0000000000000256                QEI_IRQHandler
                0x0000000000000256                EINT0_IRQHandler
                0x0000000000000256                ETH_IRQHandler
                0x0000000000000256                PWM0_IRQHandler
                0x0000000000000256                SSP2_IRQHandler
                0x0000000000000256                EEPROM_IRQHandler
                0x0000000000000256                DMA_IRQHandler
                0x0000000000000256                UART3_IRQHandler
                0x0000000000000256                MCPWM_IRQHandler
 *(.text*)
 .text.vApplicationIdleHook
                0x0000000000000260       0x10 ./freertos/src/FreeRTOSCommonHooks.o
                0x0000000000000260                vApplicationIdleHook
 .text.pvPortMalloc
                0x0000000000000270       0x22 ./freertos/src/heap_3.o
                0x0000000000000270                pvPortMalloc
 .text.vPortFree
                0x0000000000000292       0x24 ./freertos/src/heap_3.o
                0x0000000000000292                vPortFree
 .text.vListInitialise
                0x00000000000002b6       0x40 ./freertos/src/list.o
                0x00000000000002b6                vListInitialise
 .text.vListInitialiseItem
                0x00000000000002f6       0x1a ./freertos/src/list.o
                0x00000000000002f6                vListInitialiseItem
 .text.vListInsertEnd
                0x0000000000000310       0x48 ./freertos/src/list.o
                0x0000000000000310                vListInsertEnd
 .text.vListInsert
                0x0000000000000358       0x72 ./freertos/src/list.o
                0x0000000000000358                vListInsert
 .text.uxListRemove
                0x00000000000003ca       0x54 ./freertos/src/list.o
                0x00000000000003ca                uxListRemove
 *fill*         0x000000000000041e        0x2 ff
 .text.pxPortInitialiseStack
                0x0000000000000420       0x64 ./freertos/src/port.o
                0x0000000000000420                pxPortInitialiseStack
 .text.prvTaskExitError
                0x0000000000000484        0xa ./freertos/src/port.o
 *fill*         0x000000000000048e        0x2 ff
 .text.SVC_Handler
                0x0000000000000490       0x20 ./freertos/src/port.o
                0x0000000000000490                SVC_Handler
 .text.prvPortStartFirstTask
                0x00000000000004b0       0x18 ./freertos/src/port.o
 .text.xPortStartScheduler
                0x00000000000004c8       0x4c ./freertos/src/port.o
                0x00000000000004c8                xPortStartScheduler
 .text.vPortYield
                0x0000000000000514       0x24 ./freertos/src/port.o
                0x0000000000000514                vPortYield
 .text.vPortEnterCritical
                0x0000000000000538       0x24 ./freertos/src/port.o
                0x0000000000000538                vPortEnterCritical
 .text.vPortExitCritical
                0x000000000000055c       0x24 ./freertos/src/port.o
                0x000000000000055c                vPortExitCritical
 .text.ulPortSetInterruptMask
                0x0000000000000580       0x12 ./freertos/src/port.o
                0x0000000000000580                ulPortSetInterruptMask
 .text.vPortClearInterruptMask
                0x0000000000000592        0x8 ./freertos/src/port.o
                0x0000000000000592                vPortClearInterruptMask
 *fill*         0x000000000000059a        0x2 ff
 .text.PendSV_Handler
                0x000000000000059c       0x54 ./freertos/src/port.o
                0x000000000000059c                PendSV_Handler
 .text.SysTick_Handler
                0x00000000000005f0       0x28 ./freertos/src/port.o
                0x00000000000005f0                SysTick_Handler
 .text.vPortSuppressTicksAndSleep
                0x0000000000000618      0x15c ./freertos/src/port.o
                0x0000000000000618                vPortSuppressTicksAndSleep
 .text.vPortSetupTimerInterrupt
                0x0000000000000774       0x78 ./freertos/src/port.o
                0x0000000000000774                vPortSetupTimerInterrupt
 .text.vPortEnableVFP
                0x00000000000007ec       0x14 ./freertos/src/port.o
 .text.xQueueGenericReset
                0x0000000000000800       0xa4 ./freertos/src/queue.o
                0x0000000000000800                xQueueGenericReset
 .text.xQueueGenericCreate
                0x00000000000008a4       0x78 ./freertos/src/queue.o
                0x00000000000008a4                xQueueGenericCreate
 .text.xQueueGenericSend
                0x000000000000091c      0x110 ./freertos/src/queue.o
                0x000000000000091c                xQueueGenericSend
 .text.xQueueGenericSendFromISR
                0x0000000000000a2c       0x88 ./freertos/src/queue.o
                0x0000000000000a2c                xQueueGenericSendFromISR
 .text.xQueueGenericReceive
                0x0000000000000ab4      0x16c ./freertos/src/queue.o
                0x0000000000000ab4                xQueueGenericReceive
 .text.prvCopyDataToQueue
                0x0000000000000c20       0xce ./freertos/src/queue.o
 .text.prvCopyDataFromQueue
                0x0000000000000cee       0x4c ./freertos/src/queue.o
 .text.prvUnlockQueue
                0x0000000000000d3a       0x98 ./freertos/src/queue.o
 .text.prvIsQueueEmpty
                0x0000000000000dd2       0x2c ./freertos/src/queue.o
 .text.prvIsQueueFull
                0x0000000000000dfe       0x30 ./freertos/src/queue.o
 *fill*         0x0000000000000e2e        0x2 ff
 .text.xTaskGenericCreate
                0x0000000000000e30      0x140 ./freertos/src/tasks.o
                0x0000000000000e30                xTaskGenericCreate
 .text.vTaskStartScheduler
                0x0000000000000f70       0x58 ./freertos/src/tasks.o
                0x0000000000000f70                vTaskStartScheduler
 .text.vTaskSuspendAll
                0x0000000000000fc8       0x1c ./freertos/src/tasks.o
                0x0000000000000fc8                vTaskSuspendAll
 .text.prvGetExpectedIdleTime
                0x0000000000000fe4       0x50 ./freertos/src/tasks.o
 .text.xTaskResumeAll
                0x0000000000001034       0xfc ./freertos/src/tasks.o
                0x0000000000001034                xTaskResumeAll
 .text.vTaskStepTick
                0x0000000000001130       0x24 ./freertos/src/tasks.o
                0x0000000000001130                vTaskStepTick
 .text.xTaskIncrementTick
                0x0000000000001154      0x18c ./freertos/src/tasks.o
                0x0000000000001154                xTaskIncrementTick
 .text.vTaskSwitchContext
                0x00000000000012e0       0x9c ./freertos/src/tasks.o
                0x00000000000012e0                vTaskSwitchContext
 .text.vTaskPlaceOnEventList
                0x000000000000137c       0x60 ./freertos/src/tasks.o
                0x000000000000137c                vTaskPlaceOnEventList
 .text.xTaskRemoveFromEventList
                0x00000000000013dc       0xac ./freertos/src/tasks.o
                0x00000000000013dc                xTaskRemoveFromEventList
 .text.vTaskSetTimeOutState
                0x0000000000001488       0x2c ./freertos/src/tasks.o
                0x0000000000001488                vTaskSetTimeOutState
 .text.xTaskCheckForTimeOut
                0x00000000000014b4       0x88 ./freertos/src/tasks.o
                0x00000000000014b4                xTaskCheckForTimeOut
 .text.vTaskMissedYield
                0x000000000000153c       0x18 ./freertos/src/tasks.o
                0x000000000000153c                vTaskMissedYield
 .text.prvIdleTask
                0x0000000000001554       0x48 ./freertos/src/tasks.o
 .text.eTaskConfirmSleepModeStatus
                0x000000000000159c       0x5c ./freertos/src/tasks.o
                0x000000000000159c                eTaskConfirmSleepModeStatus
 .text.prvInitialiseTCBVariables
                0x00000000000015f8       0x98 ./freertos/src/tasks.o
 .text.prvInitialiseTaskLists
                0x0000000000001690       0x80 ./freertos/src/tasks.o
 .text.prvCheckTasksWaitingTermination
                0x0000000000001710       0x78 ./freertos/src/tasks.o
 .text.prvAddCurrentTaskToDelayedList
                0x0000000000001788       0x6c ./freertos/src/tasks.o
 .text.prvAllocateTCBAndStack
                0x00000000000017f4       0x62 ./freertos/src/tasks.o
 .text.prvDeleteTCB
                0x0000000000001856       0x20 ./freertos/src/tasks.o
 *fill*         0x0000000000001876        0x2 ff
 .text.xTaskGetCurrentTaskHandle
                0x0000000000001878       0x20 ./freertos/src/tasks.o
                0x0000000000001878                xTaskGetCurrentTaskHandle
 .text.vTaskPriorityInherit
                0x0000000000001898       0xb4 ./freertos/src/tasks.o
                0x0000000000001898                vTaskPriorityInherit
 .text.vTaskPriorityDisinherit
                0x000000000000194c       0x7c ./freertos/src/tasks.o
                0x000000000000194c                vTaskPriorityDisinherit
 .text.second_callback_isr
                0x00000000000019c8       0x1c ./example/src/main.o
 .text.prvSetupHardware
                0x00000000000019e4       0x1c ./example/src/main.o
 .text.sem_task
                0x0000000000001a00       0x3c ./example/src/main.o
 .text.main     0x0000000000001a3c       0x64 ./example/src/main.o
                0x0000000000001a3c                main
 .text.NVIC_EnableIRQ
                0x0000000000001aa0       0x34 ./example/src/ms_timer.o
 .text.NVIC_ClearPendingIRQ
                0x0000000000001ad4       0x34 ./example/src/ms_timer.o
 .text.Chip_GPIO_SetPinState
                0x0000000000001b08       0x6a ./example/src/ms_timer.o
 .text.Chip_GPIO_GetPinState
                0x0000000000001b72       0x3a ./example/src/ms_timer.o
 .text.Chip_GPIO_SetPinDIROutput
                0x0000000000001bac       0x3a ./example/src/ms_timer.o
 .text.Chip_GPIO_SetPinToggle
                0x0000000000001be6       0x4c ./example/src/ms_timer.o
 .text.Chip_TIMER_MatchPending
                0x0000000000001c32       0x34 ./example/src/ms_timer.o
 .text.Chip_TIMER_ClearMatch
                0x0000000000001c66       0x28 ./example/src/ms_timer.o
 .text.Chip_TIMER_Enable
                0x0000000000001c8e       0x20 ./example/src/ms_timer.o
 .text.Chip_TIMER_SetMatch
                0x0000000000001cae       0x28 ./example/src/ms_timer.o
 .text.Chip_TIMER_MatchEnableInt
                0x0000000000001cd6       0x34 ./example/src/ms_timer.o
 .text.Chip_TIMER_ResetOnMatchEnable
                0x0000000000001d0a       0x36 ./example/src/ms_timer.o
 .text.TIMER0_IRQHandler
                0x0000000000001d40       0x48 ./example/src/ms_timer.o
                0x0000000000001d40                TIMER0_IRQHandler
 .text.ms_timer_init
                0x0000000000001d88       0x78 ./example/src/ms_timer.o
                0x0000000000001d88                ms_timer_init
 .text.SystemInit
                0x0000000000001e00       0x28 ./example/src/sysinit.o
                0x0000000000001e00                SystemInit
 .text.Chip_IOCON_Init
                0x0000000000001e28       0x16 /home/tobias/Documents/MCUXpresso_10.1.0_589/workspace/lpc_board_ea_devkit_4088/Debug/liblpc_board_ea_devkit_4088.a(board.o)
 .text.Chip_GPIO_Init
                0x0000000000001e3e       0x16 /home/tobias/Documents/MCUXpresso_10.1.0_589/workspace/lpc_board_ea_devkit_4088/Debug/liblpc_board_ea_devkit_4088.a(board.o)
 .text.Chip_GPIO_SetPinState
                0x0000000000001e54       0x6a /home/tobias/Documents/MCUXpresso_10.1.0_589/workspace/lpc_board_ea_devkit_4088/Debug/liblpc_board_ea_devkit_4088.a(board.o)
 .text.Chip_GPIO_WritePortBit
                0x0000000000001ebe       0x2c /home/tobias/Documents/MCUXpresso_10.1.0_589/workspace/lpc_board_ea_devkit_4088/Debug/liblpc_board_ea_devkit_4088.a(board.o)
 .text.Chip_GPIO_SetPinDIROutput
                0x0000000000001eea       0x3a /home/tobias/Documents/MCUXpresso_10.1.0_589/workspace/lpc_board_ea_devkit_4088/Debug/liblpc_board_ea_devkit_4088.a(board.o)
 .text.Chip_GPIO_SetPinDIRInput
                0x0000000000001f24       0x3c /home/tobias/Documents/MCUXpresso_10.1.0_589/workspace/lpc_board_ea_devkit_4088/Debug/liblpc_board_ea_devkit_4088.a(board.o)
 .text.Chip_GPIO_SetPinDIR
                0x0000000000001f60       0x42 /home/tobias/Documents/MCUXpresso_10.1.0_589/workspace/lpc_board_ea_devkit_4088/Debug/liblpc_board_ea_devkit_4088.a(board.o)
 .text.Chip_GPIO_WriteDirBit
                0x0000000000001fa2       0x2e /home/tobias/Documents/MCUXpresso_10.1.0_589/workspace/lpc_board_ea_devkit_4088/Debug/liblpc_board_ea_devkit_4088.a(board.o)
 .text.Board_LED_Init
                0x0000000000001fd0       0x4c /home/tobias/Documents/MCUXpresso_10.1.0_589/workspace/lpc_board_ea_devkit_4088/Debug/liblpc_board_ea_devkit_4088.a(board.o)
 .text.Board_Init
                0x000000000000201c       0x20 /home/tobias/Documents/MCUXpresso_10.1.0_589/workspace/lpc_board_ea_devkit_4088/Debug/liblpc_board_ea_devkit_4088.a(board.o)
                0x000000000000201c                Board_Init
 .text.Chip_SYSCTL_EnableBoost
                0x000000000000203c       0x1c /home/tobias/Documents/MCUXpresso_10.1.0_589/workspace/lpc_board_ea_devkit_4088/Debug/liblpc_board_ea_devkit_4088.a(board_sysinit.o)
 .text.Chip_Clock_SetEMCClockDiv
                0x0000000000002058       0x24 /home/tobias/Documents/MCUXpresso_10.1.0_589/workspace/lpc_board_ea_devkit_4088/Debug/liblpc_board_ea_devkit_4088.a(board_sysinit.o)
 .text.Chip_IOCON_PinMuxSet
                0x000000000000207c       0x2e /home/tobias/Documents/MCUXpresso_10.1.0_589/workspace/lpc_board_ea_devkit_4088/Debug/liblpc_board_ea_devkit_4088.a(board_sysinit.o)
 *fill*         0x00000000000020aa        0x2 ff
 .text.Board_SetupMuxing
                0x00000000000020ac       0x84 /home/tobias/Documents/MCUXpresso_10.1.0_589/workspace/lpc_board_ea_devkit_4088/Debug/liblpc_board_ea_devkit_4088.a(board_sysinit.o)
                0x00000000000020ac                Board_SetupMuxing
 .text.Board_SetupClocking
                0x0000000000002130       0x1c /home/tobias/Documents/MCUXpresso_10.1.0_589/workspace/lpc_board_ea_devkit_4088/Debug/liblpc_board_ea_devkit_4088.a(board_sysinit.o)
                0x0000000000002130                Board_SetupClocking
 .text.Board_SetupExtMemory
                0x000000000000214c       0x5c /home/tobias/Documents/MCUXpresso_10.1.0_589/workspace/lpc_board_ea_devkit_4088/Debug/liblpc_board_ea_devkit_4088.a(board_sysinit.o)
                0x000000000000214c                Board_SetupExtMemory
 .text.Board_SystemInit
                0x00000000000021a8       0x14 /home/tobias/Documents/MCUXpresso_10.1.0_589/workspace/lpc_board_ea_devkit_4088/Debug/liblpc_board_ea_devkit_4088.a(board_sysinit.o)
                0x00000000000021a8                Board_SystemInit
 .text.SystemCoreClockUpdate
                0x00000000000021bc       0x18 /home/tobias/Documents/MCUXpresso_10.1.0_589/workspace/lpc_chip_40xx/Debug/liblpc_chip_40xx.a(chip_17xx_40xx.o)
                0x00000000000021bc                SystemCoreClockUpdate
 .text.Chip_Clock_IsMainPLLEnabled
                0x00000000000021d4       0x28 /home/tobias/Documents/MCUXpresso_10.1.0_589/workspace/lpc_chip_40xx/Debug/liblpc_chip_40xx.a(clock_17xx_40xx.o)
 .text.Chip_Clock_FeedPLL
                0x00000000000021fc       0x38 /home/tobias/Documents/MCUXpresso_10.1.0_589/workspace/lpc_chip_40xx/Debug/liblpc_chip_40xx.a(clock_17xx_40xx.o)
 .text.Chip_Clock_GetMainPLLSource
                0x0000000000002234       0x20 /home/tobias/Documents/MCUXpresso_10.1.0_589/workspace/lpc_chip_40xx/Debug/liblpc_chip_40xx.a(clock_17xx_40xx.o)
 .text.Chip_Clock_GetMainOscRate
                0x0000000000002254       0x18 /home/tobias/Documents/MCUXpresso_10.1.0_589/workspace/lpc_chip_40xx/Debug/liblpc_chip_40xx.a(clock_17xx_40xx.o)
 .text.Chip_Clock_GetIntOscRate
                0x000000000000226c       0x14 /home/tobias/Documents/MCUXpresso_10.1.0_589/workspace/lpc_chip_40xx/Debug/liblpc_chip_40xx.a(clock_17xx_40xx.o)
 .text.Chip_Clock_GetMainPLLInClockRate
                0x0000000000002280        0xe /home/tobias/Documents/MCUXpresso_10.1.0_589/workspace/lpc_chip_40xx/Debug/liblpc_chip_40xx.a(clock_17xx_40xx.o)
 *fill*         0x000000000000228e        0x2 ff
 .text.Chip_Clock_EnablePLL
                0x0000000000002290       0x44 /home/tobias/Documents/MCUXpresso_10.1.0_589/workspace/lpc_chip_40xx/Debug/liblpc_chip_40xx.a(clock_17xx_40xx.o)
                0x0000000000002290                Chip_Clock_EnablePLL
 .text.Chip_Clock_DisablePLL
                0x00000000000022d4       0x48 /home/tobias/Documents/MCUXpresso_10.1.0_589/workspace/lpc_chip_40xx/Debug/liblpc_chip_40xx.a(clock_17xx_40xx.o)
                0x00000000000022d4                Chip_Clock_DisablePLL
 .text.Chip_Clock_SetupPLL
                0x000000000000231c       0x4c /home/tobias/Documents/MCUXpresso_10.1.0_589/workspace/lpc_chip_40xx/Debug/liblpc_chip_40xx.a(clock_17xx_40xx.o)
                0x000000000000231c                Chip_Clock_SetupPLL
 .text.Chip_Clock_EnablePeriphClock
                0x0000000000002368       0x54 /home/tobias/Documents/MCUXpresso_10.1.0_589/workspace/lpc_chip_40xx/Debug/liblpc_chip_40xx.a(clock_17xx_40xx.o)
                0x0000000000002368                Chip_Clock_EnablePeriphClock
 .text.Chip_Clock_SetCPUClockSource
                0x00000000000023bc       0x44 /home/tobias/Documents/MCUXpresso_10.1.0_589/workspace/lpc_chip_40xx/Debug/liblpc_chip_40xx.a(clock_17xx_40xx.o)
                0x00000000000023bc                Chip_Clock_SetCPUClockSource
 .text.Chip_Clock_GetCPUClockSource
                0x0000000000002400       0x30 /home/tobias/Documents/MCUXpresso_10.1.0_589/workspace/lpc_chip_40xx/Debug/liblpc_chip_40xx.a(clock_17xx_40xx.o)
                0x0000000000002400                Chip_Clock_GetCPUClockSource
 .text.Chip_Clock_SetCPUClockDiv
                0x0000000000002430       0x30 /home/tobias/Documents/MCUXpresso_10.1.0_589/workspace/lpc_chip_40xx/Debug/liblpc_chip_40xx.a(clock_17xx_40xx.o)
                0x0000000000002430                Chip_Clock_SetCPUClockDiv
 .text.Chip_Clock_GetCPUClockDiv
                0x0000000000002460       0x1c /home/tobias/Documents/MCUXpresso_10.1.0_589/workspace/lpc_chip_40xx/Debug/liblpc_chip_40xx.a(clock_17xx_40xx.o)
                0x0000000000002460                Chip_Clock_GetCPUClockDiv
 .text.Chip_Clock_GetSYSCLKRate
                0x000000000000247c       0x2a /home/tobias/Documents/MCUXpresso_10.1.0_589/workspace/lpc_chip_40xx/Debug/liblpc_chip_40xx.a(clock_17xx_40xx.o)
                0x000000000000247c                Chip_Clock_GetSYSCLKRate
 *fill*         0x00000000000024a6        0x2 ff
 .text.Chip_Clock_GetMainPLLOutClockRate
                0x00000000000024a8       0x40 /home/tobias/Documents/MCUXpresso_10.1.0_589/workspace/lpc_chip_40xx/Debug/liblpc_chip_40xx.a(clock_17xx_40xx.o)
                0x00000000000024a8                Chip_Clock_GetMainPLLOutClockRate
 .text.Chip_Clock_GetMainClockRate
                0x00000000000024e8       0x28 /home/tobias/Documents/MCUXpresso_10.1.0_589/workspace/lpc_chip_40xx/Debug/liblpc_chip_40xx.a(clock_17xx_40xx.o)
                0x00000000000024e8                Chip_Clock_GetMainClockRate
 .text.Chip_Clock_GetSystemClockRate
                0x0000000000002510       0x18 /home/tobias/Documents/MCUXpresso_10.1.0_589/workspace/lpc_chip_40xx/Debug/liblpc_chip_40xx.a(clock_17xx_40xx.o)
                0x0000000000002510                Chip_Clock_GetSystemClockRate
 .text.Chip_Clock_SetSPIFIClockSource
                0x0000000000002528       0x34 /home/tobias/Documents/MCUXpresso_10.1.0_589/workspace/lpc_chip_40xx/Debug/liblpc_chip_40xx.a(clock_17xx_40xx.o)
                0x0000000000002528                Chip_Clock_SetSPIFIClockSource
 .text.Chip_Clock_SetSPIFIClockDiv
                0x000000000000255c       0x30 /home/tobias/Documents/MCUXpresso_10.1.0_589/workspace/lpc_chip_40xx/Debug/liblpc_chip_40xx.a(clock_17xx_40xx.o)
                0x000000000000255c                Chip_Clock_SetSPIFIClockDiv
 .text.Chip_Clock_GetEMCClockDiv
                0x000000000000258c       0x1c /home/tobias/Documents/MCUXpresso_10.1.0_589/workspace/lpc_chip_40xx/Debug/liblpc_chip_40xx.a(emc_17xx_40xx.o)
 .text.Chip_Clock_GetEMCClockRate
                0x00000000000025a8       0x18 /home/tobias/Documents/MCUXpresso_10.1.0_589/workspace/lpc_chip_40xx/Debug/liblpc_chip_40xx.a(emc_17xx_40xx.o)
 .text.convertTimmingParam
                0x00000000000025c0       0x6c /home/tobias/Documents/MCUXpresso_10.1.0_589/workspace/lpc_chip_40xx/Debug/liblpc_chip_40xx.a(emc_17xx_40xx.o)
 .text.getColsLen
                0x000000000000262c       0x4e /home/tobias/Documents/MCUXpresso_10.1.0_589/workspace/lpc_chip_40xx/Debug/liblpc_chip_40xx.a(emc_17xx_40xx.o)
 .text.initDynMem
                0x000000000000267a      0x292 /home/tobias/Documents/MCUXpresso_10.1.0_589/workspace/lpc_chip_40xx/Debug/liblpc_chip_40xx.a(emc_17xx_40xx.o)
                0x000000000000267a                initDynMem
 .text.initStaticMem
                0x000000000000290c       0xb0 /home/tobias/Documents/MCUXpresso_10.1.0_589/workspace/lpc_chip_40xx/Debug/liblpc_chip_40xx.a(emc_17xx_40xx.o)
                0x000000000000290c                initStaticMem
 .text.Chip_EMC_Dynamic_Init
                0x00000000000029bc       0x24 /home/tobias/Documents/MCUXpresso_10.1.0_589/workspace/lpc_chip_40xx/Debug/liblpc_chip_40xx.a(emc_17xx_40xx.o)
                0x00000000000029bc                Chip_EMC_Dynamic_Init
 .text.Chip_EMC_Static_Init
                0x00000000000029e0       0x24 /home/tobias/Documents/MCUXpresso_10.1.0_589/workspace/lpc_chip_40xx/Debug/liblpc_chip_40xx.a(emc_17xx_40xx.o)
                0x00000000000029e0                Chip_EMC_Static_Init
 .text.Chip_EMC_Init
                0x0000000000002a04       0x50 /home/tobias/Documents/MCUXpresso_10.1.0_589/workspace/lpc_chip_40xx/Debug/liblpc_chip_40xx.a(emc_17xx_40xx.o)
                0x0000000000002a04                Chip_EMC_Init
 .text.fpuInit  0x0000000000002a54       0x74 /home/tobias/Documents/MCUXpresso_10.1.0_589/workspace/lpc_chip_40xx/Debug/liblpc_chip_40xx.a(fpu_init.o)
                0x0000000000002a54                fpuInit
 .text.Chip_IOCON_PinMuxSet
                0x0000000000002ac8       0x2e /home/tobias/Documents/MCUXpresso_10.1.0_589/workspace/lpc_chip_40xx/Debug/liblpc_chip_40xx.a(iocon_17xx_40xx.o)
 .text.Chip_IOCON_SetPinMuxing
                0x0000000000002af6       0x62 /home/tobias/Documents/MCUXpresso_10.1.0_589/workspace/lpc_chip_40xx/Debug/liblpc_chip_40xx.a(iocon_17xx_40xx.o)
                0x0000000000002af6                Chip_IOCON_SetPinMuxing
 .text.Chip_SYSCTL_PeriphReset
                0x0000000000002b58       0x68 /home/tobias/Documents/MCUXpresso_10.1.0_589/workspace/lpc_chip_40xx/Debug/liblpc_chip_40xx.a(sysctl_17xx_40xx.o)
                0x0000000000002b58                Chip_SYSCTL_PeriphReset
 .text.Chip_Clock_IsMainPLLEnabled
                0x0000000000002bc0       0x28 /home/tobias/Documents/MCUXpresso_10.1.0_589/workspace/lpc_chip_40xx/Debug/liblpc_chip_40xx.a(sysinit_17xx_40xx.o)
 .text.Chip_Clock_IsMainPLLLocked
                0x0000000000002be8       0x28 /home/tobias/Documents/MCUXpresso_10.1.0_589/workspace/lpc_chip_40xx/Debug/liblpc_chip_40xx.a(sysinit_17xx_40xx.o)
 .text.Chip_Clock_EnableCrystal
                0x0000000000002c10       0x24 /home/tobias/Documents/MCUXpresso_10.1.0_589/workspace/lpc_chip_40xx/Debug/liblpc_chip_40xx.a(sysinit_17xx_40xx.o)
 .text.Chip_Clock_IsCrystalEnabled
                0x0000000000002c34       0x28 /home/tobias/Documents/MCUXpresso_10.1.0_589/workspace/lpc_chip_40xx/Debug/liblpc_chip_40xx.a(sysinit_17xx_40xx.o)
 .text.Chip_Clock_SetMainPLLSource
                0x0000000000002c5c       0x24 /home/tobias/Documents/MCUXpresso_10.1.0_589/workspace/lpc_chip_40xx/Debug/liblpc_chip_40xx.a(sysinit_17xx_40xx.o)
 .text.Chip_Clock_SetPCLKDiv
                0x0000000000002c80       0x20 /home/tobias/Documents/MCUXpresso_10.1.0_589/workspace/lpc_chip_40xx/Debug/liblpc_chip_40xx.a(sysinit_17xx_40xx.o)
 .text.Chip_SetupXtalClocking
                0x0000000000002ca0       0x82 /home/tobias/Documents/MCUXpresso_10.1.0_589/workspace/lpc_chip_40xx/Debug/liblpc_chip_40xx.a(sysinit_17xx_40xx.o)
                0x0000000000002ca0                Chip_SetupXtalClocking
 *fill*         0x0000000000002d22        0x2 ff
 .text.Chip_Timer_GetClockIndex
                0x0000000000002d24       0x50 /home/tobias/Documents/MCUXpresso_10.1.0_589/workspace/lpc_chip_40xx/Debug/liblpc_chip_40xx.a(timer_17xx_40xx.o)
 .text.Chip_TIMER_Init
                0x0000000000002d74       0x1e /home/tobias/Documents/MCUXpresso_10.1.0_589/workspace/lpc_chip_40xx/Debug/liblpc_chip_40xx.a(timer_17xx_40xx.o)
                0x0000000000002d74                Chip_TIMER_Init
 .text.Chip_TIMER_Reset
                0x0000000000002d92       0x3c /home/tobias/Documents/MCUXpresso_10.1.0_589/workspace/lpc_chip_40xx/Debug/liblpc_chip_40xx.a(timer_17xx_40xx.o)
                0x0000000000002d92                Chip_TIMER_Reset
 .text.__main   0x0000000000002dce        0xe /usr/local/mcuxpressoide-10.1.0_589/ide/tools/bin/../lib/gcc/arm-none-eabi/6.3.1/../../../../arm-none-eabi/lib/thumb/v7e-m/fpv4-sp/softfp/libcr_semihost_nf.a(_cr__main.o)
                0x0000000000002dce                __main
                0x0000000000002dce                __CR_SEMIHOST
 .text.memcpy   0x0000000000002ddc        0x4 /usr/local/mcuxpressoide-10.1.0_589/ide/tools/bin/../lib/gcc/arm-none-eabi/6.3.1/../../../../arm-none-eabi/lib/thumb/v7e-m/fpv4-sp/softfp/libcr_c.a(memcpy.o)
                0x0000000000002ddc                memcpy
 .text.memset   0x0000000000002de0        0x4 /usr/local/mcuxpressoide-10.1.0_589/ide/tools/bin/../lib/gcc/arm-none-eabi/6.3.1/../../../../arm-none-eabi/lib/thumb/v7e-m/fpv4-sp/softfp/libcr_c.a(memset.o)
                0x0000000000002de0                memset
 .text.malloc   0x0000000000002de4       0xc4 /usr/local/mcuxpressoide-10.1.0_589/ide/tools/bin/../lib/gcc/arm-none-eabi/6.3.1/../../../../arm-none-eabi/lib/thumb/v7e-m/fpv4-sp/softfp/libcr_c.a(alloc.o)
                0x0000000000002de4                malloc
 .text.free     0x0000000000002ea8       0x30 /usr/local/mcuxpressoide-10.1.0_589/ide/tools/bin/../lib/gcc/arm-none-eabi/6.3.1/../../../../arm-none-eabi/lib/thumb/v7e-m/fpv4-sp/softfp/libcr_c.a(alloc.o)
                0x0000000000002ea8                free
 .text._Csys_alloc
                0x0000000000002ed8       0x20 /usr/local/mcuxpressoide-10.1.0_589/ide/tools/bin/../lib/gcc/arm-none-eabi/6.3.1/../../../../arm-none-eabi/lib/thumb/v7e-m/fpv4-sp/softfp/libcr_c.a(alloc.o)
                0x0000000000002ed8                _Csys_alloc
 .text.fp_round
                0x0000000000002ef8       0x4e /usr/local/mcuxpressoide-10.1.0_589/ide/tools/bin/../lib/gcc/arm-none-eabi/6.3.1/../../../../arm-none-eabi/lib/thumb/v7e-m/fpv4-sp/softfp/libcr_c.a(fpprintf.o)
 .text.pr_dec.constprop.1
                0x0000000000002f46       0x26 /usr/local/mcuxpressoide-10.1.0_589/ide/tools/bin/../lib/gcc/arm-none-eabi/6.3.1/../../../../arm-none-eabi/lib/thumb/v7e-m/fpv4-sp/softfp/libcr_c.a(fpprintf.o)
 .text.sprintf  0x0000000000002f6c       0x6c /usr/local/mcuxpressoide-10.1.0_589/ide/tools/bin/../lib/gcc/arm-none-eabi/6.3.1/../../../../arm-none-eabi/lib/thumb/v7e-m/fpv4-sp/softfp/libcr_c.a(fpprintf.o)
                0x0000000000002f6c                sprintf
 .text.fp_display
                0x0000000000002fd8      0x964 /usr/local/mcuxpressoide-10.1.0_589/ide/tools/bin/../lib/gcc/arm-none-eabi/6.3.1/../../../../arm-none-eabi/lib/thumb/v7e-m/fpv4-sp/softfp/libcr_c.a(fpprintf.o)
 .text.vsnprintf
                0x000000000000393c       0x5c /usr/local/mcuxpressoide-10.1.0_589/ide/tools/bin/../lib/gcc/arm-none-eabi/6.3.1/../../../../arm-none-eabi/lib/thumb/v7e-m/fpv4-sp/softfp/libcr_c.a(fpprintf.o)
                0x000000000000393c                vsnprintf
 .text.printf   0x0000000000003998       0x54 /usr/local/mcuxpressoide-10.1.0_589/ide/tools/bin/../lib/gcc/arm-none-eabi/6.3.1/../../../../arm-none-eabi/lib/thumb/v7e-m/fpv4-sp/softfp/libcr_c.a(fpprintf.o)
                0x0000000000003998                printf
 .text._initio  0x00000000000039ec       0x78 /usr/local/mcuxpressoide-10.1.0_589/ide/tools/bin/../lib/gcc/arm-none-eabi/6.3.1/../../../../arm-none-eabi/lib/thumb/v7e-m/fpv4-sp/softfp/libcr_c.a(initio.o)
                0x00000000000039ec                _initio
 .text.__vfprintf
                0x0000000000003a64      0xb7c /usr/local/mcuxpressoide-10.1.0_589/ide/tools/bin/../lib/gcc/arm-none-eabi/6.3.1/../../../../arm-none-eabi/lib/thumb/v7e-m/fpv4-sp/softfp/libcr_c.a(printf.o)
                0x0000000000003a64                __vfprintf
 .text.setvbuf  0x00000000000045e0       0x40 /usr/local/mcuxpressoide-10.1.0_589/ide/tools/bin/../lib/gcc/arm-none-eabi/6.3.1/../../../../arm-none-eabi/lib/thumb/v7e-m/fpv4-sp/softfp/libcr_c.a(setvbuf.o)
                0x00000000000045e0                setvbuf
 .text.strlen   0x0000000000004620       0x4a /usr/local/mcuxpressoide-10.1.0_589/ide/tools/bin/../lib/gcc/arm-none-eabi/6.3.1/../../../../arm-none-eabi/lib/thumb/v7e-m/fpv4-sp/softfp/libcr_c.a(strlen.o)
                0x0000000000004620                strlen
 *fill*         0x000000000000466a        0x2 ff
 .text._sbrk    0x000000000000466c       0x3c /usr/local/mcuxpressoide-10.1.0_589/ide/tools/bin/../lib/gcc/arm-none-eabi/6.3.1/../../../../arm-none-eabi/lib/thumb/v7e-m/fpv4-sp/softfp/libcr_c.a(_cr_sbrk.o)
                0x000000000000466c                _sbrk
 .text._deferredlazyseek
                0x00000000000046a8       0x40 /usr/local/mcuxpressoide-10.1.0_589/ide/tools/bin/../lib/gcc/arm-none-eabi/6.3.1/../../../../arm-none-eabi/lib/thumb/v7e-m/fpv4-sp/softfp/libcr_c.a(_deferredlazyseek.o)
                0x00000000000046a8                _deferredlazyseek
 .text.__flsbuf
                0x00000000000046e8      0x148 /usr/local/mcuxpressoide-10.1.0_589/ide/tools/bin/../lib/gcc/arm-none-eabi/6.3.1/../../../../arm-none-eabi/lib/thumb/v7e-m/fpv4-sp/softfp/libcr_c.a(_deferredlazyseek.o)
                0x00000000000046e8                __flsbuf
 .text._fdopen  0x0000000000004830       0x68 /usr/local/mcuxpressoide-10.1.0_589/ide/tools/bin/../lib/gcc/arm-none-eabi/6.3.1/../../../../arm-none-eabi/lib/thumb/v7e-m/fpv4-sp/softfp/libcr_c.a(_fdopen.o)
                0x0000000000004830                _fdopen
 .text._fflush  0x0000000000004898       0x54 /usr/local/mcuxpressoide-10.1.0_589/ide/tools/bin/../lib/gcc/arm-none-eabi/6.3.1/../../../../arm-none-eabi/lib/thumb/v7e-m/fpv4-sp/softfp/libcr_c.a(_fflush.o)
                0x0000000000004898                _fflush
 .text._frexpl  0x00000000000048ec       0x58 /usr/local/mcuxpressoide-10.1.0_589/ide/tools/bin/../lib/gcc/arm-none-eabi/6.3.1/../../../../arm-none-eabi/lib/thumb/v7e-m/fpv4-sp/softfp/libcr_c.a(_frexpl.o)
                0x00000000000048ec                _frexpl
 .text._ldexpl  0x0000000000004944       0x4c /usr/local/mcuxpressoide-10.1.0_589/ide/tools/bin/../lib/gcc/arm-none-eabi/6.3.1/../../../../arm-none-eabi/lib/thumb/v7e-m/fpv4-sp/softfp/libcr_c.a(_ldexpl.o)
                0x0000000000004944                _ldexpl
 .text._Cwritebuf
                0x0000000000004990       0x6c /usr/local/mcuxpressoide-10.1.0_589/ide/tools/bin/../lib/gcc/arm-none-eabi/6.3.1/../../../../arm-none-eabi/lib/thumb/v7e-m/fpv4-sp/softfp/libcr_c.a(_writebuf.o)
                0x0000000000004990                _Cwritebuf
 .text.fclose   0x00000000000049fc       0x58 /usr/local/mcuxpressoide-10.1.0_589/ide/tools/bin/../lib/gcc/arm-none-eabi/6.3.1/../../../../arm-none-eabi/lib/thumb/v7e-m/fpv4-sp/softfp/libcr_c.a(fclose.o)
                0x00000000000049fc                fclose
 .text.fflush   0x0000000000004a54       0x44 /usr/local/mcuxpressoide-10.1.0_589/ide/tools/bin/../lib/gcc/arm-none-eabi/6.3.1/../../../../arm-none-eabi/lib/thumb/v7e-m/fpv4-sp/softfp/libcr_c.a(fflush.o)
                0x0000000000004a54                fflush
 .text.fseek    0x0000000000004a98      0x100 /usr/local/mcuxpressoide-10.1.0_589/ide/tools/bin/../lib/gcc/arm-none-eabi/6.3.1/../../../../arm-none-eabi/lib/thumb/v7e-m/fpv4-sp/softfp/libcr_c.a(fseek.o)
                0x0000000000004a98                fseek
 .text.ftell    0x0000000000004b98       0x48 /usr/local/mcuxpressoide-10.1.0_589/ide/tools/bin/../lib/gcc/arm-none-eabi/6.3.1/../../../../arm-none-eabi/lib/thumb/v7e-m/fpv4-sp/softfp/libcr_c.a(ftell.o)
                0x0000000000004b98                ftell
 .text.remove   0x0000000000004be0       0x14 /usr/local/mcuxpressoide-10.1.0_589/ide/tools/bin/../lib/gcc/arm-none-eabi/6.3.1/../../../../arm-none-eabi/lib/thumb/v7e-m/fpv4-sp/softfp/libcr_c.a(remove.o)
                0x0000000000004be0                remove
 .text.__check_heap_overflow
                0x0000000000004bf4       0x18 /usr/local/mcuxpressoide-10.1.0_589/ide/tools/bin/../lib/gcc/arm-none-eabi/6.3.1/../../../../arm-none-eabi/lib/thumb/v7e-m/fpv4-sp/softfp/libcr_c.a(_cr_check_heap.o)
                0x0000000000004bf4                __check_heap_overflow
 .text._do_fflush
                0x0000000000004c0c       0x40 /usr/local/mcuxpressoide-10.1.0_589/ide/tools/bin/../lib/gcc/arm-none-eabi/6.3.1/../../../../arm-none-eabi/lib/thumb/v7e-m/fpv4-sp/softfp/libcr_c.a(_do_fflush.o)
                0x0000000000004c0c                _do_fflush
 .text.__aeabi_dmul
                0x0000000000004c4c      0x118 /usr/local/mcuxpressoide-10.1.0_589/ide/tools/bin/../lib/gcc/arm-none-eabi/6.3.1/thumb/v7e-m/fpv4-sp/softfp/libcr_eabihelpers.a(double.o)
                0x0000000000004c4c                __aeabi_dmul
 .text.__aeabi_ddiv
                0x0000000000004d64      0x13c /usr/local/mcuxpressoide-10.1.0_589/ide/tools/bin/../lib/gcc/arm-none-eabi/6.3.1/thumb/v7e-m/fpv4-sp/softfp/libcr_eabihelpers.a(double.o)
                0x0000000000004d64                __aeabi_ddiv
 .text.__aeabi_dsub
                0x0000000000004ea0      0x1cc /usr/local/mcuxpressoide-10.1.0_589/ide/tools/bin/../lib/gcc/arm-none-eabi/6.3.1/thumb/v7e-m/fpv4-sp/softfp/libcr_eabihelpers.a(double.o)
                0x0000000000004ea0                __aeabi_dsub
 .text.__aeabi_dadd
                0x000000000000506c      0x114 /usr/local/mcuxpressoide-10.1.0_589/ide/tools/bin/../lib/gcc/arm-none-eabi/6.3.1/thumb/v7e-m/fpv4-sp/softfp/libcr_eabihelpers.a(double.o)
                0x000000000000506c                __aeabi_dadd
 .text.__aeabi_d2iz
                0x0000000000005180       0x40 /usr/local/mcuxpressoide-10.1.0_589/ide/tools/bin/../lib/gcc/arm-none-eabi/6.3.1/thumb/v7e-m/fpv4-sp/softfp/libcr_eabihelpers.a(double.o)
                0x0000000000005180                __aeabi_d2iz
 .text.__bhs_ui2d
                0x00000000000051c0       0x46 /usr/local/mcuxpressoide-10.1.0_589/ide/tools/bin/../lib/gcc/arm-none-eabi/6.3.1/thumb/v7e-m/fpv4-sp/softfp/libcr_eabihelpers.a(double.o)
                0x00000000000051c0                __bhs_ui2d
 .text.__aeabi_i2d
                0x0000000000005206       0x12 /usr/local/mcuxpressoide-10.1.0_589/ide/tools/bin/../lib/gcc/arm-none-eabi/6.3.1/thumb/v7e-m/fpv4-sp/softfp/libcr_eabihelpers.a(double.o)
                0x0000000000005206                __aeabi_i2d
 .text.__aeabi_dcmpeq
                0x0000000000005218       0x30 /usr/local/mcuxpressoide-10.1.0_589/ide/tools/bin/../lib/gcc/arm-none-eabi/6.3.1/thumb/v7e-m/fpv4-sp/softfp/libcr_eabihelpers.a(double.o)
                0x0000000000005218                __aeabi_dcmpeq
 .text.__aeabi_dcmplt
                0x0000000000005248       0x58 /usr/local/mcuxpressoide-10.1.0_589/ide/tools/bin/../lib/gcc/arm-none-eabi/6.3.1/thumb/v7e-m/fpv4-sp/softfp/libcr_eabihelpers.a(double.o)
                0x0000000000005248                __aeabi_dcmplt
 .text.__aeabi_dcmple
                0x00000000000052a0       0x54 /usr/local/mcuxpressoide-10.1.0_589/ide/tools/bin/../lib/gcc/arm-none-eabi/6.3.1/thumb/v7e-m/fpv4-sp/softfp/libcr_eabihelpers.a(double.o)
                0x00000000000052a0                __aeabi_dcmple
 .text.__aeabi_dcmpge
                0x00000000000052f4       0x54 /usr/local/mcuxpressoide-10.1.0_589/ide/tools/bin/../lib/gcc/arm-none-eabi/6.3.1/thumb/v7e-m/fpv4-sp/softfp/libcr_eabihelpers.a(double.o)
                0x00000000000052f4                __aeabi_dcmpge
 .text.__aeabi_memcpy
                0x0000000000005348       0x34 /usr/local/mcuxpressoide-10.1.0_589/ide/tools/bin/../lib/gcc/arm-none-eabi/6.3.1/thumb/v7e-m/fpv4-sp/softfp/libcr_eabihelpers.a(memcpy.o)
                0x0000000000005348                __aeabi_memcpy
                0x0000000000005352                __aeabi_memcpy4
                0x0000000000005352                __aeabi_memcpy8
 .text.__aeabi_memset_lowlevel
                0x000000000000537c       0x32 /usr/local/mcuxpressoide-10.1.0_589/ide/tools/bin/../lib/gcc/arm-none-eabi/6.3.1/thumb/v7e-m/fpv4-sp/softfp/libcr_eabihelpers.a(memcpy.o)
                0x000000000000537c                __aeabi_lowlevel_memset
 *fill*         0x00000000000053ae        0x2 ff
 .text.__sys_appexit
                0x00000000000053b0        0xc /usr/local/mcuxpressoide-10.1.0_589/ide/tools/bin/../lib/gcc/arm-none-eabi/6.3.1/../../../../arm-none-eabi/lib/thumb/v7e-m/fpv4-sp/softfp/libcr_semihost_nf.a(__sys_appexit.o)
                0x00000000000053b0                __exit
                0x00000000000053b0                __sys_appexit
 .text.__sys_close
                0x00000000000053bc        0xc /usr/local/mcuxpressoide-10.1.0_589/ide/tools/bin/../lib/gcc/arm-none-eabi/6.3.1/../../../../arm-none-eabi/lib/thumb/v7e-m/fpv4-sp/softfp/libcr_semihost_nf.a(__sys_close.o)
                0x00000000000053bc                __sys_close
 .text.__sys_flen
                0x00000000000053c8        0xc /usr/local/mcuxpressoide-10.1.0_589/ide/tools/bin/../lib/gcc/arm-none-eabi/6.3.1/../../../../arm-none-eabi/lib/thumb/v7e-m/fpv4-sp/softfp/libcr_semihost_nf.a(__sys_flen.o)
                0x00000000000053c8                __sys_flen
 .text.__sys_istty
                0x00000000000053d4        0xc /usr/local/mcuxpressoide-10.1.0_589/ide/tools/bin/../lib/gcc/arm-none-eabi/6.3.1/../../../../arm-none-eabi/lib/thumb/v7e-m/fpv4-sp/softfp/libcr_semihost_nf.a(__sys_istty.o)
                0x00000000000053d4                __sys_istty
 .text.__sys_remove
                0x00000000000053e0        0xc /usr/local/mcuxpressoide-10.1.0_589/ide/tools/bin/../lib/gcc/arm-none-eabi/6.3.1/../../../../arm-none-eabi/lib/thumb/v7e-m/fpv4-sp/softfp/libcr_semihost_nf.a(__sys_remove.o)
                0x00000000000053e0                __sys_remove
 .text.__sys_seek
                0x00000000000053ec        0xc /usr/local/mcuxpressoide-10.1.0_589/ide/tools/bin/../lib/gcc/arm-none-eabi/6.3.1/../../../../arm-none-eabi/lib/thumb/v7e-m/fpv4-sp/softfp/libcr_semihost_nf.a(__sys_seek.o)
                0x00000000000053ec                __sys_seek
 .text.__sys_tmpnam
                0x00000000000053f8        0xc /usr/local/mcuxpressoide-10.1.0_589/ide/tools/bin/../lib/gcc/arm-none-eabi/6.3.1/../../../../arm-none-eabi/lib/thumb/v7e-m/fpv4-sp/softfp/libcr_semihost_nf.a(__sys_tmpnam.o)
                0x00000000000053f8                __sys_tmpnam
 .text.__sys_write
                0x0000000000005404        0xc /usr/local/mcuxpressoide-10.1.0_589/ide/tools/bin/../lib/gcc/arm-none-eabi/6.3.1/../../../../arm-none-eabi/lib/thumb/v7e-m/fpv4-sp/softfp/libcr_semihost_nf.a(__sys_write.o)
                0x0000000000005404                __sys_write
 *(.rodata .rodata.* .constdata .constdata.*)
 .rodata        0x0000000000005410        0x5 ./freertos/src/tasks.o
 *fill*         0x0000000000005415        0x3 ff
 .rodata        0x0000000000005418       0x15 ./example/src/main.o
 *fill*         0x000000000000542d        0x3 ff
 .rodata.ledBits
                0x0000000000005430        0x2 /home/tobias/Documents/MCUXpresso_10.1.0_589/workspace/lpc_board_ea_devkit_4088/Debug/liblpc_board_ea_devkit_4088.a(board.o)
 *fill*         0x0000000000005432        0x2 ff
 .rodata.OscRateIn
                0x0000000000005434        0x4 /home/tobias/Documents/MCUXpresso_10.1.0_589/workspace/lpc_board_ea_devkit_4088/Debug/liblpc_board_ea_devkit_4088.a(board.o)
                0x0000000000005434                OscRateIn
 .rodata.pinmuxing
                0x0000000000005438       0x88 /home/tobias/Documents/MCUXpresso_10.1.0_589/workspace/lpc_board_ea_devkit_4088/Debug/liblpc_board_ea_devkit_4088.a(board_sysinit.o)
 .rodata.IS42S32800D_config
                0x00000000000054c0       0x74 /home/tobias/Documents/MCUXpresso_10.1.0_589/workspace/lpc_board_ea_devkit_4088/Debug/liblpc_board_ea_devkit_4088.a(board_sysinit.o)
 .rodata.SST39VF320_config
                0x0000000000005534       0x20 /home/tobias/Documents/MCUXpresso_10.1.0_589/workspace/lpc_board_ea_devkit_4088/Debug/liblpc_board_ea_devkit_4088.a(board_sysinit.o)
 .rodata.K9F1G_config
                0x0000000000005554       0x20 /home/tobias/Documents/MCUXpresso_10.1.0_589/workspace/lpc_board_ea_devkit_4088/Debug/liblpc_board_ea_devkit_4088.a(board_sysinit.o)
 .rodata._Csys_alloc.str1.1
                0x0000000000005574       0x18 /usr/local/mcuxpressoide-10.1.0_589/ide/tools/bin/../lib/gcc/arm-none-eabi/6.3.1/../../../../arm-none-eabi/lib/thumb/v7e-m/fpv4-sp/softfp/libcr_c.a(alloc.o)
 .rodata.fp_display.str1.1
                0x000000000000558c       0x34 /usr/local/mcuxpressoide-10.1.0_589/ide/tools/bin/../lib/gcc/arm-none-eabi/6.3.1/../../../../arm-none-eabi/lib/thumb/v7e-m/fpv4-sp/softfp/libcr_c.a(fpprintf.o)
                                         0x35 (size before relaxing)
 .rodata._initio.str1.1
                0x00000000000055c0        0x4 /usr/local/mcuxpressoide-10.1.0_589/ide/tools/bin/../lib/gcc/arm-none-eabi/6.3.1/../../../../arm-none-eabi/lib/thumb/v7e-m/fpv4-sp/softfp/libcr_c.a(initio.o)
 .rodata.__vfprintf.str1.1
                0x00000000000055c4       0x31 /usr/local/mcuxpressoide-10.1.0_589/ide/tools/bin/../lib/gcc/arm-none-eabi/6.3.1/../../../../arm-none-eabi/lib/thumb/v7e-m/fpv4-sp/softfp/libcr_c.a(printf.o)
                                         0x38 (size before relaxing)
 *fill*         0x00000000000055f5        0x3 ff
 .rodata.__huge_vall
                0x00000000000055f8        0x8 /usr/local/mcuxpressoide-10.1.0_589/ide/tools/bin/../lib/gcc/arm-none-eabi/6.3.1/../../../../arm-none-eabi/lib/thumb/v7e-m/fpv4-sp/softfp/libcr_c.a(_hugeval.o)
                0x00000000000055f8                __huge_vall
 .rodata.__num_Ciob_streams
                0x0000000000005600        0x4 /usr/local/mcuxpressoide-10.1.0_589/ide/tools/bin/../lib/gcc/arm-none-eabi/6.3.1/../../../../arm-none-eabi/lib/thumb/v7e-m/fpv4-sp/softfp/libcr_semihost_nf.a(__ciob.o)
                0x0000000000005600                __num_Ciob_streams
                0x0000000000005604                . = ALIGN (0x4)

.glue_7         0x0000000000005604        0x0
 .glue_7        0x0000000000005604        0x0 linker stubs

.glue_7t        0x0000000000005604        0x0
 .glue_7t       0x0000000000005604        0x0 linker stubs

.vfp11_veneer   0x0000000000005604        0x0
 .vfp11_veneer  0x0000000000005604        0x0 linker stubs

.v4_bx          0x0000000000005604        0x0
 .v4_bx         0x0000000000005604        0x0 linker stubs

.iplt           0x0000000000005604        0x0
 .iplt          0x0000000000005604        0x0 ./freertos/src/FreeRTOSCommonHooks.o

.rel.dyn        0x0000000000005604        0x0
 .rel.iplt      0x0000000000005604        0x0 ./freertos/src/FreeRTOSCommonHooks.o

.ARM.extab
 *(.ARM.extab* .gnu.linkonce.armextab.*)
                0x0000000000005604                __exidx_start = .

.ARM.exidx
 *(.ARM.exidx* .gnu.linkonce.armexidx.*)
                0x0000000000005604                __exidx_end = .
                0x0000000000005604                _etext = .

.data_RAM2      0x0000000020000000        0x0 load address 0x0000000000005604
 FILL mask 0xff
                [!provide]                        PROVIDE (__start_data_RAM2, .)
 *(.ramfunc.$RAM2)
 *(.ramfunc.$RamPeriph32)
 *(.data.$RAM2*)
 *(.data.$RamPeriph32*)
                0x0000000020000000                . = ALIGN (0x4)
                [!provide]                        PROVIDE (__end_data_RAM2, .)

.uninit_RESERVED
                0x0000000010000000        0x0
 *(.bss.$RESERVED*)
                0x0000000010000000                . = ALIGN (0x4)
                0x0000000010000000                _end_uninit_RESERVED = .

.data           0x0000000010000000        0x8 load address 0x0000000000005604
 FILL mask 0xff
                0x0000000010000000                _data = .
 *(vtable)
 *(.ramfunc*)
 *(.data*)
 .data.uxCriticalNesting
                0x0000000010000000        0x4 ./freertos/src/port.o
 .data.xNextTaskUnblockTime
                0x0000000010000004        0x4 ./freertos/src/tasks.o
                0x0000000010000008                . = ALIGN (0x4)
                0x0000000010000008                _edata = .

.igot.plt       0x0000000010000008        0x0 load address 0x000000000000560c
 .igot.plt      0x0000000010000008        0x0 ./freertos/src/FreeRTOSCommonHooks.o

.bss_RAM2       0x0000000020000000        0x0
                [!provide]                        PROVIDE (__start_bss_RAM2, .)
 *(.bss.$RAM2*)
 *(.bss.$RamPeriph32*)
                0x0000000020000000                . = ALIGN ((. != 0x0)?0x4:0x1)
                [!provide]                        PROVIDE (__end_bss_RAM2, .)

.bss            0x0000000010000008      0x214
                0x0000000010000008                _bss = .
 *(.bss*)
 .bss.ulTimerCountsForOneTick
                0x0000000010000008        0x4 ./freertos/src/port.o
 .bss.xMaximumPossibleSuppressedTicks
                0x000000001000000c        0x4 ./freertos/src/port.o
 .bss.ulStoppedTimerCompensation
                0x0000000010000010        0x4 ./freertos/src/port.o
 .bss.pxCurrentTCB
                0x0000000010000014        0x4 ./freertos/src/tasks.o
                0x0000000010000014                pxCurrentTCB
 .bss.pxReadyTasksLists
                0x0000000010000018       0xa0 ./freertos/src/tasks.o
 .bss.xDelayedTaskList1
                0x00000000100000b8       0x14 ./freertos/src/tasks.o
 .bss.xDelayedTaskList2
                0x00000000100000cc       0x14 ./freertos/src/tasks.o
 .bss.pxDelayedTaskList
                0x00000000100000e0        0x4 ./freertos/src/tasks.o
 .bss.pxOverflowDelayedTaskList
                0x00000000100000e4        0x4 ./freertos/src/tasks.o
 .bss.xPendingReadyList
                0x00000000100000e8       0x14 ./freertos/src/tasks.o
 .bss.xTasksWaitingTermination
                0x00000000100000fc       0x14 ./freertos/src/tasks.o
 .bss.uxTasksDeleted
                0x0000000010000110        0x4 ./freertos/src/tasks.o
 .bss.xSuspendedTaskList
                0x0000000010000114       0x14 ./freertos/src/tasks.o
 .bss.uxCurrentNumberOfTasks
                0x0000000010000128        0x4 ./freertos/src/tasks.o
 .bss.xTickCount
                0x000000001000012c        0x4 ./freertos/src/tasks.o
 .bss.uxTopReadyPriority
                0x0000000010000130        0x4 ./freertos/src/tasks.o
 .bss.xSchedulerRunning
                0x0000000010000134        0x4 ./freertos/src/tasks.o
 .bss.uxSchedulerSuspended
                0x0000000010000138        0x4 ./freertos/src/tasks.o
 .bss.uxPendedTicks
                0x000000001000013c        0x4 ./freertos/src/tasks.o
 .bss.xYieldPending
                0x0000000010000140        0x4 ./freertos/src/tasks.o
 .bss.xNumOfOverflows
                0x0000000010000144        0x4 ./freertos/src/tasks.o
 .bss.uxTaskNumber
                0x0000000010000148        0x4 ./freertos/src/tasks.o
 .bss.msCount   0x000000001000014c        0x4 ./example/src/ms_timer.o
 .bss.__end_of_heap
                0x0000000010000150        0x4 /usr/local/mcuxpressoide-10.1.0_589/ide/tools/bin/../lib/gcc/arm-none-eabi/6.3.1/../../../../arm-none-eabi/lib/thumb/v7e-m/fpv4-sp/softfp/libcr_c.a(__init_alloc.o)
                0x0000000010000150                __end_of_heap
 .bss.__heaps   0x0000000010000154        0x4 /usr/local/mcuxpressoide-10.1.0_589/ide/tools/bin/../lib/gcc/arm-none-eabi/6.3.1/../../../../arm-none-eabi/lib/thumb/v7e-m/fpv4-sp/softfp/libcr_c.a(__init_alloc.o)
                0x0000000010000154                __heaps
 .bss.errno     0x0000000010000158        0x4 /usr/local/mcuxpressoide-10.1.0_589/ide/tools/bin/../lib/gcc/arm-none-eabi/6.3.1/../../../../arm-none-eabi/lib/thumb/v7e-m/fpv4-sp/softfp/libcr_c.a(errno.o)
                0x0000000010000158                errno
 .bss.__Ciob    0x000000001000015c       0xb4 /usr/local/mcuxpressoide-10.1.0_589/ide/tools/bin/../lib/gcc/arm-none-eabi/6.3.1/../../../../arm-none-eabi/lib/thumb/v7e-m/fpv4-sp/softfp/libcr_semihost_nf.a(__ciob.o)
                0x000000001000015c                __Ciob
 *(COMMON)
 COMMON         0x0000000010000210        0x4 ./example/src/main.o
                0x0000000010000210                second_isr_semaphore
 COMMON         0x0000000010000214        0x4 ./example/src/ms_timer.o
                0x0000000010000214                callback
 COMMON         0x0000000010000218        0x4 /home/tobias/Documents/MCUXpresso_10.1.0_589/workspace/lpc_chip_40xx/Debug/liblpc_chip_40xx.a(chip_17xx_40xx.o)
                0x0000000010000218                SystemCoreClock
                0x000000001000021c                . = ALIGN (0x4)
                0x000000001000021c                _ebss = .
                [!provide]                        PROVIDE (end, .)

.noinit_RAM2    0x0000000020000000        0x0
 *(.noinit.$RAM2*)
 *(.noinit.$RamPeriph32*)
                0x0000000020000000                . = ALIGN (0x4)

.noinit         0x000000001000021c        0x0
                0x000000001000021c                _noinit = .
 *(.noinit*)
                0x000000001000021c                . = ALIGN (0x4)
                0x000000001000021c                _end_noinit = .
                0x000000001000021c                PROVIDE (_pvHeapStart, DEFINED (__user_heap_base)?__user_heap_base:.)
                0x0000000010010000                PROVIDE (_vStackTop, DEFINED (__user_stack_top)?__user_stack_top:(__top_RamLoc64 - 0x0))
                [!provide]                        PROVIDE (__valid_user_code_checksum, (0x0 - ((((((_vStackTop + (ResetISR + 0x1)) + (NMI_Handler + 0x1)) + (HardFault_Handler + 0x1)) + (DEFINED (MemManage_Handler)?MemManage_Handler:0x0 + 0x1)) + (DEFINED (BusFault_Handler)?BusFault_Handler:0x0 + 0x1)) + (DEFINED (UsageFault_Handler)?UsageFault_Handler:0x0 + 0x1))))
                0x0000000000000000                _image_start = LOADADDR (.text)
                0x000000000000560c                _image_end = (LOADADDR (.data) + SIZEOF (.data))
                0x000000000000560c                _image_size = (_image_end - _image_start)
OUTPUT(FreeRTOS_Semaphore.axf elf32-littlearm)

.debug_info     0x0000000000000000     0xa724
 .debug_info    0x0000000000000000      0x431 ./freertos/src/FreeRTOSCommonHooks.o
 .debug_info    0x0000000000000431      0x3c2 ./freertos/src/heap_3.o
 .debug_info    0x00000000000007f3      0x55d ./freertos/src/list.o
 .debug_info    0x0000000000000d50      0x693 ./freertos/src/port.o
 .debug_info    0x00000000000013e3      0xe87 ./freertos/src/queue.o
 .debug_info    0x000000000000226a     0x14ac ./freertos/src/tasks.o
 .debug_info    0x0000000000003716      0x26b ./example/src/cr_startup_lpc40xx.o
 .debug_info    0x0000000000003981      0x4d9 ./example/src/main.o
 .debug_info    0x0000000000003e5a      0xb8f ./example/src/ms_timer.o
 .debug_info    0x00000000000049e9      0x393 ./example/src/sysinit.o
 .debug_info    0x0000000000004d7c     0x1c40 /home/tobias/Documents/MCUXpresso_10.1.0_589/workspace/lpc_board_ea_devkit_4088/Debug/liblpc_board_ea_devkit_4088.a(board.o)
 .debug_info    0x00000000000069bc      0xca3 /home/tobias/Documents/MCUXpresso_10.1.0_589/workspace/lpc_board_ea_devkit_4088/Debug/liblpc_board_ea_devkit_4088.a(board_sysinit.o)
 .debug_info    0x000000000000765f      0x632 /home/tobias/Documents/MCUXpresso_10.1.0_589/workspace/lpc_chip_40xx/Debug/liblpc_chip_40xx.a(chip_17xx_40xx.o)
 .debug_info    0x0000000000007c91      0xbc5 /home/tobias/Documents/MCUXpresso_10.1.0_589/workspace/lpc_chip_40xx/Debug/liblpc_chip_40xx.a(clock_17xx_40xx.o)
 .debug_info    0x0000000000008856      0xc8d /home/tobias/Documents/MCUXpresso_10.1.0_589/workspace/lpc_chip_40xx/Debug/liblpc_chip_40xx.a(emc_17xx_40xx.o)
 .debug_info    0x00000000000094e3      0x15d /home/tobias/Documents/MCUXpresso_10.1.0_589/workspace/lpc_chip_40xx/Debug/liblpc_chip_40xx.a(fpu_init.o)
 .debug_info    0x0000000000009640      0x23a /home/tobias/Documents/MCUXpresso_10.1.0_589/workspace/lpc_chip_40xx/Debug/liblpc_chip_40xx.a(iocon_17xx_40xx.o)
 .debug_info    0x000000000000987a      0x54e /home/tobias/Documents/MCUXpresso_10.1.0_589/workspace/lpc_chip_40xx/Debug/liblpc_chip_40xx.a(sysctl_17xx_40xx.o)
 .debug_info    0x0000000000009dc8      0x52c /home/tobias/Documents/MCUXpresso_10.1.0_589/workspace/lpc_chip_40xx/Debug/liblpc_chip_40xx.a(sysinit_17xx_40xx.o)
 .debug_info    0x000000000000a2f4      0x430 /home/tobias/Documents/MCUXpresso_10.1.0_589/workspace/lpc_chip_40xx/Debug/liblpc_chip_40xx.a(timer_17xx_40xx.o)

.debug_abbrev   0x0000000000000000     0x235e
 .debug_abbrev  0x0000000000000000      0x199 ./freertos/src/FreeRTOSCommonHooks.o
 .debug_abbrev  0x0000000000000199      0x14b ./freertos/src/heap_3.o
 .debug_abbrev  0x00000000000002e4      0x156 ./freertos/src/list.o
 .debug_abbrev  0x000000000000043a      0x235 ./freertos/src/port.o
 .debug_abbrev  0x000000000000066f      0x21d ./freertos/src/queue.o
 .debug_abbrev  0x000000000000088c      0x26e ./freertos/src/tasks.o
 .debug_abbrev  0x0000000000000afa      0x114 ./example/src/cr_startup_lpc40xx.o
 .debug_abbrev  0x0000000000000c0e      0x175 ./example/src/main.o
 .debug_abbrev  0x0000000000000d83      0x26b ./example/src/ms_timer.o
 .debug_abbrev  0x0000000000000fee      0x111 ./example/src/sysinit.o
 .debug_abbrev  0x00000000000010ff      0x3a8 /home/tobias/Documents/MCUXpresso_10.1.0_589/workspace/lpc_board_ea_devkit_4088/Debug/liblpc_board_ea_devkit_4088.a(board.o)
 .debug_abbrev  0x00000000000014a7      0x24f /home/tobias/Documents/MCUXpresso_10.1.0_589/workspace/lpc_board_ea_devkit_4088/Debug/liblpc_board_ea_devkit_4088.a(board_sysinit.o)
 .debug_abbrev  0x00000000000016f6      0x16d /home/tobias/Documents/MCUXpresso_10.1.0_589/workspace/lpc_chip_40xx/Debug/liblpc_chip_40xx.a(chip_17xx_40xx.o)
 .debug_abbrev  0x0000000000001863      0x2c9 /home/tobias/Documents/MCUXpresso_10.1.0_589/workspace/lpc_chip_40xx/Debug/liblpc_chip_40xx.a(clock_17xx_40xx.o)
 .debug_abbrev  0x0000000000001b2c      0x207 /home/tobias/Documents/MCUXpresso_10.1.0_589/workspace/lpc_chip_40xx/Debug/liblpc_chip_40xx.a(emc_17xx_40xx.o)
 .debug_abbrev  0x0000000000001d33       0xaa /home/tobias/Documents/MCUXpresso_10.1.0_589/workspace/lpc_chip_40xx/Debug/liblpc_chip_40xx.a(fpu_init.o)
 .debug_abbrev  0x0000000000001ddd      0x12c /home/tobias/Documents/MCUXpresso_10.1.0_589/workspace/lpc_chip_40xx/Debug/liblpc_chip_40xx.a(iocon_17xx_40xx.o)
 .debug_abbrev  0x0000000000001f09      0x15e /home/tobias/Documents/MCUXpresso_10.1.0_589/workspace/lpc_chip_40xx/Debug/liblpc_chip_40xx.a(sysctl_17xx_40xx.o)
 .debug_abbrev  0x0000000000002067      0x18a /home/tobias/Documents/MCUXpresso_10.1.0_589/workspace/lpc_chip_40xx/Debug/liblpc_chip_40xx.a(sysinit_17xx_40xx.o)
 .debug_abbrev  0x00000000000021f1      0x16d /home/tobias/Documents/MCUXpresso_10.1.0_589/workspace/lpc_chip_40xx/Debug/liblpc_chip_40xx.a(timer_17xx_40xx.o)

.debug_aranges  0x0000000000000000      0xa38
 .debug_aranges
                0x0000000000000000       0x40 ./freertos/src/FreeRTOSCommonHooks.o
 .debug_aranges
                0x0000000000000040       0x28 ./freertos/src/heap_3.o
 .debug_aranges
                0x0000000000000068       0x40 ./freertos/src/list.o
 .debug_aranges
                0x00000000000000a8       0x98 ./freertos/src/port.o
 .debug_aranges
                0x0000000000000140       0xf0 ./freertos/src/queue.o
 .debug_aranges
                0x0000000000000230      0x170 ./freertos/src/tasks.o
 .debug_aranges
                0x00000000000003a0       0x80 ./example/src/cr_startup_lpc40xx.o
 .debug_aranges
                0x0000000000000420       0x38 ./example/src/main.o
 .debug_aranges
                0x0000000000000458       0xb0 ./example/src/ms_timer.o
 .debug_aranges
                0x0000000000000508       0x20 ./example/src/sysinit.o
 .debug_aranges
                0x0000000000000528      0x1c8 /home/tobias/Documents/MCUXpresso_10.1.0_589/workspace/lpc_board_ea_devkit_4088/Debug/liblpc_board_ea_devkit_4088.a(board.o)
 .debug_aranges
                0x00000000000006f0       0x50 /home/tobias/Documents/MCUXpresso_10.1.0_589/workspace/lpc_board_ea_devkit_4088/Debug/liblpc_board_ea_devkit_4088.a(board_sysinit.o)
 .debug_aranges
                0x0000000000000740       0x30 /home/tobias/Documents/MCUXpresso_10.1.0_589/workspace/lpc_chip_40xx/Debug/liblpc_chip_40xx.a(chip_17xx_40xx.o)
 .debug_aranges
                0x0000000000000770      0x138 /home/tobias/Documents/MCUXpresso_10.1.0_589/workspace/lpc_chip_40xx/Debug/liblpc_chip_40xx.a(clock_17xx_40xx.o)
 .debug_aranges
                0x00000000000008a8       0x80 /home/tobias/Documents/MCUXpresso_10.1.0_589/workspace/lpc_chip_40xx/Debug/liblpc_chip_40xx.a(emc_17xx_40xx.o)
 .debug_aranges
                0x0000000000000928       0x20 /home/tobias/Documents/MCUXpresso_10.1.0_589/workspace/lpc_chip_40xx/Debug/liblpc_chip_40xx.a(fpu_init.o)
 .debug_aranges
                0x0000000000000948       0x28 /home/tobias/Documents/MCUXpresso_10.1.0_589/workspace/lpc_chip_40xx/Debug/liblpc_chip_40xx.a(iocon_17xx_40xx.o)
 .debug_aranges
                0x0000000000000970       0x28 /home/tobias/Documents/MCUXpresso_10.1.0_589/workspace/lpc_chip_40xx/Debug/liblpc_chip_40xx.a(sysctl_17xx_40xx.o)
 .debug_aranges
                0x0000000000000998       0x60 /home/tobias/Documents/MCUXpresso_10.1.0_589/workspace/lpc_chip_40xx/Debug/liblpc_chip_40xx.a(sysinit_17xx_40xx.o)
 .debug_aranges
                0x00000000000009f8       0x40 /home/tobias/Documents/MCUXpresso_10.1.0_589/workspace/lpc_chip_40xx/Debug/liblpc_chip_40xx.a(timer_17xx_40xx.o)

.debug_ranges   0x0000000000000000      0x8f8
 .debug_ranges  0x0000000000000000       0x30 ./freertos/src/FreeRTOSCommonHooks.o
 .debug_ranges  0x0000000000000030       0x18 ./freertos/src/heap_3.o
 .debug_ranges  0x0000000000000048       0x30 ./freertos/src/list.o
 .debug_ranges  0x0000000000000078       0x88 ./freertos/src/port.o
 .debug_ranges  0x0000000000000100       0xe0 ./freertos/src/queue.o
 .debug_ranges  0x00000000000001e0      0x160 ./freertos/src/tasks.o
 .debug_ranges  0x0000000000000340       0x70 ./example/src/cr_startup_lpc40xx.o
 .debug_ranges  0x00000000000003b0       0x28 ./example/src/main.o
 .debug_ranges  0x00000000000003d8       0xa0 ./example/src/ms_timer.o
 .debug_ranges  0x0000000000000478       0x10 ./example/src/sysinit.o
 .debug_ranges  0x0000000000000488      0x1b8 /home/tobias/Documents/MCUXpresso_10.1.0_589/workspace/lpc_board_ea_devkit_4088/Debug/liblpc_board_ea_devkit_4088.a(board.o)
 .debug_ranges  0x0000000000000640       0x40 /home/tobias/Documents/MCUXpresso_10.1.0_589/workspace/lpc_board_ea_devkit_4088/Debug/liblpc_board_ea_devkit_4088.a(board_sysinit.o)
 .debug_ranges  0x0000000000000680       0x20 /home/tobias/Documents/MCUXpresso_10.1.0_589/workspace/lpc_chip_40xx/Debug/liblpc_chip_40xx.a(chip_17xx_40xx.o)
 .debug_ranges  0x00000000000006a0      0x128 /home/tobias/Documents/MCUXpresso_10.1.0_589/workspace/lpc_chip_40xx/Debug/liblpc_chip_40xx.a(clock_17xx_40xx.o)
 .debug_ranges  0x00000000000007c8       0x70 /home/tobias/Documents/MCUXpresso_10.1.0_589/workspace/lpc_chip_40xx/Debug/liblpc_chip_40xx.a(emc_17xx_40xx.o)
 .debug_ranges  0x0000000000000838       0x10 /home/tobias/Documents/MCUXpresso_10.1.0_589/workspace/lpc_chip_40xx/Debug/liblpc_chip_40xx.a(fpu_init.o)
 .debug_ranges  0x0000000000000848       0x18 /home/tobias/Documents/MCUXpresso_10.1.0_589/workspace/lpc_chip_40xx/Debug/liblpc_chip_40xx.a(iocon_17xx_40xx.o)
 .debug_ranges  0x0000000000000860       0x18 /home/tobias/Documents/MCUXpresso_10.1.0_589/workspace/lpc_chip_40xx/Debug/liblpc_chip_40xx.a(sysctl_17xx_40xx.o)
 .debug_ranges  0x0000000000000878       0x50 /home/tobias/Documents/MCUXpresso_10.1.0_589/workspace/lpc_chip_40xx/Debug/liblpc_chip_40xx.a(sysinit_17xx_40xx.o)
 .debug_ranges  0x00000000000008c8       0x30 /home/tobias/Documents/MCUXpresso_10.1.0_589/workspace/lpc_chip_40xx/Debug/liblpc_chip_40xx.a(timer_17xx_40xx.o)

.debug_macro    0x0000000000000000     0x8dca
 .debug_macro   0x0000000000000000      0x31b ./freertos/src/FreeRTOSCommonHooks.o
 .debug_macro   0x000000000000031b      0x8c8 ./freertos/src/FreeRTOSCommonHooks.o
 .debug_macro   0x0000000000000be3       0x10 ./freertos/src/FreeRTOSCommonHooks.o
 .debug_macro   0x0000000000000bf3      0x12d ./freertos/src/FreeRTOSCommonHooks.o
 .debug_macro   0x0000000000000d20       0x16 ./freertos/src/FreeRTOSCommonHooks.o
 .debug_macro   0x0000000000000d36       0x46 ./freertos/src/FreeRTOSCommonHooks.o
 .debug_macro   0x0000000000000d7c      0x5b2 ./freertos/src/FreeRTOSCommonHooks.o
 .debug_macro   0x000000000000132e       0x22 ./freertos/src/FreeRTOSCommonHooks.o
 .debug_macro   0x0000000000001350       0x74 ./freertos/src/FreeRTOSCommonHooks.o
 .debug_macro   0x00000000000013c4       0x16 ./freertos/src/FreeRTOSCommonHooks.o
 .debug_macro   0x00000000000013da       0x2d ./freertos/src/FreeRTOSCommonHooks.o
 .debug_macro   0x0000000000001407       0x3b ./freertos/src/FreeRTOSCommonHooks.o
 .debug_macro   0x0000000000001442       0x2d ./freertos/src/FreeRTOSCommonHooks.o
 .debug_macro   0x000000000000146f       0x42 ./freertos/src/FreeRTOSCommonHooks.o
 .debug_macro   0x00000000000014b1      0xd39 ./freertos/src/FreeRTOSCommonHooks.o
 .debug_macro   0x00000000000021ea      0x295 ./freertos/src/FreeRTOSCommonHooks.o
 .debug_macro   0x000000000000247f       0x50 ./freertos/src/FreeRTOSCommonHooks.o
 .debug_macro   0x00000000000024cf       0x34 ./freertos/src/FreeRTOSCommonHooks.o
 .debug_macro   0x0000000000002503      0x152 ./freertos/src/FreeRTOSCommonHooks.o
 .debug_macro   0x0000000000002655       0x82 ./freertos/src/FreeRTOSCommonHooks.o
 .debug_macro   0x00000000000026d7      0x48c ./freertos/src/FreeRTOSCommonHooks.o
 .debug_macro   0x0000000000002b63      0x12d ./freertos/src/FreeRTOSCommonHooks.o
 .debug_macro   0x0000000000002c90       0x6a ./freertos/src/FreeRTOSCommonHooks.o
 .debug_macro   0x0000000000002cfa       0x34 ./freertos/src/FreeRTOSCommonHooks.o
 .debug_macro   0x0000000000002d2e       0x58 ./freertos/src/FreeRTOSCommonHooks.o
 .debug_macro   0x0000000000002d86      0x236 ./freertos/src/FreeRTOSCommonHooks.o
 .debug_macro   0x0000000000002fbc      0x4c5 ./freertos/src/FreeRTOSCommonHooks.o
 .debug_macro   0x0000000000003481      0x1da ./freertos/src/FreeRTOSCommonHooks.o
 .debug_macro   0x000000000000365b       0x10 ./freertos/src/FreeRTOSCommonHooks.o
 .debug_macro   0x000000000000366b      0x21b ./freertos/src/FreeRTOSCommonHooks.o
 .debug_macro   0x0000000000003886      0x1b9 ./freertos/src/FreeRTOSCommonHooks.o
 .debug_macro   0x0000000000003a3f       0x2e ./freertos/src/FreeRTOSCommonHooks.o
 .debug_macro   0x0000000000003a6d       0x40 ./freertos/src/FreeRTOSCommonHooks.o
 .debug_macro   0x0000000000003aad      0x209 ./freertos/src/FreeRTOSCommonHooks.o
 .debug_macro   0x0000000000003cb6      0x2b3 ./freertos/src/FreeRTOSCommonHooks.o
 .debug_macro   0x0000000000003f69      0x34c ./freertos/src/FreeRTOSCommonHooks.o
 .debug_macro   0x00000000000042b5       0xb2 ./freertos/src/FreeRTOSCommonHooks.o
 .debug_macro   0x0000000000004367       0x16 ./freertos/src/FreeRTOSCommonHooks.o
 .debug_macro   0x000000000000437d       0xb8 ./freertos/src/FreeRTOSCommonHooks.o
 .debug_macro   0x0000000000004435       0x4c ./freertos/src/FreeRTOSCommonHooks.o
 .debug_macro   0x0000000000004481       0x16 ./freertos/src/FreeRTOSCommonHooks.o
 .debug_macro   0x0000000000004497      0x328 ./freertos/src/FreeRTOSCommonHooks.o
 .debug_macro   0x00000000000047bf       0x3a ./freertos/src/FreeRTOSCommonHooks.o
 .debug_macro   0x00000000000047f9       0x16 ./freertos/src/FreeRTOSCommonHooks.o
 .debug_macro   0x000000000000480f       0xca ./freertos/src/FreeRTOSCommonHooks.o
 .debug_macro   0x00000000000048d9       0x11 ./freertos/src/FreeRTOSCommonHooks.o
 .debug_macro   0x00000000000048ea       0x16 ./freertos/src/FreeRTOSCommonHooks.o
 .debug_macro   0x0000000000004900       0x8e ./freertos/src/FreeRTOSCommonHooks.o
 .debug_macro   0x000000000000498e      0x124 ./freertos/src/FreeRTOSCommonHooks.o
 .debug_macro   0x0000000000004ab2       0x6c ./freertos/src/FreeRTOSCommonHooks.o
 .debug_macro   0x0000000000004b1e       0x9a ./freertos/src/FreeRTOSCommonHooks.o
 .debug_macro   0x0000000000004bb8       0x20 ./freertos/src/FreeRTOSCommonHooks.o
 .debug_macro   0x0000000000004bd8       0x2e ./freertos/src/FreeRTOSCommonHooks.o
 .debug_macro   0x0000000000004c06       0xef ./freertos/src/FreeRTOSCommonHooks.o
 .debug_macro   0x0000000000004cf5       0xab ./freertos/src/FreeRTOSCommonHooks.o
 .debug_macro   0x0000000000004da0       0x12 ./freertos/src/FreeRTOSCommonHooks.o
 .debug_macro   0x0000000000004db2       0x1f ./freertos/src/FreeRTOSCommonHooks.o
 .debug_macro   0x0000000000004dd1      0x257 ./freertos/src/FreeRTOSCommonHooks.o
 .debug_macro   0x0000000000005028       0x64 ./freertos/src/FreeRTOSCommonHooks.o
 .debug_macro   0x000000000000508c       0x57 ./freertos/src/FreeRTOSCommonHooks.o
 .debug_macro   0x00000000000050e3      0x331 ./freertos/src/heap_3.o
 .debug_macro   0x0000000000005414       0x28 ./freertos/src/heap_3.o
 .debug_macro   0x000000000000543c      0x316 ./freertos/src/list.o
 .debug_macro   0x0000000000005752      0x3ba ./freertos/src/port.o
 .debug_macro   0x0000000000005b0c      0x379 ./freertos/src/queue.o
 .debug_macro   0x0000000000005e85       0xb0 ./freertos/src/queue.o
 .debug_macro   0x0000000000005f35      0x3b5 ./freertos/src/tasks.o
 .debug_macro   0x00000000000062ea       0x5b ./freertos/src/tasks.o
 .debug_macro   0x0000000000006345       0x16 ./freertos/src/tasks.o
 .debug_macro   0x000000000000635b       0x1d ./example/src/cr_startup_lpc40xx.o
 .debug_macro   0x0000000000006378      0x32d ./example/src/main.o
 .debug_macro   0x00000000000066a5       0x7b ./example/src/main.o
 .debug_macro   0x0000000000006720       0x18 ./example/src/main.o
 .debug_macro   0x0000000000006738       0x10 ./example/src/main.o
 .debug_macro   0x0000000000006748       0xf5 ./example/src/main.o
 .debug_macro   0x000000000000683d       0x77 ./example/src/main.o
 .debug_macro   0x00000000000068b4      0x2a8 ./example/src/ms_timer.o
 .debug_macro   0x0000000000006b5c       0xa0 ./example/src/ms_timer.o
 .debug_macro   0x0000000000006bfc      0x296 ./example/src/sysinit.o
 .debug_macro   0x0000000000006e92      0x3cf /home/tobias/Documents/MCUXpresso_10.1.0_589/workspace/lpc_board_ea_devkit_4088/Debug/liblpc_board_ea_devkit_4088.a(board.o)
 .debug_macro   0x0000000000007261      0x8c2 /home/tobias/Documents/MCUXpresso_10.1.0_589/workspace/lpc_board_ea_devkit_4088/Debug/liblpc_board_ea_devkit_4088.a(board.o)
 .debug_macro   0x0000000000007b23       0x12 /home/tobias/Documents/MCUXpresso_10.1.0_589/workspace/lpc_board_ea_devkit_4088/Debug/liblpc_board_ea_devkit_4088.a(board.o)
 .debug_macro   0x0000000000007b35      0x29c /home/tobias/Documents/MCUXpresso_10.1.0_589/workspace/lpc_board_ea_devkit_4088/Debug/liblpc_board_ea_devkit_4088.a(board_sysinit.o)
 .debug_macro   0x0000000000007dd1      0x22c /home/tobias/Documents/MCUXpresso_10.1.0_589/workspace/lpc_chip_40xx/Debug/liblpc_chip_40xx.a(chip_17xx_40xx.o)
 .debug_macro   0x0000000000007ffd      0x22c /home/tobias/Documents/MCUXpresso_10.1.0_589/workspace/lpc_chip_40xx/Debug/liblpc_chip_40xx.a(clock_17xx_40xx.o)
 .debug_macro   0x0000000000008229      0x232 /home/tobias/Documents/MCUXpresso_10.1.0_589/workspace/lpc_chip_40xx/Debug/liblpc_chip_40xx.a(emc_17xx_40xx.o)
 .debug_macro   0x000000000000845b       0xbf /home/tobias/Documents/MCUXpresso_10.1.0_589/workspace/lpc_chip_40xx/Debug/liblpc_chip_40xx.a(fpu_init.o)
 .debug_macro   0x000000000000851a      0x22c /home/tobias/Documents/MCUXpresso_10.1.0_589/workspace/lpc_chip_40xx/Debug/liblpc_chip_40xx.a(iocon_17xx_40xx.o)
 .debug_macro   0x0000000000008746      0x22c /home/tobias/Documents/MCUXpresso_10.1.0_589/workspace/lpc_chip_40xx/Debug/liblpc_chip_40xx.a(sysctl_17xx_40xx.o)
 .debug_macro   0x0000000000008972      0x22c /home/tobias/Documents/MCUXpresso_10.1.0_589/workspace/lpc_chip_40xx/Debug/liblpc_chip_40xx.a(sysinit_17xx_40xx.o)
 .debug_macro   0x0000000000008b9e      0x22c /home/tobias/Documents/MCUXpresso_10.1.0_589/workspace/lpc_chip_40xx/Debug/liblpc_chip_40xx.a(timer_17xx_40xx.o)

.debug_line     0x0000000000000000     0x83cd
 .debug_line    0x0000000000000000      0x726 ./freertos/src/FreeRTOSCommonHooks.o
 .debug_line    0x0000000000000726      0x6cb ./freertos/src/heap_3.o
 .debug_line    0x0000000000000df1      0x717 ./freertos/src/list.o
 .debug_line    0x0000000000001508      0x816 ./freertos/src/port.o
 .debug_line    0x0000000000001d1e      0xa21 ./freertos/src/queue.o
 .debug_line    0x000000000000273f      0xdca ./freertos/src/tasks.o
 .debug_line    0x0000000000003509       0xdf ./example/src/cr_startup_lpc40xx.o
 .debug_line    0x00000000000035e8      0x70a ./example/src/main.o
 .debug_line    0x0000000000003cf2      0x6f3 ./example/src/ms_timer.o
 .debug_line    0x00000000000043e5      0x57d ./example/src/sysinit.o
 .debug_line    0x0000000000004962      0xb78 /home/tobias/Documents/MCUXpresso_10.1.0_589/workspace/lpc_board_ea_devkit_4088/Debug/liblpc_board_ea_devkit_4088.a(board.o)
 .debug_line    0x00000000000054da      0x62e /home/tobias/Documents/MCUXpresso_10.1.0_589/workspace/lpc_board_ea_devkit_4088/Debug/liblpc_board_ea_devkit_4088.a(board_sysinit.o)
 .debug_line    0x0000000000005b08      0x4db /home/tobias/Documents/MCUXpresso_10.1.0_589/workspace/lpc_chip_40xx/Debug/liblpc_chip_40xx.a(chip_17xx_40xx.o)
 .debug_line    0x0000000000005fe3      0x79b /home/tobias/Documents/MCUXpresso_10.1.0_589/workspace/lpc_chip_40xx/Debug/liblpc_chip_40xx.a(clock_17xx_40xx.o)
 .debug_line    0x000000000000677e      0x654 /home/tobias/Documents/MCUXpresso_10.1.0_589/workspace/lpc_chip_40xx/Debug/liblpc_chip_40xx.a(emc_17xx_40xx.o)
 .debug_line    0x0000000000006dd2      0x1fd /home/tobias/Documents/MCUXpresso_10.1.0_589/workspace/lpc_chip_40xx/Debug/liblpc_chip_40xx.a(fpu_init.o)
 .debug_line    0x0000000000006fcf      0x4ce /home/tobias/Documents/MCUXpresso_10.1.0_589/workspace/lpc_chip_40xx/Debug/liblpc_chip_40xx.a(iocon_17xx_40xx.o)
 .debug_line    0x000000000000749d      0x4c0 /home/tobias/Documents/MCUXpresso_10.1.0_589/workspace/lpc_chip_40xx/Debug/liblpc_chip_40xx.a(sysctl_17xx_40xx.o)
 .debug_line    0x000000000000795d      0x56a /home/tobias/Documents/MCUXpresso_10.1.0_589/workspace/lpc_chip_40xx/Debug/liblpc_chip_40xx.a(sysinit_17xx_40xx.o)
 .debug_line    0x0000000000007ec7      0x506 /home/tobias/Documents/MCUXpresso_10.1.0_589/workspace/lpc_chip_40xx/Debug/liblpc_chip_40xx.a(timer_17xx_40xx.o)

.debug_str      0x0000000000000000    0x1fc67
 .debug_str     0x0000000000000000    0x19127 ./freertos/src/FreeRTOSCommonHooks.o
                                      0x19241 (size before relaxing)
 .debug_str     0x0000000000019127      0x103 ./freertos/src/heap_3.o
                                      0x19255 (size before relaxing)
 .debug_str     0x000000000001922a      0x12e ./freertos/src/list.o
                                      0x18f9a (size before relaxing)
 .debug_str     0x0000000000019358      0x9d1 ./freertos/src/port.o
                                      0x19b6c (size before relaxing)
 .debug_str     0x0000000000019d29     0x1106 ./freertos/src/queue.o
                                      0x1a5e8 (size before relaxing)
 .debug_str     0x000000000001ae2f     0x14cf ./freertos/src/tasks.o
                                      0x1aaa2 (size before relaxing)
 .debug_str     0x000000000001c2fe      0x1ba ./example/src/cr_startup_lpc40xx.o
                                       0x27c9 (size before relaxing)
 .debug_str     0x000000000001c4b8      0x7fb ./example/src/main.o
                                      0x1a59b (size before relaxing)
 .debug_str     0x000000000001ccb3      0x4eb ./example/src/ms_timer.o
                                      0x17751 (size before relaxing)
 .debug_str     0x000000000001d19e       0x19 ./example/src/sysinit.o
                                      0x1708b (size before relaxing)
 .debug_str     0x000000000001d1b7     0x14a8 /home/tobias/Documents/MCUXpresso_10.1.0_589/workspace/lpc_board_ea_devkit_4088/Debug/liblpc_board_ea_devkit_4088.a(board.o)
                                      0x187c4 (size before relaxing)
 .debug_str     0x000000000001e65f      0x67b /home/tobias/Documents/MCUXpresso_10.1.0_589/workspace/lpc_board_ea_devkit_4088/Debug/liblpc_board_ea_devkit_4088.a(board_sysinit.o)
                                      0x17bce (size before relaxing)
 .debug_str     0x000000000001ecda      0x131 /home/tobias/Documents/MCUXpresso_10.1.0_589/workspace/lpc_chip_40xx/Debug/liblpc_chip_40xx.a(chip_17xx_40xx.o)
                                      0x16904 (size before relaxing)
 .debug_str     0x000000000001ee0b      0x631 /home/tobias/Documents/MCUXpresso_10.1.0_589/workspace/lpc_chip_40xx/Debug/liblpc_chip_40xx.a(clock_17xx_40xx.o)
                                      0x16d9b (size before relaxing)
 .debug_str     0x000000000001f43c      0x49e /home/tobias/Documents/MCUXpresso_10.1.0_589/workspace/lpc_chip_40xx/Debug/liblpc_chip_40xx.a(emc_17xx_40xx.o)
                                      0x1694b (size before relaxing)
 .debug_str     0x000000000001f8da       0xb5 /home/tobias/Documents/MCUXpresso_10.1.0_589/workspace/lpc_chip_40xx/Debug/liblpc_chip_40xx.a(fpu_init.o)
                                       0x9970 (size before relaxing)
 .debug_str     0x000000000001f98f       0x46 /home/tobias/Documents/MCUXpresso_10.1.0_589/workspace/lpc_chip_40xx/Debug/liblpc_chip_40xx.a(iocon_17xx_40xx.o)
                                      0x162ab (size before relaxing)
 .debug_str     0x000000000001f9d5       0x87 /home/tobias/Documents/MCUXpresso_10.1.0_589/workspace/lpc_chip_40xx/Debug/liblpc_chip_40xx.a(sysctl_17xx_40xx.o)
                                      0x1669e (size before relaxing)
 .debug_str     0x000000000001fa5c       0xda /home/tobias/Documents/MCUXpresso_10.1.0_589/workspace/lpc_chip_40xx/Debug/liblpc_chip_40xx.a(sysinit_17xx_40xx.o)
                                      0x16577 (size before relaxing)
 .debug_str     0x000000000001fb36      0x131 /home/tobias/Documents/MCUXpresso_10.1.0_589/workspace/lpc_chip_40xx/Debug/liblpc_chip_40xx.a(timer_17xx_40xx.o)
                                      0x16628 (size before relaxing)

.comment        0x0000000000000000       0x7f
 .comment       0x0000000000000000       0x7f ./freertos/src/FreeRTOSCommonHooks.o
                                         0x80 (size before relaxing)
 .comment       0x000000000000007f       0x80 ./freertos/src/heap_3.o
 .comment       0x000000000000007f       0x80 ./freertos/src/list.o
 .comment       0x000000000000007f       0x80 ./freertos/src/port.o
 .comment       0x000000000000007f       0x80 ./freertos/src/queue.o
 .comment       0x000000000000007f       0x80 ./freertos/src/tasks.o
 .comment       0x000000000000007f       0x80 ./example/src/cr_startup_lpc40xx.o
 .comment       0x000000000000007f       0x80 ./example/src/main.o
 .comment       0x000000000000007f       0x80 ./example/src/ms_timer.o
 .comment       0x000000000000007f       0x80 ./example/src/sysinit.o
 .comment       0x000000000000007f       0x80 /home/tobias/Documents/MCUXpresso_10.1.0_589/workspace/lpc_board_ea_devkit_4088/Debug/liblpc_board_ea_devkit_4088.a(board.o)
 .comment       0x000000000000007f       0x80 /home/tobias/Documents/MCUXpresso_10.1.0_589/workspace/lpc_board_ea_devkit_4088/Debug/liblpc_board_ea_devkit_4088.a(board_sysinit.o)
 .comment       0x000000000000007f       0x80 /home/tobias/Documents/MCUXpresso_10.1.0_589/workspace/lpc_chip_40xx/Debug/liblpc_chip_40xx.a(chip_17xx_40xx.o)
 .comment       0x000000000000007f       0x80 /home/tobias/Documents/MCUXpresso_10.1.0_589/workspace/lpc_chip_40xx/Debug/liblpc_chip_40xx.a(clock_17xx_40xx.o)
 .comment       0x000000000000007f       0x80 /home/tobias/Documents/MCUXpresso_10.1.0_589/workspace/lpc_chip_40xx/Debug/liblpc_chip_40xx.a(emc_17xx_40xx.o)
 .comment       0x000000000000007f       0x80 /home/tobias/Documents/MCUXpresso_10.1.0_589/workspace/lpc_chip_40xx/Debug/liblpc_chip_40xx.a(fpu_init.o)
 .comment       0x000000000000007f       0x80 /home/tobias/Documents/MCUXpresso_10.1.0_589/workspace/lpc_chip_40xx/Debug/liblpc_chip_40xx.a(iocon_17xx_40xx.o)
 .comment       0x000000000000007f       0x80 /home/tobias/Documents/MCUXpresso_10.1.0_589/workspace/lpc_chip_40xx/Debug/liblpc_chip_40xx.a(sysctl_17xx_40xx.o)
 .comment       0x000000000000007f       0x80 /home/tobias/Documents/MCUXpresso_10.1.0_589/workspace/lpc_chip_40xx/Debug/liblpc_chip_40xx.a(sysinit_17xx_40xx.o)
 .comment       0x000000000000007f       0x80 /home/tobias/Documents/MCUXpresso_10.1.0_589/workspace/lpc_chip_40xx/Debug/liblpc_chip_40xx.a(timer_17xx_40xx.o)
 .comment       0x000000000000007f       0x80 /usr/local/mcuxpressoide-10.1.0_589/ide/tools/bin/../lib/gcc/arm-none-eabi/6.3.1/../../../../arm-none-eabi/lib/thumb/v7e-m/fpv4-sp/softfp/libcr_semihost_nf.a(_cr__main.o)
 .comment       0x000000000000007f       0x80 /usr/local/mcuxpressoide-10.1.0_589/ide/tools/bin/../lib/gcc/arm-none-eabi/6.3.1/../../../../arm-none-eabi/lib/thumb/v7e-m/fpv4-sp/softfp/libcr_c.a(memcpy.o)
 .comment       0x000000000000007f       0x80 /usr/local/mcuxpressoide-10.1.0_589/ide/tools/bin/../lib/gcc/arm-none-eabi/6.3.1/../../../../arm-none-eabi/lib/thumb/v7e-m/fpv4-sp/softfp/libcr_c.a(memset.o)
 .comment       0x000000000000007f       0x80 /usr/local/mcuxpressoide-10.1.0_589/ide/tools/bin/../lib/gcc/arm-none-eabi/6.3.1/../../../../arm-none-eabi/lib/thumb/v7e-m/fpv4-sp/softfp/libcr_c.a(alloc.o)
 .comment       0x000000000000007f       0x80 /usr/local/mcuxpressoide-10.1.0_589/ide/tools/bin/../lib/gcc/arm-none-eabi/6.3.1/../../../../arm-none-eabi/lib/thumb/v7e-m/fpv4-sp/softfp/libcr_c.a(fpprintf.o)
 .comment       0x000000000000007f       0x80 /usr/local/mcuxpressoide-10.1.0_589/ide/tools/bin/../lib/gcc/arm-none-eabi/6.3.1/../../../../arm-none-eabi/lib/thumb/v7e-m/fpv4-sp/softfp/libcr_c.a(initio.o)
 .comment       0x000000000000007f       0x80 /usr/local/mcuxpressoide-10.1.0_589/ide/tools/bin/../lib/gcc/arm-none-eabi/6.3.1/../../../../arm-none-eabi/lib/thumb/v7e-m/fpv4-sp/softfp/libcr_c.a(printf.o)
 .comment       0x000000000000007f       0x80 /usr/local/mcuxpressoide-10.1.0_589/ide/tools/bin/../lib/gcc/arm-none-eabi/6.3.1/../../../../arm-none-eabi/lib/thumb/v7e-m/fpv4-sp/softfp/libcr_c.a(setvbuf.o)
 .comment       0x000000000000007f       0x80 /usr/local/mcuxpressoide-10.1.0_589/ide/tools/bin/../lib/gcc/arm-none-eabi/6.3.1/../../../../arm-none-eabi/lib/thumb/v7e-m/fpv4-sp/softfp/libcr_c.a(strlen.o)
 .comment       0x000000000000007f       0x80 /usr/local/mcuxpressoide-10.1.0_589/ide/tools/bin/../lib/gcc/arm-none-eabi/6.3.1/../../../../arm-none-eabi/lib/thumb/v7e-m/fpv4-sp/softfp/libcr_c.a(__init_alloc.o)
 .comment       0x000000000000007f       0x80 /usr/local/mcuxpressoide-10.1.0_589/ide/tools/bin/../lib/gcc/arm-none-eabi/6.3.1/../../../../arm-none-eabi/lib/thumb/v7e-m/fpv4-sp/softfp/libcr_c.a(_cr_sbrk.o)
 .comment       0x000000000000007f       0x80 /usr/local/mcuxpressoide-10.1.0_589/ide/tools/bin/../lib/gcc/arm-none-eabi/6.3.1/../../../../arm-none-eabi/lib/thumb/v7e-m/fpv4-sp/softfp/libcr_c.a(_deferredlazyseek.o)
 .comment       0x000000000000007f       0x80 /usr/local/mcuxpressoide-10.1.0_589/ide/tools/bin/../lib/gcc/arm-none-eabi/6.3.1/../../../../arm-none-eabi/lib/thumb/v7e-m/fpv4-sp/softfp/libcr_c.a(_fdopen.o)
 .comment       0x000000000000007f       0x80 /usr/local/mcuxpressoide-10.1.0_589/ide/tools/bin/../lib/gcc/arm-none-eabi/6.3.1/../../../../arm-none-eabi/lib/thumb/v7e-m/fpv4-sp/softfp/libcr_c.a(_fflush.o)
 .comment       0x000000000000007f       0x80 /usr/local/mcuxpressoide-10.1.0_589/ide/tools/bin/../lib/gcc/arm-none-eabi/6.3.1/../../../../arm-none-eabi/lib/thumb/v7e-m/fpv4-sp/softfp/libcr_c.a(_frexpl.o)
 .comment       0x000000000000007f       0x80 /usr/local/mcuxpressoide-10.1.0_589/ide/tools/bin/../lib/gcc/arm-none-eabi/6.3.1/../../../../arm-none-eabi/lib/thumb/v7e-m/fpv4-sp/softfp/libcr_c.a(_ldexpl.o)
 .comment       0x000000000000007f       0x80 /usr/local/mcuxpressoide-10.1.0_589/ide/tools/bin/../lib/gcc/arm-none-eabi/6.3.1/../../../../arm-none-eabi/lib/thumb/v7e-m/fpv4-sp/softfp/libcr_c.a(_writebuf.o)
 .comment       0x000000000000007f       0x80 /usr/local/mcuxpressoide-10.1.0_589/ide/tools/bin/../lib/gcc/arm-none-eabi/6.3.1/../../../../arm-none-eabi/lib/thumb/v7e-m/fpv4-sp/softfp/libcr_c.a(errno.o)
 .comment       0x000000000000007f       0x80 /usr/local/mcuxpressoide-10.1.0_589/ide/tools/bin/../lib/gcc/arm-none-eabi/6.3.1/../../../../arm-none-eabi/lib/thumb/v7e-m/fpv4-sp/softfp/libcr_c.a(fclose.o)
 .comment       0x000000000000007f       0x80 /usr/local/mcuxpressoide-10.1.0_589/ide/tools/bin/../lib/gcc/arm-none-eabi/6.3.1/../../../../arm-none-eabi/lib/thumb/v7e-m/fpv4-sp/softfp/libcr_c.a(fflush.o)
 .comment       0x000000000000007f       0x80 /usr/local/mcuxpressoide-10.1.0_589/ide/tools/bin/../lib/gcc/arm-none-eabi/6.3.1/../../../../arm-none-eabi/lib/thumb/v7e-m/fpv4-sp/softfp/libcr_c.a(fseek.o)
 .comment       0x000000000000007f       0x80 /usr/local/mcuxpressoide-10.1.0_589/ide/tools/bin/../lib/gcc/arm-none-eabi/6.3.1/../../../../arm-none-eabi/lib/thumb/v7e-m/fpv4-sp/softfp/libcr_c.a(ftell.o)
 .comment       0x000000000000007f       0x80 /usr/local/mcuxpressoide-10.1.0_589/ide/tools/bin/../lib/gcc/arm-none-eabi/6.3.1/../../../../arm-none-eabi/lib/thumb/v7e-m/fpv4-sp/softfp/libcr_c.a(remove.o)
 .comment       0x000000000000007f       0x80 /usr/local/mcuxpressoide-10.1.0_589/ide/tools/bin/../lib/gcc/arm-none-eabi/6.3.1/../../../../arm-none-eabi/lib/thumb/v7e-m/fpv4-sp/softfp/libcr_c.a(_cr_check_heap.o)
 .comment       0x000000000000007f       0x80 /usr/local/mcuxpressoide-10.1.0_589/ide/tools/bin/../lib/gcc/arm-none-eabi/6.3.1/../../../../arm-none-eabi/lib/thumb/v7e-m/fpv4-sp/softfp/libcr_c.a(_do_fflush.o)
 .comment       0x000000000000007f       0x80 /usr/local/mcuxpressoide-10.1.0_589/ide/tools/bin/../lib/gcc/arm-none-eabi/6.3.1/../../../../arm-none-eabi/lib/thumb/v7e-m/fpv4-sp/softfp/libcr_c.a(_hugeval.o)
 .comment       0x000000000000007f       0x80 /usr/local/mcuxpressoide-10.1.0_589/ide/tools/bin/../lib/gcc/arm-none-eabi/6.3.1/thumb/v7e-m/fpv4-sp/softfp/libcr_eabihelpers.a(double.o)
 .comment       0x000000000000007f       0x80 /usr/local/mcuxpressoide-10.1.0_589/ide/tools/bin/../lib/gcc/arm-none-eabi/6.3.1/../../../../arm-none-eabi/lib/thumb/v7e-m/fpv4-sp/softfp/libcr_semihost_nf.a(__ciob.o)

.ARM.attributes
                0x0000000000000000       0x35
 .ARM.attributes
                0x0000000000000000       0x37 ./freertos/src/FreeRTOSCommonHooks.o
 .ARM.attributes
                0x0000000000000037       0x37 ./freertos/src/heap_3.o
 .ARM.attributes
                0x000000000000006e       0x37 ./freertos/src/list.o
 .ARM.attributes
                0x00000000000000a5       0x37 ./freertos/src/port.o
 .ARM.attributes
                0x00000000000000dc       0x37 ./freertos/src/queue.o
 .ARM.attributes
                0x0000000000000113       0x37 ./freertos/src/tasks.o
 .ARM.attributes
                0x000000000000014a       0x37 ./example/src/cr_startup_lpc40xx.o
 .ARM.attributes
                0x0000000000000181       0x37 ./example/src/main.o
 .ARM.attributes
                0x00000000000001b8       0x37 ./example/src/ms_timer.o
 .ARM.attributes
                0x00000000000001ef       0x37 ./example/src/sysinit.o
 .ARM.attributes
                0x0000000000000226       0x37 /home/tobias/Documents/MCUXpresso_10.1.0_589/workspace/lpc_board_ea_devkit_4088/Debug/liblpc_board_ea_devkit_4088.a(board.o)
 .ARM.attributes
                0x000000000000025d       0x37 /home/tobias/Documents/MCUXpresso_10.1.0_589/workspace/lpc_board_ea_devkit_4088/Debug/liblpc_board_ea_devkit_4088.a(board_sysinit.o)
 .ARM.attributes
                0x0000000000000294       0x37 /home/tobias/Documents/MCUXpresso_10.1.0_589/workspace/lpc_chip_40xx/Debug/liblpc_chip_40xx.a(chip_17xx_40xx.o)
 .ARM.attributes
                0x00000000000002cb       0x37 /home/tobias/Documents/MCUXpresso_10.1.0_589/workspace/lpc_chip_40xx/Debug/liblpc_chip_40xx.a(clock_17xx_40xx.o)
 .ARM.attributes
                0x0000000000000302       0x37 /home/tobias/Documents/MCUXpresso_10.1.0_589/workspace/lpc_chip_40xx/Debug/liblpc_chip_40xx.a(emc_17xx_40xx.o)
 .ARM.attributes
                0x0000000000000339       0x37 /home/tobias/Documents/MCUXpresso_10.1.0_589/workspace/lpc_chip_40xx/Debug/liblpc_chip_40xx.a(fpu_init.o)
 .ARM.attributes
                0x0000000000000370       0x37 /home/tobias/Documents/MCUXpresso_10.1.0_589/workspace/lpc_chip_40xx/Debug/liblpc_chip_40xx.a(iocon_17xx_40xx.o)
 .ARM.attributes
                0x00000000000003a7       0x37 /home/tobias/Documents/MCUXpresso_10.1.0_589/workspace/lpc_chip_40xx/Debug/liblpc_chip_40xx.a(sysctl_17xx_40xx.o)
 .ARM.attributes
                0x00000000000003de       0x37 /home/tobias/Documents/MCUXpresso_10.1.0_589/workspace/lpc_chip_40xx/Debug/liblpc_chip_40xx.a(sysinit_17xx_40xx.o)
 .ARM.attributes
                0x0000000000000415       0x37 /home/tobias/Documents/MCUXpresso_10.1.0_589/workspace/lpc_chip_40xx/Debug/liblpc_chip_40xx.a(timer_17xx_40xx.o)
 .ARM.attributes
                0x000000000000044c       0x37 /usr/local/mcuxpressoide-10.1.0_589/ide/tools/bin/../lib/gcc/arm-none-eabi/6.3.1/../../../../arm-none-eabi/lib/thumb/v7e-m/fpv4-sp/softfp/libcr_semihost_nf.a(_cr__main.o)
 .ARM.attributes
                0x0000000000000483       0x37 /usr/local/mcuxpressoide-10.1.0_589/ide/tools/bin/../lib/gcc/arm-none-eabi/6.3.1/../../../../arm-none-eabi/lib/thumb/v7e-m/fpv4-sp/softfp/libcr_c.a(memcpy.o)
 .ARM.attributes
                0x00000000000004ba       0x37 /usr/local/mcuxpressoide-10.1.0_589/ide/tools/bin/../lib/gcc/arm-none-eabi/6.3.1/../../../../arm-none-eabi/lib/thumb/v7e-m/fpv4-sp/softfp/libcr_c.a(memset.o)
 .ARM.attributes
                0x00000000000004f1       0x37 /usr/local/mcuxpressoide-10.1.0_589/ide/tools/bin/../lib/gcc/arm-none-eabi/6.3.1/../../../../arm-none-eabi/lib/thumb/v7e-m/fpv4-sp/softfp/libcr_c.a(alloc.o)
 .ARM.attributes
                0x0000000000000528       0x37 /usr/local/mcuxpressoide-10.1.0_589/ide/tools/bin/../lib/gcc/arm-none-eabi/6.3.1/../../../../arm-none-eabi/lib/thumb/v7e-m/fpv4-sp/softfp/libcr_c.a(fpprintf.o)
 .ARM.attributes
                0x000000000000055f       0x37 /usr/local/mcuxpressoide-10.1.0_589/ide/tools/bin/../lib/gcc/arm-none-eabi/6.3.1/../../../../arm-none-eabi/lib/thumb/v7e-m/fpv4-sp/softfp/libcr_c.a(initio.o)
 .ARM.attributes
                0x0000000000000596       0x37 /usr/local/mcuxpressoide-10.1.0_589/ide/tools/bin/../lib/gcc/arm-none-eabi/6.3.1/../../../../arm-none-eabi/lib/thumb/v7e-m/fpv4-sp/softfp/libcr_c.a(printf.o)
 .ARM.attributes