Archive member included to satisfy reference by file (symbol)

C:\Users\JCT\Documents\MCUXpressoIDE_10.0.2_411\workspace\lpc_board_ea_devkit_4088\Debug\liblpc_board_ea_devkit_4088.a(board.o)
                              ./example/src/freertos_blinky.o (Board_LED_Set)
C:\Users\JCT\Documents\MCUXpressoIDE_10.0.2_411\workspace\lpc_board_ea_devkit_4088\Debug\liblpc_board_ea_devkit_4088.a(board_sysinit.o)
                              ./example/src/sysinit.o (Board_SystemInit)
C:\Users\JCT\Documents\MCUXpressoIDE_10.0.2_411\workspace\lpc_board_ea_devkit_4088\Debug\liblpc_board_ea_devkit_4088.a(uda1380.o)
                              C:\Users\JCT\Documents\MCUXpressoIDE_10.0.2_411\workspace\lpc_board_ea_devkit_4088\Debug\liblpc_board_ea_devkit_4088.a(board.o) (UDA1380_Init)
C:\Users\JCT\Documents\MCUXpressoIDE_10.0.2_411\workspace\lpc_chip_40xx\Debug\liblpc_chip_40xx.a(chip_17xx_40xx.o)
                              ./freertos/src/port.o (SystemCoreClock)
C:\Users\JCT\Documents\MCUXpressoIDE_10.0.2_411\workspace\lpc_chip_40xx\Debug\liblpc_chip_40xx.a(clock_17xx_40xx.o)
                              C:\Users\JCT\Documents\MCUXpressoIDE_10.0.2_411\workspace\lpc_chip_40xx\Debug\liblpc_chip_40xx.a(chip_17xx_40xx.o) (Chip_Clock_SetupPLL)
C:\Users\JCT\Documents\MCUXpressoIDE_10.0.2_411\workspace\lpc_chip_40xx\Debug\liblpc_chip_40xx.a(emc_17xx_40xx.o)
                              C:\Users\JCT\Documents\MCUXpressoIDE_10.0.2_411\workspace\lpc_board_ea_devkit_4088\Debug\liblpc_board_ea_devkit_4088.a(board_sysinit.o) (Chip_EMC_Dynamic_Init)
C:\Users\JCT\Documents\MCUXpressoIDE_10.0.2_411\workspace\lpc_chip_40xx\Debug\liblpc_chip_40xx.a(fpu_init.o)
                              ./example/src/sysinit.o (fpuInit)
C:\Users\JCT\Documents\MCUXpressoIDE_10.0.2_411\workspace\lpc_chip_40xx\Debug\liblpc_chip_40xx.a(i2c_17xx_40xx.o)
                              C:\Users\JCT\Documents\MCUXpressoIDE_10.0.2_411\workspace\lpc_board_ea_devkit_4088\Debug\liblpc_board_ea_devkit_4088.a(uda1380.o) (Chip_I2C_EventHandlerPolling)
C:\Users\JCT\Documents\MCUXpressoIDE_10.0.2_411\workspace\lpc_chip_40xx\Debug\liblpc_chip_40xx.a(i2s_17xx_40xx.o)
                              C:\Users\JCT\Documents\MCUXpressoIDE_10.0.2_411\workspace\lpc_board_ea_devkit_4088\Debug\liblpc_board_ea_devkit_4088.a(board.o) (Chip_I2S_Init)
C:\Users\JCT\Documents\MCUXpressoIDE_10.0.2_411\workspace\lpc_chip_40xx\Debug\liblpc_chip_40xx.a(iocon_17xx_40xx.o)
                              C:\Users\JCT\Documents\MCUXpressoIDE_10.0.2_411\workspace\lpc_board_ea_devkit_4088\Debug\liblpc_board_ea_devkit_4088.a(board_sysinit.o) (Chip_IOCON_SetPinMuxing)
C:\Users\JCT\Documents\MCUXpressoIDE_10.0.2_411\workspace\lpc_chip_40xx\Debug\liblpc_chip_40xx.a(ssp_17xx_40xx.o)
                              C:\Users\JCT\Documents\MCUXpressoIDE_10.0.2_411\workspace\lpc_board_ea_devkit_4088\Debug\liblpc_board_ea_devkit_4088.a(board.o) (Chip_SSP_WriteFrames_Blocking)
C:\Users\JCT\Documents\MCUXpressoIDE_10.0.2_411\workspace\lpc_chip_40xx\Debug\liblpc_chip_40xx.a(sysctl_17xx_40xx.o)
                              C:\Users\JCT\Documents\MCUXpressoIDE_10.0.2_411\workspace\lpc_board_ea_devkit_4088\Debug\liblpc_board_ea_devkit_4088.a(board_sysinit.o) (Chip_SYSCTL_PeriphReset)
C:\Users\JCT\Documents\MCUXpressoIDE_10.0.2_411\workspace\lpc_chip_40xx\Debug\liblpc_chip_40xx.a(sysinit_17xx_40xx.o)
                              C:\Users\JCT\Documents\MCUXpressoIDE_10.0.2_411\workspace\lpc_board_ea_devkit_4088\Debug\liblpc_board_ea_devkit_4088.a(board_sysinit.o) (Chip_SetupXtalClocking)
C:\Users\JCT\Documents\MCUXpressoIDE_10.0.2_411\workspace\lpc_chip_40xx\Debug\liblpc_chip_40xx.a(timer_17xx_40xx.o)
                              ./example/src/ms_timer.o (Chip_TIMER_Init)
c:/system/mcuxpressoide_10.0.2_411/ide/tools/bin/../lib/gcc/arm-none-eabi/5.4.1/../../../../arm-none-eabi/lib/armv7e-m/softfp\libcr_semihost_nf.a(_cr__main.o)
                              ./example/src/cr_startup_lpc40xx.o (__main)
c:/system/mcuxpressoide_10.0.2_411/ide/tools/bin/../lib/gcc/arm-none-eabi/5.4.1/../../../../arm-none-eabi/lib/armv7e-m/softfp\libcr_c.a(memcpy.o)
                              ./freertos/src/queue.o (memcpy)
c:/system/mcuxpressoide_10.0.2_411/ide/tools/bin/../lib/gcc/arm-none-eabi/5.4.1/../../../../arm-none-eabi/lib/armv7e-m/softfp\libcr_c.a(memset.o)
                              ./freertos/src/tasks.o (memset)
c:/system/mcuxpressoide_10.0.2_411/ide/tools/bin/../lib/gcc/arm-none-eabi/5.4.1/../../../../arm-none-eabi/lib/armv7e-m/softfp\libcr_c.a(alloc.o)
                              ./freertos/src/heap_3.o (malloc)
c:/system/mcuxpressoide_10.0.2_411/ide/tools/bin/../lib/gcc/arm-none-eabi/5.4.1/../../../../arm-none-eabi/lib/armv7e-m/softfp\libcr_c.a(fpprintf.o)
                              ./freertos/src/FreeRTOSCommonHooks.o (printf)
c:/system/mcuxpressoide_10.0.2_411/ide/tools/bin/../lib/gcc/arm-none-eabi/5.4.1/../../../../arm-none-eabi/lib/armv7e-m/softfp\libcr_c.a(initio.o)
[...]
Memory Configuration

Name             Origin             Length             Attributes
MFlash512        0x00000000         0x00080000         xr
RamLoc64         0x10000000         0x00010000         xrw
RamPeriph32      0x20000000         0x00008000         xrw
*default*        0x00000000         0xffffffff

Linker script and memory map

LOAD ./freertos/src/FreeRTOSCommonHooks.o
LOAD ./freertos/src/heap_3.o
LOAD ./freertos/src/list.o
LOAD ./freertos/src/port.o
LOAD ./freertos/src/queue.o
LOAD ./freertos/src/tasks.o
LOAD ./example/src/cr_startup_lpc40xx.o
LOAD ./example/src/freertos_blinky.o
LOAD ./example/src/ms_timer.o
LOAD ./example/src/sysinit.o
LOAD C:\Users\JCT\Documents\MCUXpressoIDE_10.0.2_411\workspace\lpc_board_ea_devkit_4088\Debug\liblpc_board_ea_devkit_4088.a
LOAD C:\Users\JCT\Documents\MCUXpressoIDE_10.0.2_411\workspace\lpc_chip_40xx\Debug\liblpc_chip_40xx.a
START GROUP
LOAD c:/system/mcuxpressoide_10.0.2_411/ide/tools/bin/../lib/gcc/arm-none-eabi/5.4.1/../../../../arm-none-eabi/lib/armv7e-m/softfp\libcr_semihost_nf.a
LOAD c:/system/mcuxpressoide_10.0.2_411/ide/tools/bin/../lib/gcc/arm-none-eabi/5.4.1/../../../../arm-none-eabi/lib/armv7e-m/softfp\libcr_c.a
LOAD c:/system/mcuxpressoide_10.0.2_411/ide/tools/bin/../lib/gcc/arm-none-eabi/5.4.1/armv7e-m/softfp\libcr_eabihelpers.a
END GROUP
                0x00000000                __base_MFlash512 = 0x0
                0x00000000                __base_Flash = 0x0
                0x00080000                __top_MFlash512 = 0x80000
                0x00080000                __top_Flash = 0x80000
                0x10000000                __base_RamLoc64 = 0x10000000
                0x10000000                __base_RAM = 0x10000000
                0x10010000                __top_RamLoc64 = 0x10010000
                0x10010000                __top_RAM = 0x10010000
                0x20000000                __base_RamPeriph32 = 0x20000000
                0x20000000                __base_RAM2 = 0x20000000
                0x20008000                __top_RamPeriph32 = 0x20008000
                0x20008000                __top_RAM2 = 0x20008000

.text           0x00000000     0x58cc
 FILL mask 0xff
                0x00000000                __vectors_start__ = ABSOLUTE (.)
 *(.isr_vector)
 .isr_vector    0x00000000       0xe4 ./example/src/cr_startup_lpc40xx.o
                0x00000000                g_pfnVectors
                0x000000e4                . = ALIGN (0x4)
                0x000000e4                __section_table_start = .
                0x000000e4                __data_section_table = .
                0x000000e4        0x4 LONG 0x58cc LOADADDR (.data)
                0x000000e8        0x4 LONG 0x10000000 ADDR (.data)
                0x000000ec        0x4 LONG 0x8 SIZEOF (.data)
                0x000000f0        0x4 LONG 0x58cc LOADADDR (.data_RAM2)
                0x000000f4        0x4 LONG 0x20000000 ADDR (.data_RAM2)
                0x000000f8        0x4 LONG 0x0 SIZEOF (.data_RAM2)
                0x000000fc                __data_section_table_end = .
                0x000000fc                __bss_section_table = .
                0x000000fc        0x4 LONG 0x10000008 ADDR (.bss)
                0x00000100        0x4 LONG 0x214 SIZEOF (.bss)
                0x00000104        0x4 LONG 0x20000000 ADDR (.bss_RAM2)
                0x00000108        0x4 LONG 0x0 SIZEOF (.bss_RAM2)
                0x0000010c                __bss_section_table_end = .
                0x0000010c                __section_table_end = .
 *(.after_vectors*)
 .after_vectors
                0x0000010c      0x168 ./example/src/cr_startup_lpc40xx.o
                0x0000010c                data_init
                0x00000150                bss_init
                0x00000188                ResetISR
                0x00000220                NMI_Handler
                0x00000228                HardFault_Handler
                0x00000230                MemManage_Handler
                0x00000238                BusFault_Handler
                0x00000240                UsageFault_Handler
                0x00000250                DebugMon_Handler
                0x00000268                USBActivity_IRQHandler
                0x00000268                I2C1_IRQHandler
                0x00000268                EINT2_IRQHandler
                0x00000268                UART1_IRQHandler
                0x00000268                EINT3_IRQHandler
                0x00000268                CANActivity_IRQHandler
                0x00000268                TIMER3_IRQHandler
                0x00000268                UART0_IRQHandler
                0x00000268                I2C0_IRQHandler
                0x00000268                SDIO_IRQHandler
                0x00000268                IntDefaultHandler
                0x00000268                PLL0_IRQHandler
                0x00000268                CAN_IRQHandler
                0x00000268                PLL1_IRQHandler
                0x00000268                RIT_IRQHandler
                0x00000268                I2S_IRQHandler
                0x00000268                I2C2_IRQHandler
                0x00000268                RTC_IRQHandler
                0x00000268                SPI_IRQHandler
                0x00000268                LCD_IRQHandler
                0x00000268                PWM1_IRQHandler
                0x00000268                EINT1_IRQHandler
                0x00000268                TIMER1_IRQHandler
                0x00000268                UART2_IRQHandler
                0x00000268                UART4_IRQHandler
                0x00000268                ADC_IRQHandler
                0x00000268                SSP1_IRQHandler
                0x00000268                USB_IRQHandler
                0x00000268                BOD_IRQHandler
                0x00000268                TIMER2_IRQHandler
                0x00000268                WDT_IRQHandler
                0x00000268                QEI_IRQHandler
                0x00000268                EINT0_IRQHandler
                0x00000268                ETH_IRQHandler
                0x00000268                PWM0_IRQHandler
                0x00000268                SSP2_IRQHandler
                0x00000268                EEPROM_IRQHandler
                0x00000268                SSP0_IRQHandler
                0x00000268                DMA_IRQHandler
                0x00000268                GPIO_IRQHandler
                0x00000268                UART3_IRQHandler
                0x00000268                MCPWM_IRQHandler
 *(.text*)
 .text.vApplicationIdleHook
                0x00000274       0x10 ./freertos/src/FreeRTOSCommonHooks.o
                0x00000274                vApplicationIdleHook
 .text.pvPortMalloc
                0x00000284       0x24 ./freertos/src/heap_3.o
                0x00000284                pvPortMalloc
 .text.vPortFree
                0x000002a8       0x24 ./freertos/src/heap_3.o
                0x000002a8                vPortFree
 .text.vListInitialise
                0x000002cc       0x40 ./freertos/src/list.o
                0x000002cc                vListInitialise
 .text.vListInitialiseItem
                0x0000030c       0x1c ./freertos/src/list.o
                0x0000030c                vListInitialiseItem
 .text.vListInsertEnd
                0x00000328       0x48 ./freertos/src/list.o
                0x00000328                vListInsertEnd
 .text.vListInsert
                0x00000370       0x74 ./freertos/src/list.o
                0x00000370                vListInsert
 .text.uxListRemove
                0x000003e4       0x54 ./freertos/src/list.o
                0x000003e4                uxListRemove
 .text.pxPortInitialiseStack
                0x00000438       0x64 ./freertos/src/port.o
                0x00000438                pxPortInitialiseStack
 .text.prvTaskExitError
                0x0000049c        0xc ./freertos/src/port.o
 .text.SVC_Handler
                0x000004a8       0x20 ./freertos/src/port.o
                0x000004a8                SVC_Handler
 .text.prvPortStartFirstTask
                0x000004c8       0x18 ./freertos/src/port.o
 .text.xPortStartScheduler
                0x000004e0       0x4c ./freertos/src/port.o
                0x000004e0                xPortStartScheduler
 .text.vPortYield
                0x0000052c       0x24 ./freertos/src/port.o
                0x0000052c                vPortYield
 .text.vPortEnterCritical
                0x00000550       0x24 ./freertos/src/port.o
                0x00000550                vPortEnterCritical
 .text.vPortExitCritical
                0x00000574       0x24 ./freertos/src/port.o
                0x00000574                vPortExitCritical
 .text.ulPortSetInterruptMask
                0x00000598       0x14 ./freertos/src/port.o
                0x00000598                ulPortSetInterruptMask
 .text.vPortClearInterruptMask
                0x000005ac        0x8 ./freertos/src/port.o
                0x000005ac                vPortClearInterruptMask
 .text.PendSV_Handler
                0x000005b4       0x54 ./freertos/src/port.o
                0x000005b4                PendSV_Handler
 .text.SysTick_Handler
                0x00000608       0x28 ./freertos/src/port.o
                0x00000608                SysTick_Handler
 .text.vPortSuppressTicksAndSleep
                0x00000630      0x15c ./freertos/src/port.o
                0x00000630                vPortSuppressTicksAndSleep
 .text.vPortSetupTimerInterrupt
                0x0000078c       0x78 ./freertos/src/port.o
                0x0000078c                vPortSetupTimerInterrupt
 .text.vPortEnableVFP
                0x00000804       0x14 ./freertos/src/port.o
 .text.xQueueGenericReset
                0x00000818       0xa4 ./freertos/src/queue.o
                0x00000818                xQueueGenericReset
 .text.xQueueGenericCreate
                0x000008bc       0x78 ./freertos/src/queue.o
                0x000008bc                xQueueGenericCreate
 .text.xQueueGenericSend
                0x00000934      0x110 ./freertos/src/queue.o
                0x00000934                xQueueGenericSend
 .text.xQueueGenericReceive
                0x00000a44      0x16c ./freertos/src/queue.o
                0x00000a44                xQueueGenericReceive
 .text.prvCopyDataToQueue
                0x00000bb0       0xd0 ./freertos/src/queue.o
 .text.prvCopyDataFromQueue
                0x00000c80       0x4c ./freertos/src/queue.o
 .text.prvUnlockQueue
                0x00000ccc       0x98 ./freertos/src/queue.o
 .text.prvIsQueueEmpty
                0x00000d64       0x2c ./freertos/src/queue.o
 .text.prvIsQueueFull
                0x00000d90       0x30 ./freertos/src/queue.o
 .text.xTaskGenericCreate
                0x00000dc0      0x140 ./freertos/src/tasks.o
                0x00000dc0                xTaskGenericCreate
 .text.vTaskDelay
                0x00000f00       0x54 ./freertos/src/tasks.o
                0x00000f00                vTaskDelay
 .text.vTaskStartScheduler
                0x00000f54       0x58 ./freertos/src/tasks.o
                0x00000f54                vTaskStartScheduler
 .text.vTaskSuspendAll
                0x00000fac       0x1c ./freertos/src/tasks.o
                0x00000fac                vTaskSuspendAll
 .text.prvGetExpectedIdleTime
                0x00000fc8       0x50 ./freertos/src/tasks.o
 .text.xTaskResumeAll
                0x00001018       0xfc ./freertos/src/tasks.o
                0x00001018                xTaskResumeAll
 .text.vTaskStepTick
                0x00001114       0x24 ./freertos/src/tasks.o
                0x00001114                vTaskStepTick
 .text.xTaskIncrementTick
                0x00001138      0x18c ./freertos/src/tasks.o
                0x00001138                xTaskIncrementTick
 .text.vTaskSwitchContext
                0x000012c4       0x9c ./freertos/src/tasks.o
                0x000012c4                vTaskSwitchContext
 .text.vTaskPlaceOnEventList
                0x00001360       0x60 ./freertos/src/tasks.o
                0x00001360                vTaskPlaceOnEventList
 .text.xTaskRemoveFromEventList
                0x000013c0       0xac ./freertos/src/tasks.o
                0x000013c0                xTaskRemoveFromEventList
 .text.vTaskSetTimeOutState
                0x0000146c       0x2c ./freertos/src/tasks.o
                0x0000146c                vTaskSetTimeOutState
 .text.xTaskCheckForTimeOut
                0x00001498       0x88 ./freertos/src/tasks.o
                0x00001498                xTaskCheckForTimeOut
 .text.vTaskMissedYield
                0x00001520       0x18 ./freertos/src/tasks.o
                0x00001520                vTaskMissedYield
 .text.prvIdleTask
                0x00001538       0x48 ./freertos/src/tasks.o
 .text.eTaskConfirmSleepModeStatus
                0x00001580       0x5c ./freertos/src/tasks.o
                0x00001580                eTaskConfirmSleepModeStatus
 .text.prvInitialiseTCBVariables
                0x000015dc       0x98 ./freertos/src/tasks.o
 .text.prvInitialiseTaskLists
                0x00001674       0x80 ./freertos/src/tasks.o
 .text.prvCheckTasksWaitingTermination
                0x000016f4       0x78 ./freertos/src/tasks.o
 .text.prvAddCurrentTaskToDelayedList
                0x0000176c       0x6c ./freertos/src/tasks.o
 .text.prvAllocateTCBAndStack
                0x000017d8       0x64 ./freertos/src/tasks.o
 .text.prvDeleteTCB
                0x0000183c       0x20 ./freertos/src/tasks.o
 .text.xTaskGetCurrentTaskHandle
                0x0000185c       0x20 ./freertos/src/tasks.o
                0x0000185c                xTaskGetCurrentTaskHandle
 .text.vTaskPriorityInherit
                0x0000187c       0xb4 ./freertos/src/tasks.o
                0x0000187c                vTaskPriorityInherit
 .text.vTaskPriorityDisinherit
                0x00001930       0x7c ./freertos/src/tasks.o
                0x00001930                vTaskPriorityDisinherit
 .text.second_callback_isr
                0x000019ac       0x1c ./example/src/freertos_blinky.o
 .text.prvSetupHardware
                0x000019c8       0x24 ./example/src/freertos_blinky.o
 .text.vLEDTask1
                0x000019ec       0x28 ./example/src/freertos_blinky.o
 .text.vLEDTask2
                0x00001a14       0x30 ./example/src/freertos_blinky.o
 .text.vUARTTask
                0x00001a44       0x3c ./example/src/freertos_blinky.o
 .text.main     0x00001a80       0xac ./example/src/freertos_blinky.o
                0x00001a80                main
 .text.NVIC_EnableIRQ
                0x00001b2c       0x34 ./example/src/ms_timer.o
 .text.NVIC_ClearPendingIRQ
                0x00001b60       0x34 ./example/src/ms_timer.o
 .text.Chip_GPIO_SetPinState
                0x00001b94       0x6c ./example/src/ms_timer.o
 .text.Chip_GPIO_GetPinState
                0x00001c00       0x3c ./example/src/ms_timer.o
 .text.Chip_GPIO_SetPinDIROutput
                0x00001c3c       0x3c ./example/src/ms_timer.o
 .text.Chip_GPIO_SetPinToggle
                0x00001c78       0x4c ./example/src/ms_timer.o
 .text.Chip_TIMER_MatchPending
                0x00001cc4       0x34 ./example/src/ms_timer.o
 .text.Chip_TIMER_ClearMatch
                0x00001cf8       0x28 ./example/src/ms_timer.o
 .text.Chip_TIMER_Enable
                0x00001d20       0x20 ./example/src/ms_timer.o
 .text.Chip_TIMER_SetMatch
                0x00001d40       0x28 ./example/src/ms_timer.o
 .text.Chip_TIMER_MatchEnableInt
                0x00001d68       0x34 ./example/src/ms_timer.o
 .text.Chip_TIMER_ResetOnMatchEnable
                0x00001d9c       0x38 ./example/src/ms_timer.o
 .text.TIMER0_IRQHandler
                0x00001dd4       0x48 ./example/src/ms_timer.o
                0x00001dd4                TIMER0_IRQHandler
 .text.ms_timer_init
                0x00001e1c       0x78 ./example/src/ms_timer.o
                0x00001e1c                ms_timer_init
 .text.SystemInit
                0x00001e94       0x28 ./example/src/sysinit.o
                0x00001e94                SystemInit
 .text.Chip_IOCON_Init
                0x00001ebc       0x18 C:\Users\JCT\Documents\MCUXpressoIDE_10.0.2_411\workspace\lpc_board_ea_devkit_4088\Debug\liblpc_board_ea_devkit_4088.a(board.o)
 .text.Chip_IOCON_PinMuxSet
                0x00001ed4       0x30 C:\Users\JCT\Documents\MCUXpressoIDE_10.0.2_411\workspace\lpc_board_ea_devkit_4088\Debug\liblpc_board_ea_devkit_4088.a(board.o)
 .text.Chip_GPIO_Init
                0x00001f04       0x18 C:\Users\JCT\Documents\MCUXpressoIDE_10.0.2_411\workspace\lpc_board_ea_devkit_4088\Debug\liblpc_board_ea_devkit_4088.a(board.o)
 .text.Chip_GPIO_SetPinState
                0x00001f1c       0x6c C:\Users\JCT\Documents\MCUXpressoIDE_10.0.2_411\workspace\lpc_board_ea_devkit_4088\Debug\liblpc_board_ea_devkit_4088.a(board.o)
 .text.Chip_GPIO_WritePortBit
                0x00001f88       0x2c C:\Users\JCT\Documents\MCUXpressoIDE_10.0.2_411\workspace\lpc_board_ea_devkit_4088\Debug\liblpc_board_ea_devkit_4088.a(board.o)
 .text.Chip_GPIO_SetPinDIROutput
                0x00001fb4       0x3c C:\Users\JCT\Documents\MCUXpressoIDE_10.0.2_411\workspace\lpc_board_ea_devkit_4088\Debug\liblpc_board_ea_devkit_4088.a(board.o)
 .text.Chip_GPIO_SetPinDIRInput
                0x00001ff0       0x3c C:\Users\JCT\Documents\MCUXpressoIDE_10.0.2_411\workspace\lpc_board_ea_devkit_4088\Debug\liblpc_board_ea_devkit_4088.a(board.o)
 .text.Chip_GPIO_SetPinDIR
                0x0000202c       0x44 C:\Users\JCT\Documents\MCUXpressoIDE_10.0.2_411\workspace\lpc_board_ea_devkit_4088\Debug\liblpc_board_ea_devkit_4088.a(board.o)
 .text.Chip_GPIO_WriteDirBit
                0x00002070       0x30 C:\Users\JCT\Documents\MCUXpressoIDE_10.0.2_411\workspace\lpc_board_ea_devkit_4088\Debug\liblpc_board_ea_devkit_4088.a(board.o)
 .text.Board_LED_Init
                0x000020a0       0x70 C:\Users\JCT\Documents\MCUXpressoIDE_10.0.2_411\workspace\lpc_board_ea_devkit_4088\Debug\liblpc_board_ea_devkit_4088.a(board.o)
 .text.Board_LED_Set
                0x00002110       0x54 C:\Users\JCT\Documents\MCUXpressoIDE_10.0.2_411\workspace\lpc_board_ea_devkit_4088\Debug\liblpc_board_ea_devkit_4088.a(board.o)
                0x00002110                Board_LED_Set
 .text.Board_Init
                0x00002164       0x20 C:\Users\JCT\Documents\MCUXpressoIDE_10.0.2_411\workspace\lpc_board_ea_devkit_4088\Debug\liblpc_board_ea_devkit_4088.a(board.o)
                0x00002164                Board_Init
 .text.Chip_SYSCTL_EnableBoost
                0x00002184       0x1c C:\Users\JCT\Documents\MCUXpressoIDE_10.0.2_411\workspace\lpc_board_ea_devkit_4088\Debug\liblpc_board_ea_devkit_4088.a(board_sysinit.o)
 .text.Chip_Clock_SetEMCClockDiv
                0x000021a0       0x24 C:\Users\JCT\Documents\MCUXpressoIDE_10.0.2_411\workspace\lpc_board_ea_devkit_4088\Debug\liblpc_board_ea_devkit_4088.a(board_sysinit.o)
 .text.Chip_IOCON_PinMuxSet
                0x000021c4       0x30 C:\Users\JCT\Documents\MCUXpressoIDE_10.0.2_411\workspace\lpc_board_ea_devkit_4088\Debug\liblpc_board_ea_devkit_4088.a(board_sysinit.o)
 .text.Board_SetupMuxing
                0x000021f4       0x84 C:\Users\JCT\Documents\MCUXpressoIDE_10.0.2_411\workspace\lpc_board_ea_devkit_4088\Debug\liblpc_board_ea_devkit_4088.a(board_sysinit.o)
                0x000021f4                Board_SetupMuxing
 .text.Board_SetupClocking
                0x00002278       0x1c C:\Users\JCT\Documents\MCUXpressoIDE_10.0.2_411\workspace\lpc_board_ea_devkit_4088\Debug\liblpc_board_ea_devkit_4088.a(board_sysinit.o)
                0x00002278                Board_SetupClocking
 .text.Board_SetupExtMemory
                0x00002294       0x5c C:\Users\JCT\Documents\MCUXpressoIDE_10.0.2_411\workspace\lpc_board_ea_devkit_4088\Debug\liblpc_board_ea_devkit_4088.a(board_sysinit.o)
                0x00002294                Board_SetupExtMemory
 .text.Board_SystemInit
                0x000022f0       0x14 C:\Users\JCT\Documents\MCUXpressoIDE_10.0.2_411\workspace\lpc_board_ea_devkit_4088\Debug\liblpc_board_ea_devkit_4088.a(board_sysinit.o)
                0x000022f0                Board_SystemInit
 .text.SystemCoreClockUpdate
                0x00002304       0x18 C:\Users\JCT\Documents\MCUXpressoIDE_10.0.2_411\workspace\lpc_chip_40xx\Debug\liblpc_chip_40xx.a(chip_17xx_40xx.o)
                0x00002304                SystemCoreClockUpdate
 .text.Chip_Clock_IsMainPLLEnabled
                0x0000231c       0x28 C:\Users\JCT\Documents\MCUXpressoIDE_10.0.2_411\workspace\lpc_chip_40xx\Debug\liblpc_chip_40xx.a(clock_17xx_40xx.o)
 .text.Chip_Clock_FeedPLL
                0x00002344       0x38 C:\Users\JCT\Documents\MCUXpressoIDE_10.0.2_411\workspace\lpc_chip_40xx\Debug\liblpc_chip_40xx.a(clock_17xx_40xx.o)
 .text.Chip_Clock_GetMainPLLSource
                0x0000237c       0x20 C:\Users\JCT\Documents\MCUXpressoIDE_10.0.2_411\workspace\lpc_chip_40xx\Debug\liblpc_chip_40xx.a(clock_17xx_40xx.o)
 .text.Chip_Clock_GetMainOscRate
                0x0000239c       0x18 C:\Users\JCT\Documents\MCUXpressoIDE_10.0.2_411\workspace\lpc_chip_40xx\Debug\liblpc_chip_40xx.a(clock_17xx_40xx.o)
 .text.Chip_Clock_GetIntOscRate
                0x000023b4       0x14 C:\Users\JCT\Documents\MCUXpressoIDE_10.0.2_411\workspace\lpc_chip_40xx\Debug\liblpc_chip_40xx.a(clock_17xx_40xx.o)
 .text.Chip_Clock_GetMainPLLInClockRate
                0x000023c8       0x10 C:\Users\JCT\Documents\MCUXpressoIDE_10.0.2_411\workspace\lpc_chip_40xx\Debug\liblpc_chip_40xx.a(clock_17xx_40xx.o)
 .text.Chip_Clock_EnablePLL
                0x000023d8       0x44 C:\Users\JCT\Documents\MCUXpressoIDE_10.0.2_411\workspace\lpc_chip_40xx\Debug\liblpc_chip_40xx.a(clock_17xx_40xx.o)
                0x000023d8                Chip_Clock_EnablePLL
 .text.Chip_Clock_DisablePLL
                0x0000241c       0x48 C:\Users\JCT\Documents\MCUXpressoIDE_10.0.2_411\workspace\lpc_chip_40xx\Debug\liblpc_chip_40xx.a(clock_17xx_40xx.o)
                0x0000241c                Chip_Clock_DisablePLL
 .text.Chip_Clock_SetupPLL
                0x00002464       0x4c C:\Users\JCT\Documents\MCUXpressoIDE_10.0.2_411\workspace\lpc_chip_40xx\Debug\liblpc_chip_40xx.a(clock_17xx_40xx.o)
                0x00002464                Chip_Clock_SetupPLL
 .text.Chip_Clock_EnablePeriphClock
                0x000024b0       0x54 C:\Users\JCT\Documents\MCUXpressoIDE_10.0.2_411\workspace\lpc_chip_40xx\Debug\liblpc_chip_40xx.a(clock_17xx_40xx.o)
                0x000024b0                Chip_Clock_EnablePeriphClock
 .text.Chip_Clock_SetCPUClockSource
                0x00002504       0x44 C:\Users\JCT\Documents\MCUXpressoIDE_10.0.2_411\workspace\lpc_chip_40xx\Debug\liblpc_chip_40xx.a(clock_17xx_40xx.o)
                0x00002504                Chip_Clock_SetCPUClockSource
 .text.Chip_Clock_GetCPUClockSource
                0x00002548       0x30 C:\Users\JCT\Documents\MCUXpressoIDE_10.0.2_411\workspace\lpc_chip_40xx\Debug\liblpc_chip_40xx.a(clock_17xx_40xx.o)
                0x00002548                Chip_Clock_GetCPUClockSource
 .text.Chip_Clock_SetCPUClockDiv
                0x00002578       0x30 C:\Users\JCT\Documents\MCUXpressoIDE_10.0.2_411\workspace\lpc_chip_40xx\Debug\liblpc_chip_40xx.a(clock_17xx_40xx.o)
                0x00002578                Chip_Clock_SetCPUClockDiv
 .text.Chip_Clock_GetCPUClockDiv
                0x000025a8       0x1c C:\Users\JCT\Documents\MCUXpressoIDE_10.0.2_411\workspace\lpc_chip_40xx\Debug\liblpc_chip_40xx.a(clock_17xx_40xx.o)
                0x000025a8                Chip_Clock_GetCPUClockDiv
 .text.Chip_Clock_GetSYSCLKRate
                0x000025c4       0x2c C:\Users\JCT\Documents\MCUXpressoIDE_10.0.2_411\workspace\lpc_chip_40xx\Debug\liblpc_chip_40xx.a(clock_17xx_40xx.o)
                0x000025c4                Chip_Clock_GetSYSCLKRate
 .text.Chip_Clock_GetMainPLLOutClockRate
                0x000025f0       0x40 C:\Users\JCT\Documents\MCUXpressoIDE_10.0.2_411\workspace\lpc_chip_40xx\Debug\liblpc_chip_40xx.a(clock_17xx_40xx.o)
                0x000025f0                Chip_Clock_GetMainPLLOutClockRate
 .text.Chip_Clock_GetMainClockRate
                0x00002630       0x28 C:\Users\JCT\Documents\MCUXpressoIDE_10.0.2_411\workspace\lpc_chip_40xx\Debug\liblpc_chip_40xx.a(clock_17xx_40xx.o)
                0x00002630                Chip_Clock_GetMainClockRate
 .text.Chip_Clock_GetSystemClockRate
                0x00002658       0x18 C:\Users\JCT\Documents\MCUXpressoIDE_10.0.2_411\workspace\lpc_chip_40xx\Debug\liblpc_chip_40xx.a(clock_17xx_40xx.o)
                0x00002658                Chip_Clock_GetSystemClockRate
 .text.Chip_Clock_SetSPIFIClockSource
                0x00002670       0x34 C:\Users\JCT\Documents\MCUXpressoIDE_10.0.2_411\workspace\lpc_chip_40xx\Debug\liblpc_chip_40xx.a(clock_17xx_40xx.o)
                0x00002670                Chip_Clock_SetSPIFIClockSource
 .text.Chip_Clock_SetSPIFIClockDiv
                0x000026a4       0x30 C:\Users\JCT\Documents\MCUXpressoIDE_10.0.2_411\workspace\lpc_chip_40xx\Debug\liblpc_chip_40xx.a(clock_17xx_40xx.o)
                0x000026a4                Chip_Clock_SetSPIFIClockDiv
 .text.Chip_Clock_GetEMCClockDiv
                0x000026d4       0x1c C:\Users\JCT\Documents\MCUXpressoIDE_10.0.2_411\workspace\lpc_chip_40xx\Debug\liblpc_chip_40xx.a(emc_17xx_40xx.o)
 .text.Chip_Clock_GetEMCClockRate
                0x000026f0       0x18 C:\Users\JCT\Documents\MCUXpressoIDE_10.0.2_411\workspace\lpc_chip_40xx\Debug\liblpc_chip_40xx.a(emc_17xx_40xx.o)
 .text.convertTimmingParam
                0x00002708       0x6c C:\Users\JCT\Documents\MCUXpressoIDE_10.0.2_411\workspace\lpc_chip_40xx\Debug\liblpc_chip_40xx.a(emc_17xx_40xx.o)
 .text.getColsLen
                0x00002774       0x50 C:\Users\JCT\Documents\MCUXpressoIDE_10.0.2_411\workspace\lpc_chip_40xx\Debug\liblpc_chip_40xx.a(emc_17xx_40xx.o)
 .text.initDynMem
                0x000027c4      0x294 C:\Users\JCT\Documents\MCUXpressoIDE_10.0.2_411\workspace\lpc_chip_40xx\Debug\liblpc_chip_40xx.a(emc_17xx_40xx.o)
                0x000027c4                initDynMem
 .text.initStaticMem
                0x00002a58       0xb0 C:\Users\JCT\Documents\MCUXpressoIDE_10.0.2_411\workspace\lpc_chip_40xx\Debug\liblpc_chip_40xx.a(emc_17xx_40xx.o)
                0x00002a58                initStaticMem
 .text.Chip_EMC_Dynamic_Init
                0x00002b08       0x24 C:\Users\JCT\Documents\MCUXpressoIDE_10.0.2_411\workspace\lpc_chip_40xx\Debug\liblpc_chip_40xx.a(emc_17xx_40xx.o)
                0x00002b08                Chip_EMC_Dynamic_Init
 .text.Chip_EMC_Static_Init
                0x00002b2c       0x24 C:\Users\JCT\Documents\MCUXpressoIDE_10.0.2_411\workspace\lpc_chip_40xx\Debug\liblpc_chip_40xx.a(emc_17xx_40xx.o)
                0x00002b2c                Chip_EMC_Static_Init
 .text.Chip_EMC_Init
                0x00002b50       0x50 C:\Users\JCT\Documents\MCUXpressoIDE_10.0.2_411\workspace\lpc_chip_40xx\Debug\liblpc_chip_40xx.a(emc_17xx_40xx.o)
                0x00002b50                Chip_EMC_Init
 .text.fpuInit  0x00002ba0       0x74 C:\Users\JCT\Documents\MCUXpressoIDE_10.0.2_411\workspace\lpc_chip_40xx\Debug\liblpc_chip_40xx.a(fpu_init.o)
                0x00002ba0                fpuInit
 .text.Chip_IOCON_PinMuxSet
                0x00002c14       0x30 C:\Users\JCT\Documents\MCUXpressoIDE_10.0.2_411\workspace\lpc_chip_40xx\Debug\liblpc_chip_40xx.a(iocon_17xx_40xx.o)
 .text.Chip_IOCON_SetPinMuxing
                0x00002c44       0x64 C:\Users\JCT\Documents\MCUXpressoIDE_10.0.2_411\workspace\lpc_chip_40xx\Debug\liblpc_chip_40xx.a(iocon_17xx_40xx.o)
                0x00002c44                Chip_IOCON_SetPinMuxing
 .text.Chip_SYSCTL_PeriphReset
                0x00002ca8       0x68 C:\Users\JCT\Documents\MCUXpressoIDE_10.0.2_411\workspace\lpc_chip_40xx\Debug\liblpc_chip_40xx.a(sysctl_17xx_40xx.o)
                0x00002ca8                Chip_SYSCTL_PeriphReset
 .text.Chip_Clock_IsMainPLLEnabled
                0x00002d10       0x28 C:\Users\JCT\Documents\MCUXpressoIDE_10.0.2_411\workspace\lpc_chip_40xx\Debug\liblpc_chip_40xx.a(sysinit_17xx_40xx.o)
 .text.Chip_Clock_IsMainPLLLocked
                0x00002d38       0x28 C:\Users\JCT\Documents\MCUXpressoIDE_10.0.2_411\workspace\lpc_chip_40xx\Debug\liblpc_chip_40xx.a(sysinit_17xx_40xx.o)
 .text.Chip_Clock_EnableCrystal
                0x00002d60       0x24 C:\Users\JCT\Documents\MCUXpressoIDE_10.0.2_411\workspace\lpc_chip_40xx\Debug\liblpc_chip_40xx.a(sysinit_17xx_40xx.o)
 .text.Chip_Clock_IsCrystalEnabled
                0x00002d84       0x28 C:\Users\JCT\Documents\MCUXpressoIDE_10.0.2_411\workspace\lpc_chip_40xx\Debug\liblpc_chip_40xx.a(sysinit_17xx_40xx.o)
 .text.Chip_Clock_SetMainPLLSource
                0x00002dac       0x24 C:\Users\JCT\Documents\MCUXpressoIDE_10.0.2_411\workspace\lpc_chip_40xx\Debug\liblpc_chip_40xx.a(sysinit_17xx_40xx.o)
 .text.Chip_Clock_SetPCLKDiv
                0x00002dd0       0x20 C:\Users\JCT\Documents\MCUXpressoIDE_10.0.2_411\workspace\lpc_chip_40xx\Debug\liblpc_chip_40xx.a(sysinit_17xx_40xx.o)
 .text.Chip_SetupXtalClocking
                0x00002df0       0x84 C:\Users\JCT\Documents\MCUXpressoIDE_10.0.2_411\workspace\lpc_chip_40xx\Debug\liblpc_chip_40xx.a(sysinit_17xx_40xx.o)
                0x00002df0                Chip_SetupXtalClocking
 .text.Chip_Timer_GetClockIndex
                0x00002e74       0x50 C:\Users\JCT\Documents\MCUXpressoIDE_10.0.2_411\workspace\lpc_chip_40xx\Debug\liblpc_chip_40xx.a(timer_17xx_40xx.o)
 .text.Chip_TIMER_Init
                0x00002ec4       0x20 C:\Users\JCT\Documents\MCUXpressoIDE_10.0.2_411\workspace\lpc_chip_40xx\Debug\liblpc_chip_40xx.a(timer_17xx_40xx.o)
                0x00002ec4                Chip_TIMER_Init
 .text.Chip_TIMER_Reset
                0x00002ee4       0x3c C:\Users\JCT\Documents\MCUXpressoIDE_10.0.2_411\workspace\lpc_chip_40xx\Debug\liblpc_chip_40xx.a(timer_17xx_40xx.o)
                0x00002ee4                Chip_TIMER_Reset
 .text.__main   0x00002f20        0xe c:/system/mcuxpressoide_10.0.2_411/ide/tools/bin/../lib/gcc/arm-none-eabi/5.4.1/../../../../arm-none-eabi/lib/armv7e-m/softfp\libcr_semihost_nf.a(_cr__main.o)
                0x00002f20                __CR_SEMIHOST
                0x00002f20                __main
 .text.memcpy   0x00002f2e        0x4 c:/system/mcuxpressoide_10.0.2_411/ide/tools/bin/../lib/gcc/arm-none-eabi/5.4.1/../../../../arm-none-eabi/lib/armv7e-m/softfp\libcr_c.a(memcpy.o)
                0x00002f2e                memcpy
 .text.memset   0x00002f32        0x4 c:/system/mcuxpressoide_10.0.2_411/ide/tools/bin/../lib/gcc/arm-none-eabi/5.4.1/../../../../arm-none-eabi/lib/armv7e-m/softfp\libcr_c.a(memset.o)
                0x00002f32                memset
 *fill*         0x00002f36        0x2 ff
 .text.malloc   0x00002f38       0xc8 c:/system/mcuxpressoide_10.0.2_411/ide/tools/bin/../lib/gcc/arm-none-eabi/5.4.1/../../../../arm-none-eabi/lib/armv7e-m/softfp\libcr_c.a(alloc.o)
                0x00002f38                malloc
 .text.free     0x00003000       0x30 c:/system/mcuxpressoide_10.0.2_411/ide/tools/bin/../lib/gcc/arm-none-eabi/5.4.1/../../../../arm-none-eabi/lib/armv7e-m/softfp\libcr_c.a(alloc.o)
                0x00003000                free
 .text._Csys_alloc
                0x00003030       0x20 c:/system/mcuxpressoide_10.0.2_411/ide/tools/bin/../lib/gcc/arm-none-eabi/5.4.1/../../../../arm-none-eabi/lib/armv7e-m/softfp\libcr_c.a(alloc.o)
                0x00003030                _Csys_alloc
 .text.fp_round
                0x00003050       0x4e c:/system/mcuxpressoide_10.0.2_411/ide/tools/bin/../lib/gcc/arm-none-eabi/5.4.1/../../../../arm-none-eabi/lib/armv7e-m/softfp\libcr_c.a(fpprintf.o)
 .text.pr_dec.constprop.1
                0x0000309e       0x26 c:/system/mcuxpressoide_10.0.2_411/ide/tools/bin/../lib/gcc/arm-none-eabi/5.4.1/../../../../arm-none-eabi/lib/armv7e-m/softfp\libcr_c.a(fpprintf.o)
 .text.sprintf  0x000030c4       0x6c c:/system/mcuxpressoide_10.0.2_411/ide/tools/bin/../lib/gcc/arm-none-eabi/5.4.1/../../../../arm-none-eabi/lib/armv7e-m/softfp\libcr_c.a(fpprintf.o)
                0x000030c4                sprintf
 .text.fp_display
                0x00003130      0x8f8 c:/system/mcuxpressoide_10.0.2_411/ide/tools/bin/../lib/gcc/arm-none-eabi/5.4.1/../../../../arm-none-eabi/lib/armv7e-m/softfp\libcr_c.a(fpprintf.o)
 .text.vsnprintf
                0x00003a28       0x5c c:/system/mcuxpressoide_10.0.2_411/ide/tools/bin/../lib/gcc/arm-none-eabi/5.4.1/../../../../arm-none-eabi/lib/armv7e-m/softfp\libcr_c.a(fpprintf.o)
                0x00003a28                vsnprintf
 .text.printf   0x00003a84       0x54 c:/system/mcuxpressoide_10.0.2_411/ide/tools/bin/../lib/gcc/arm-none-eabi/5.4.1/../../../../arm-none-eabi/lib/armv7e-m/softfp\libcr_c.a(fpprintf.o)
                0x00003a84                printf
 .text._initio  0x00003ad8       0x78 c:/system/mcuxpressoide_10.0.2_411/ide/tools/bin/../lib/gcc/arm-none-eabi/5.4.1/../../../../arm-none-eabi/lib/armv7e-m/softfp\libcr_c.a(initio.o)
                0x00003ad8                _initio
 .text.__vfprintf
                0x00003b50      0xd48 c:/system/mcuxpressoide_10.0.2_411/ide/tools/bin/../lib/gcc/arm-none-eabi/5.4.1/../../../../arm-none-eabi/lib/armv7e-m/softfp\libcr_c.a(printf.o)
                0x00003b50                __vfprintf
 .text.setvbuf  0x00004898       0x44 c:/system/mcuxpressoide_10.0.2_411/ide/tools/bin/../lib/gcc/arm-none-eabi/5.4.1/../../../../arm-none-eabi/lib/armv7e-m/softfp\libcr_c.a(setvbuf.o)
                0x00004898                setvbuf
 .text.strlen   0x000048dc       0x4a c:/system/mcuxpressoide_10.0.2_411/ide/tools/bin/../lib/gcc/arm-none-eabi/5.4.1/../../../../arm-none-eabi/lib/armv7e-m/softfp\libcr_c.a(strlen.o)
                0x000048dc                strlen
 *fill*         0x00004926        0x2 ff
 .text._sbrk    0x00004928       0x40 c:/system/mcuxpressoide_10.0.2_411/ide/tools/bin/../lib/gcc/arm-none-eabi/5.4.1/../../../../arm-none-eabi/lib/armv7e-m/softfp\libcr_c.a(_cr_sbrk.o)
                0x00004928                _sbrk
 .text._deferredlazyseek
                0x00004968       0x40 c:/system/mcuxpressoide_10.0.2_411/ide/tools/bin/../lib/gcc/arm-none-eabi/5.4.1/../../../../arm-none-eabi/lib/armv7e-m/softfp\libcr_c.a(_deferredlazyseek.o)
                0x00004968                _deferredlazyseek
 .text.__flsbuf
                0x000049a8      0x13e c:/system/mcuxpressoide_10.0.2_411/ide/tools/bin/../lib/gcc/arm-none-eabi/5.4.1/../../../../arm-none-eabi/lib/armv7e-m/softfp\libcr_c.a(_deferredlazyseek.o)
                0x000049a8                __flsbuf
 .text._fdopen  0x00004ae6       0x6a c:/system/mcuxpressoide_10.0.2_411/ide/tools/bin/../lib/gcc/arm-none-eabi/5.4.1/../../../../arm-none-eabi/lib/armv7e-m/softfp\libcr_c.a(_fdopen.o)
                0x00004ae6                _fdopen
 .text._fflush  0x00004b50       0x54 c:/system/mcuxpressoide_10.0.2_411/ide/tools/bin/../lib/gcc/arm-none-eabi/5.4.1/../../../../arm-none-eabi/lib/armv7e-m/softfp\libcr_c.a(_fflush.o)
                0x00004b50                _fflush
 .text._frexpl  0x00004ba4       0x5a c:/system/mcuxpressoide_10.0.2_411/ide/tools/bin/../lib/gcc/arm-none-eabi/5.4.1/../../../../arm-none-eabi/lib/armv7e-m/softfp\libcr_c.a(_frexpl.o)
                0x00004ba4                _frexpl
 *fill*         0x00004bfe        0x2 ff
 .text._ldexpl  0x00004c00       0x4c c:/system/mcuxpressoide_10.0.2_411/ide/tools/bin/../lib/gcc/arm-none-eabi/5.4.1/../../../../arm-none-eabi/lib/armv7e-m/softfp\libcr_c.a(_ldexpl.o)
                0x00004c00                _ldexpl
 .text._Cwritebuf
                0x00004c4c       0x68 c:/system/mcuxpressoide_10.0.2_411/ide/tools/bin/../lib/gcc/arm-none-eabi/5.4.1/../../../../arm-none-eabi/lib/armv7e-m/softfp\libcr_c.a(_writebuf.o)
                0x00004c4c                _Cwritebuf
 .text.fclose   0x00004cb4       0x58 c:/system/mcuxpressoide_10.0.2_411/ide/tools/bin/../lib/gcc/arm-none-eabi/5.4.1/../../../../arm-none-eabi/lib/armv7e-m/softfp\libcr_c.a(fclose.o)
                0x00004cb4                fclose
 .text.fflush   0x00004d0c       0x48 c:/system/mcuxpressoide_10.0.2_411/ide/tools/bin/../lib/gcc/arm-none-eabi/5.4.1/../../../../arm-none-eabi/lib/armv7e-m/softfp\libcr_c.a(fflush.o)
                0x00004d0c                fflush
 .text.fseek    0x00004d54      0x100 c:/system/mcuxpressoide_10.0.2_411/ide/tools/bin/../lib/gcc/arm-none-eabi/5.4.1/../../../../arm-none-eabi/lib/armv7e-m/softfp\libcr_c.a(fseek.o)
                0x00004d54                fseek
 .text.ftell    0x00004e54       0x48 c:/system/mcuxpressoide_10.0.2_411/ide/tools/bin/../lib/gcc/arm-none-eabi/5.4.1/../../../../arm-none-eabi/lib/armv7e-m/softfp\libcr_c.a(ftell.o)
                0x00004e54                ftell
 .text.remove   0x00004e9c       0x14 c:/system/mcuxpressoide_10.0.2_411/ide/tools/bin/../lib/gcc/arm-none-eabi/5.4.1/../../../../arm-none-eabi/lib/armv7e-m/softfp\libcr_c.a(remove.o)
                0x00004e9c                remove
 .text.__check_heap_overflow
                0x00004eb0       0x18 c:/system/mcuxpressoide_10.0.2_411/ide/tools/bin/../lib/gcc/arm-none-eabi/5.4.1/../../../../arm-none-eabi/lib/armv7e-m/softfp\libcr_c.a(_cr_check_heap.o)
                0x00004eb0                __check_heap_overflow
 .text._do_fflush
                0x00004ec8       0x42 c:/system/mcuxpressoide_10.0.2_411/ide/tools/bin/../lib/gcc/arm-none-eabi/5.4.1/../../../../arm-none-eabi/lib/armv7e-m/softfp\libcr_c.a(_do_fflush.o)
                0x00004ec8                _do_fflush
 *fill*         0x00004f0a        0x2 ff
 .text.__aeabi_dmul
                0x00004f0c      0x110 c:/system/mcuxpressoide_10.0.2_411/ide/tools/bin/../lib/gcc/arm-none-eabi/5.4.1/armv7e-m/softfp\libcr_eabihelpers.a(double.o)
                0x00004f0c                __aeabi_dmul
 .text.__aeabi_ddiv
                0x0000501c      0x13c c:/system/mcuxpressoide_10.0.2_411/ide/tools/bin/../lib/gcc/arm-none-eabi/5.4.1/armv7e-m/softfp\libcr_eabihelpers.a(double.o)
                0x0000501c                __aeabi_ddiv
 .text.__aeabi_dsub
                0x00005158      0x1b4 c:/system/mcuxpressoide_10.0.2_411/ide/tools/bin/../lib/gcc/arm-none-eabi/5.4.1/armv7e-m/softfp\libcr_eabihelpers.a(double.o)
                0x00005158                __aeabi_dsub
 .text.__aeabi_dadd
                0x0000530c      0x114 c:/system/mcuxpressoide_10.0.2_411/ide/tools/bin/../lib/gcc/arm-none-eabi/5.4.1/armv7e-m/softfp\libcr_eabihelpers.a(double.o)
                0x0000530c                __aeabi_dadd
 .text.__aeabi_d2iz
                0x00005420       0x40 c:/system/mcuxpressoide_10.0.2_411/ide/tools/bin/../lib/gcc/arm-none-eabi/5.4.1/armv7e-m/softfp\libcr_eabihelpers.a(double.o)
                0x00005420                __aeabi_d2iz
 .text.__bhs_ui2d
                0x00005460       0x46 c:/system/mcuxpressoide_10.0.2_411/ide/tools/bin/../lib/gcc/arm-none-eabi/5.4.1/armv7e-m/softfp\libcr_eabihelpers.a(double.o)
                0x00005460                __bhs_ui2d
 .text.__aeabi_i2d
                0x000054a6       0x10 c:/system/mcuxpressoide_10.0.2_411/ide/tools/bin/../lib/gcc/arm-none-eabi/5.4.1/armv7e-m/softfp\libcr_eabihelpers.a(double.o)
                0x000054a6                __aeabi_i2d
 .text.__aeabi_dcmpeq
                0x000054b6       0x30 c:/system/mcuxpressoide_10.0.2_411/ide/tools/bin/../lib/gcc/arm-none-eabi/5.4.1/armv7e-m/softfp\libcr_eabihelpers.a(double.o)
                0x000054b6                __aeabi_dcmpeq
 .text.__aeabi_dcmplt
                0x000054e6       0x58 c:/system/mcuxpressoide_10.0.2_411/ide/tools/bin/../lib/gcc/arm-none-eabi/5.4.1/armv7e-m/softfp\libcr_eabihelpers.a(double.o)
                0x000054e6                __aeabi_dcmplt
 .text.__aeabi_dcmple
                0x0000553e       0x54 c:/system/mcuxpressoide_10.0.2_411/ide/tools/bin/../lib/gcc/arm-none-eabi/5.4.1/armv7e-m/softfp\libcr_eabihelpers.a(double.o)
                0x0000553e                __aeabi_dcmple
 .text.__aeabi_dcmpge
                0x00005592       0x54 c:/system/mcuxpressoide_10.0.2_411/ide/tools/bin/../lib/gcc/arm-none-eabi/5.4.1/armv7e-m/softfp\libcr_eabihelpers.a(double.o)
                0x00005592                __aeabi_dcmpge
 .text.__aeabi_memcpy
                0x000055e6       0x34 c:/system/mcuxpressoide_10.0.2_411/ide/tools/bin/../lib/gcc/arm-none-eabi/5.4.1/armv7e-m/softfp\libcr_eabihelpers.a(memcpy.o)
                0x000055e6                __aeabi_memcpy
                0x000055f0                __aeabi_memcpy8
                0x000055f0                __aeabi_memcpy4
 .text.__aeabi_memset_lowlevel
                0x0000561a       0x32 c:/system/mcuxpressoide_10.0.2_411/ide/tools/bin/../lib/gcc/arm-none-eabi/5.4.1/armv7e-m/softfp\libcr_eabihelpers.a(memcpy.o)
                0x0000561a                __aeabi_lowlevel_memset
 .text.__sys_appexit
                0x0000564c        0xc c:/system/mcuxpressoide_10.0.2_411/ide/tools/bin/../lib/gcc/arm-none-eabi/5.4.1/../../../../arm-none-eabi/lib/armv7e-m/softfp\libcr_semihost_nf.a(__sys_appexit.o)
                0x0000564c                __sys_appexit
                0x0000564c                __exit
 .text.__sys_close
                0x00005658        0xc c:/system/mcuxpressoide_10.0.2_411/ide/tools/bin/../lib/gcc/arm-none-eabi/5.4.1/../../../../arm-none-eabi/lib/armv7e-m/softfp\libcr_semihost_nf.a(__sys_close.o)
                0x00005658                __sys_close
 .text.__sys_flen
                0x00005664        0xc c:/system/mcuxpressoide_10.0.2_411/ide/tools/bin/../lib/gcc/arm-none-eabi/5.4.1/../../../../arm-none-eabi/lib/armv7e-m/softfp\libcr_semihost_nf.a(__sys_flen.o)
                0x00005664                __sys_flen
 .text.__sys_istty
                0x00005670        0xc c:/system/mcuxpressoide_10.0.2_411/ide/tools/bin/../lib/gcc/arm-none-eabi/5.4.1/../../../../arm-none-eabi/lib/armv7e-m/softfp\libcr_semihost_nf.a(__sys_istty.o)
                0x00005670                __sys_istty
 .text.__sys_remove
                0x0000567c        0xc c:/system/mcuxpressoide_10.0.2_411/ide/tools/bin/../lib/gcc/arm-none-eabi/5.4.1/../../../../arm-none-eabi/lib/armv7e-m/softfp\libcr_semihost_nf.a(__sys_remove.o)
                0x0000567c                __sys_remove
 .text.__sys_seek
                0x00005688        0xc c:/system/mcuxpressoide_10.0.2_411/ide/tools/bin/../lib/gcc/arm-none-eabi/5.4.1/../../../../arm-none-eabi/lib/armv7e-m/softfp\libcr_semihost_nf.a(__sys_seek.o)
                0x00005688                __sys_seek
 .text.__sys_tmpnam
                0x00005694        0xc c:/system/mcuxpressoide_10.0.2_411/ide/tools/bin/../lib/gcc/arm-none-eabi/5.4.1/../../../../arm-none-eabi/lib/armv7e-m/softfp\libcr_semihost_nf.a(__sys_tmpnam.o)
                0x00005694                __sys_tmpnam
 .text.__sys_write
                0x000056a0        0xc c:/system/mcuxpressoide_10.0.2_411/ide/tools/bin/../lib/gcc/arm-none-eabi/5.4.1/../../../../arm-none-eabi/lib/armv7e-m/softfp\libcr_semihost_nf.a(__sys_write.o)
                0x000056a0                __sys_write
 *(.rodata .rodata.* .constdata .constdata.*)
 .rodata        0x000056ac        0x5 ./freertos/src/tasks.o
 *fill*         0x000056b1        0x3 ff
 .rodata        0x000056b4       0x3a ./example/src/freertos_blinky.o
 *fill*         0x000056ee        0x2 ff
 .rodata.OscRateIn
                0x000056f0        0x4 C:\Users\JCT\Documents\MCUXpressoIDE_10.0.2_411\workspace\lpc_board_ea_devkit_4088\Debug\liblpc_board_ea_devkit_4088.a(board.o)
                0x000056f0                OscRateIn
 .rodata.ledports
                0x000056f4        0x4 C:\Users\JCT\Documents\MCUXpressoIDE_10.0.2_411\workspace\lpc_board_ea_devkit_4088\Debug\liblpc_board_ea_devkit_4088.a(board.o)
 .rodata.ledpins
                0x000056f8        0x4 C:\Users\JCT\Documents\MCUXpressoIDE_10.0.2_411\workspace\lpc_board_ea_devkit_4088\Debug\liblpc_board_ea_devkit_4088.a(board.o)
 .rodata.pinmuxing
                0x000056fc       0x88 C:\Users\JCT\Documents\MCUXpressoIDE_10.0.2_411\workspace\lpc_board_ea_devkit_4088\Debug\liblpc_board_ea_devkit_4088.a(board_sysinit.o)
 .rodata.IS42S32800D_config
                0x00005784       0x74 C:\Users\JCT\Documents\MCUXpressoIDE_10.0.2_411\workspace\lpc_board_ea_devkit_4088\Debug\liblpc_board_ea_devkit_4088.a(board_sysinit.o)
 .rodata.SST39VF320_config
                0x000057f8       0x20 C:\Users\JCT\Documents\MCUXpressoIDE_10.0.2_411\workspace\lpc_board_ea_devkit_4088\Debug\liblpc_board_ea_devkit_4088.a(board_sysinit.o)
 .rodata.K9F1G_config
                0x00005818       0x20 C:\Users\JCT\Documents\MCUXpressoIDE_10.0.2_411\workspace\lpc_board_ea_devkit_4088\Debug\liblpc_board_ea_devkit_4088.a(board_sysinit.o)
 .rodata.str1.1
                0x00005838       0x18 c:/system/mcuxpressoide_10.0.2_411/ide/tools/bin/../lib/gcc/arm-none-eabi/5.4.1/../../../../arm-none-eabi/lib/armv7e-m/softfp\libcr_c.a(alloc.o)
 .rodata.str1.1
                0x00005850       0x34 c:/system/mcuxpressoide_10.0.2_411/ide/tools/bin/../lib/gcc/arm-none-eabi/5.4.1/../../../../arm-none-eabi/lib/armv7e-m/softfp\libcr_c.a(fpprintf.o)
                                 0x35 (size before relaxing)
 .rodata.str1.1
                0x00005884        0x4 c:/system/mcuxpressoide_10.0.2_411/ide/tools/bin/../lib/gcc/arm-none-eabi/5.4.1/../../../../arm-none-eabi/lib/armv7e-m/softfp\libcr_c.a(initio.o)
 .rodata.str1.1
                0x00005888       0x31 c:/system/mcuxpressoide_10.0.2_411/ide/tools/bin/../lib/gcc/arm-none-eabi/5.4.1/../../../../arm-none-eabi/lib/armv7e-m/softfp\libcr_c.a(printf.o)
                                 0x38 (size before relaxing)
 *fill*         0x000058b9        0x7 ff
 .rodata.__huge_vall
                0x000058c0        0x8 c:/system/mcuxpressoide_10.0.2_411/ide/tools/bin/../lib/gcc/arm-none-eabi/5.4.1/../../../../arm-none-eabi/lib/armv7e-m/softfp\libcr_c.a(_hugeval.o)
                0x000058c0                __huge_vall
 .rodata.__num_Ciob_streams
                0x000058c8        0x4 c:/system/mcuxpressoide_10.0.2_411/ide/tools/bin/../lib/gcc/arm-none-eabi/5.4.1/../../../../arm-none-eabi/lib/armv7e-m/softfp\libcr_semihost_nf.a(__ciob.o)
                0x000058c8                __num_Ciob_streams
                0x000058cc                . = ALIGN (0x4)

.glue_7         0x000058cc        0x0
 .glue_7        0x000058cc        0x0 linker stubs

.glue_7t        0x000058cc        0x0
 .glue_7t       0x000058cc        0x0 linker stubs

.vfp11_veneer   0x000058cc        0x0
 .vfp11_veneer  0x000058cc        0x0 linker stubs

.v4_bx          0x000058cc        0x0
 .v4_bx         0x000058cc        0x0 linker stubs

.iplt           0x000058cc        0x0
 .iplt          0x000058cc        0x0 ./freertos/src/FreeRTOSCommonHooks.o

.rel.dyn        0x000058cc        0x0
 .rel.iplt      0x000058cc        0x0 ./freertos/src/FreeRTOSCommonHooks.o

.ARM.extab
 *(.ARM.extab* .gnu.linkonce.armextab.*)
                0x000058cc                __exidx_start = .

.ARM.exidx
 *(.ARM.exidx* .gnu.linkonce.armexidx.*)
                0x000058cc                __exidx_end = .
                0x000058cc                _etext = .

.data_RAM2      0x20000000        0x0 load address 0x000058cc
 FILL mask 0xff
                [!provide]                PROVIDE (__start_data_RAM2, .)
 *(.ramfunc.$RAM2)
 *(.ramfunc.$RamPeriph32)
 *(.data.$RAM2*)
 *(.data.$RamPeriph32*)
                0x20000000                . = ALIGN (0x4)
                [!provide]                PROVIDE (__end_data_RAM2, .)

.uninit_RESERVED
                0x10000000        0x0
 *(.bss.$RESERVED*)
                0x10000000                . = ALIGN (0x4)
                0x10000000                _end_uninit_RESERVED = .

.data           0x10000000        0x8 load address 0x000058cc
 FILL mask 0xff
                0x10000000                _data = .
 *(vtable)
 *(.ramfunc*)
 *(.data*)
 .data.uxCriticalNesting
                0x10000000        0x4 ./freertos/src/port.o
 .data.xNextTaskUnblockTime
                0x10000004        0x4 ./freertos/src/tasks.o
                0x10000008                . = ALIGN (0x4)
                0x10000008                _edata = .

.igot.plt       0x10000008        0x0 load address 0x000058d4
 .igot.plt      0x10000008        0x0 ./freertos/src/FreeRTOSCommonHooks.o

.bss_RAM2       0x20000000        0x0
                [!provide]                PROVIDE (__start_bss_RAM2, .)
 *(.bss.$RAM2*)
 *(.bss.$RamPeriph32*)
                0x20000000                . = ALIGN ((. != 0x0)?0x4:0x1)
                [!provide]                PROVIDE (__end_bss_RAM2, .)

.bss            0x10000008      0x214
                0x10000008                _bss = .
 *(.bss*)
 .bss.ulTimerCountsForOneTick
                0x10000008        0x4 ./freertos/src/port.o
 .bss.xMaximumPossibleSuppressedTicks
                0x1000000c        0x4 ./freertos/src/port.o
 .bss.ulStoppedTimerCompensation
                0x10000010        0x4 ./freertos/src/port.o
 .bss.pxCurrentTCB
                0x10000014        0x4 ./freertos/src/tasks.o
                0x10000014                pxCurrentTCB
 .bss.pxReadyTasksLists
                0x10000018       0xa0 ./freertos/src/tasks.o
 .bss.xDelayedTaskList1
                0x100000b8       0x14 ./freertos/src/tasks.o
 .bss.xDelayedTaskList2
                0x100000cc       0x14 ./freertos/src/tasks.o
 .bss.pxDelayedTaskList
                0x100000e0        0x4 ./freertos/src/tasks.o
 .bss.pxOverflowDelayedTaskList
                0x100000e4        0x4 ./freertos/src/tasks.o
 .bss.xPendingReadyList
                0x100000e8       0x14 ./freertos/src/tasks.o
 .bss.xTasksWaitingTermination
                0x100000fc       0x14 ./freertos/src/tasks.o
 .bss.uxTasksDeleted
                0x10000110        0x4 ./freertos/src/tasks.o
 .bss.xSuspendedTaskList
                0x10000114       0x14 ./freertos/src/tasks.o
 .bss.uxCurrentNumberOfTasks
                0x10000128        0x4 ./freertos/src/tasks.o
 .bss.xTickCount
                0x1000012c        0x4 ./freertos/src/tasks.o
 .bss.uxTopReadyPriority
                0x10000130        0x4 ./freertos/src/tasks.o
 .bss.xSchedulerRunning
                0x10000134        0x4 ./freertos/src/tasks.o
 .bss.uxSchedulerSuspended
                0x10000138        0x4 ./freertos/src/tasks.o
 .bss.uxPendedTicks
                0x1000013c        0x4 ./freertos/src/tasks.o
 .bss.xYieldPending
                0x10000140        0x4 ./freertos/src/tasks.o
 .bss.xNumOfOverflows
                0x10000144        0x4 ./freertos/src/tasks.o
 .bss.uxTaskNumber
                0x10000148        0x4 ./freertos/src/tasks.o
 .bss.msCount   0x1000014c        0x4 ./example/src/ms_timer.o
 .bss.__heaps   0x10000150        0x4 c:/system/mcuxpressoide_10.0.2_411/ide/tools/bin/../lib/gcc/arm-none-eabi/5.4.1/../../../../arm-none-eabi/lib/armv7e-m/softfp\libcr_c.a(__init_alloc.o)
                0x10000150                __heaps
 .bss.__end_of_heap
                0x10000154        0x4 c:/system/mcuxpressoide_10.0.2_411/ide/tools/bin/../lib/gcc/arm-none-eabi/5.4.1/../../../../arm-none-eabi/lib/armv7e-m/softfp\libcr_c.a(__init_alloc.o)
                0x10000154                __end_of_heap
 .bss.errno     0x10000158        0x4 c:/system/mcuxpressoide_10.0.2_411/ide/tools/bin/../lib/gcc/arm-none-eabi/5.4.1/../../../../arm-none-eabi/lib/armv7e-m/softfp\libcr_c.a(errno.o)
                0x10000158                errno
 .bss.__Ciob    0x1000015c       0xb4 c:/system/mcuxpressoide_10.0.2_411/ide/tools/bin/../lib/gcc/arm-none-eabi/5.4.1/../../../../arm-none-eabi/lib/armv7e-m/softfp\libcr_semihost_nf.a(__ciob.o)
                0x1000015c                __Ciob
 *(COMMON)
 COMMON         0x10000210        0x4 ./example/src/freertos_blinky.o
                0x10000210                second_isr_semaphore
 COMMON         0x10000214        0x4 ./example/src/ms_timer.o
                0x10000214                callback
 COMMON         0x10000218        0x4 C:\Users\JCT\Documents\MCUXpressoIDE_10.0.2_411\workspace\lpc_chip_40xx\Debug\liblpc_chip_40xx.a(chip_17xx_40xx.o)
                0x10000218                SystemCoreClock
                0x1000021c                . = ALIGN (0x4)
                0x1000021c                _ebss = .
                [!provide]                PROVIDE (end, .)

.noinit_RAM2    0x20000000        0x0
 *(.noinit.$RAM2*)
 *(.noinit.$RamPeriph32*)
                0x20000000                . = ALIGN (0x4)

.noinit         0x1000021c        0x0
                0x1000021c                _noinit = .
 *(.noinit*)
                0x1000021c                . = ALIGN (0x4)
                0x1000021c                _end_noinit = .
                0x1000021c                PROVIDE (_pvHeapStart, DEFINED (__user_heap_base)?__user_heap_base:.)
                0x10010000                PROVIDE (_vStackTop, DEFINED (__user_stack_top)?__user_stack_top:(__top_RamLoc64 - 0x0))
                [!provide]                PROVIDE (__valid_user_code_checksum, (0x0 - ((((((_vStackTop + (ResetISR + 0x1)) + (NMI_Handler + 0x1)) + (HardFault_Handler + 0x1)) + (DEFINED (MemManage_Handler)?MemManage_Handler:0x0 + 0x1)) + (DEFINED (BusFault_Handler)?BusFault_Handler:0x0 + 0x1)) + (DEFINED (UsageFault_Handler)?UsageFault_Handler:0x0 + 0x1))))
OUTPUT(freertos_blinky_ms_timer.axf elf32-littlearm)

.debug_info     0x00000000     0x8b48
 .debug_info    0x00000000      0x19f ./freertos/src/FreeRTOSCommonHooks.o
 .debug_info    0x0000019f      0x134 ./freertos/src/heap_3.o
 .debug_info    0x000002d3      0x2cf ./freertos/src/list.o
 .debug_info    0x000005a2      0x410 ./freertos/src/port.o
 .debug_info    0x000009b2      0xbf9 ./freertos/src/queue.o
 .debug_info    0x000015ab     0x1220 ./freertos/src/tasks.o
 .debug_info    0x000027cb      0x262 ./example/src/cr_startup_lpc40xx.o
 .debug_info    0x00002a2d      0x2ab ./example/src/freertos_blinky.o
 .debug_info    0x00002cd8      0x92c ./example/src/ms_timer.o
 .debug_info    0x00003604      0x110 ./example/src/sysinit.o
 .debug_info    0x00003714     0x1b25 C:\Users\JCT\Documents\MCUXpressoIDE_10.0.2_411\workspace\lpc_board_ea_devkit_4088\Debug\liblpc_board_ea_devkit_4088.a(board.o)
 .debug_info    0x00005239      0xa1c C:\Users\JCT\Documents\MCUXpressoIDE_10.0.2_411\workspace\lpc_board_ea_devkit_4088\Debug\liblpc_board_ea_devkit_4088.a(board_sysinit.o)
 .debug_info    0x00005c55      0x5fa C:\Users\JCT\Documents\MCUXpressoIDE_10.0.2_411\workspace\lpc_chip_40xx\Debug\liblpc_chip_40xx.a(chip_17xx_40xx.o)
 .debug_info    0x0000624f      0xb85 C:\Users\JCT\Documents\MCUXpressoIDE_10.0.2_411\workspace\lpc_chip_40xx\Debug\liblpc_chip_40xx.a(clock_17xx_40xx.o)
 .debug_info    0x00006dd4      0xc57 C:\Users\JCT\Documents\MCUXpressoIDE_10.0.2_411\workspace\lpc_chip_40xx\Debug\liblpc_chip_40xx.a(emc_17xx_40xx.o)
 .debug_info    0x00007a2b      0x128 C:\Users\JCT\Documents\MCUXpressoIDE_10.0.2_411\workspace\lpc_chip_40xx\Debug\liblpc_chip_40xx.a(fpu_init.o)
 .debug_info    0x00007b53      0x1fe C:\Users\JCT\Documents\MCUXpressoIDE_10.0.2_411\workspace\lpc_chip_40xx\Debug\liblpc_chip_40xx.a(iocon_17xx_40xx.o)
 .debug_info    0x00007d51      0x512 C:\Users\JCT\Documents\MCUXpressoIDE_10.0.2_411\workspace\lpc_chip_40xx\Debug\liblpc_chip_40xx.a(sysctl_17xx_40xx.o)
 .debug_info    0x00008263      0x4ec C:\Users\JCT\Documents\MCUXpressoIDE_10.0.2_411\workspace\lpc_chip_40xx\Debug\liblpc_chip_40xx.a(sysinit_17xx_40xx.o)
 .debug_info    0x0000874f      0x3f9 C:\Users\JCT\Documents\MCUXpressoIDE_10.0.2_411\workspace\lpc_chip_40xx\Debug\liblpc_chip_40xx.a(timer_17xx_40xx.o)

.debug_abbrev   0x00000000     0x1f75
 .debug_abbrev  0x00000000      0x129 ./freertos/src/FreeRTOSCommonHooks.o
 .debug_abbrev  0x00000129       0xd4 ./freertos/src/heap_3.o
 .debug_abbrev  0x000001fd       0xec ./freertos/src/list.o
 .debug_abbrev  0x000002e9      0x1df ./freertos/src/port.o
 .debug_abbrev  0x000004c8      0x206 ./freertos/src/queue.o
 .debug_abbrev  0x000006ce      0x246 ./freertos/src/tasks.o
 .debug_abbrev  0x00000914       0xf5 ./example/src/cr_startup_lpc40xx.o
 .debug_abbrev  0x00000a09      0x114 ./example/src/freertos_blinky.o
 .debug_abbrev  0x00000b1d      0x241 ./example/src/ms_timer.o
 .debug_abbrev  0x00000d5e       0xa3 ./example/src/sysinit.o
 .debug_abbrev  0x00000e01      0x36a C:\Users\JCT\Documents\MCUXpressoIDE_10.0.2_411\workspace\lpc_board_ea_devkit_4088\Debug\liblpc_board_ea_devkit_4088.a(board.o)
 .debug_abbrev  0x0000116b      0x234 C:\Users\JCT\Documents\MCUXpressoIDE_10.0.2_411\workspace\lpc_board_ea_devkit_4088\Debug\liblpc_board_ea_devkit_4088.a(board_sysinit.o)
 .debug_abbrev  0x0000139f      0x15e C:\Users\JCT\Documents\MCUXpressoIDE_10.0.2_411\workspace\lpc_chip_40xx\Debug\liblpc_chip_40xx.a(chip_17xx_40xx.o)
 .debug_abbrev  0x000014fd      0x2b4 C:\Users\JCT\Documents\MCUXpressoIDE_10.0.2_411\workspace\lpc_chip_40xx\Debug\liblpc_chip_40xx.a(clock_17xx_40xx.o)
 .debug_abbrev  0x000017b1      0x1fb C:\Users\JCT\Documents\MCUXpressoIDE_10.0.2_411\workspace\lpc_chip_40xx\Debug\liblpc_chip_40xx.a(emc_17xx_40xx.o)
 .debug_abbrev  0x000019ac       0x84 C:\Users\JCT\Documents\MCUXpressoIDE_10.0.2_411\workspace\lpc_chip_40xx\Debug\liblpc_chip_40xx.a(fpu_init.o)
 .debug_abbrev  0x00001a30      0x122 C:\Users\JCT\Documents\MCUXpressoIDE_10.0.2_411\workspace\lpc_chip_40xx\Debug\liblpc_chip_40xx.a(iocon_17xx_40xx.o)
 .debug_abbrev  0x00001b52      0x14b C:\Users\JCT\Documents\MCUXpressoIDE_10.0.2_411\workspace\lpc_chip_40xx\Debug\liblpc_chip_40xx.a(sysctl_17xx_40xx.o)
 .debug_abbrev  0x00001c9d      0x175 C:\Users\JCT\Documents\MCUXpressoIDE_10.0.2_411\workspace\lpc_chip_40xx\Debug\liblpc_chip_40xx.a(sysinit_17xx_40xx.o)
 .debug_abbrev  0x00001e12      0x163 C:\Users\JCT\Documents\MCUXpressoIDE_10.0.2_411\workspace\lpc_chip_40xx\Debug\liblpc_chip_40xx.a(timer_17xx_40xx.o)

.debug_aranges  0x00000000      0xa48
 .debug_aranges
                0x00000000       0x40 ./freertos/src/FreeRTOSCommonHooks.o
 .debug_aranges
                0x00000040       0x28 ./freertos/src/heap_3.o
 .debug_aranges
                0x00000068       0x40 ./freertos/src/list.o
 .debug_aranges
                0x000000a8       0x98 ./freertos/src/port.o
 .debug_aranges
                0x00000140       0xf0 ./freertos/src/queue.o
 .debug_aranges
                0x00000230      0x170 ./freertos/src/tasks.o
 .debug_aranges
                0x000003a0       0x80 ./example/src/cr_startup_lpc40xx.o
 .debug_aranges
                0x00000420       0x48 ./example/src/freertos_blinky.o
 .debug_aranges
                0x00000468       0xb0 ./example/src/ms_timer.o
 .debug_aranges
                0x00000518       0x20 ./example/src/sysinit.o
 .debug_aranges
                0x00000538      0x1c8 C:\Users\JCT\Documents\MCUXpressoIDE_10.0.2_411\workspace\lpc_board_ea_devkit_4088\Debug\liblpc_board_ea_devkit_4088.a(board.o)
 .debug_aranges
                0x00000700       0x50 C:\Users\JCT\Documents\MCUXpressoIDE_10.0.2_411\workspace\lpc_board_ea_devkit_4088\Debug\liblpc_board_ea_devkit_4088.a(board_sysinit.o)
 .debug_aranges
                0x00000750       0x30 C:\Users\JCT\Documents\MCUXpressoIDE_10.0.2_411\workspace\lpc_chip_40xx\Debug\liblpc_chip_40xx.a(chip_17xx_40xx.o)
 .debug_aranges
                0x00000780      0x138 C:\Users\JCT\Documents\MCUXpressoIDE_10.0.2_411\workspace\lpc_chip_40xx\Debug\liblpc_chip_40xx.a(clock_17xx_40xx.o)
 .debug_aranges
                0x000008b8       0x80 C:\Users\JCT\Documents\MCUXpressoIDE_10.0.2_411\workspace\lpc_chip_40xx\Debug\liblpc_chip_40xx.a(emc_17xx_40xx.o)
 .debug_aranges
                0x00000938       0x20 C:\Users\JCT\Documents\MCUXpressoIDE_10.0.2_411\workspace\lpc_chip_40xx\Debug\liblpc_chip_40xx.a(fpu_init.o)
 .debug_aranges
                0x00000958       0x28 C:\Users\JCT\Documents\MCUXpressoIDE_10.0.2_411\workspace\lpc_chip_40xx\Debug\liblpc_chip_40xx.a(iocon_17xx_40xx.o)
 .debug_aranges
                0x00000980       0x28 C:\Users\JCT\Documents\MCUXpressoIDE_10.0.2_411\workspace\lpc_chip_40xx\Debug\liblpc_chip_40xx.a(sysctl_17xx_40xx.o)
 .debug_aranges
                0x000009a8       0x60 C:\Users\JCT\Documents\MCUXpressoIDE_10.0.2_411\workspace\lpc_chip_40xx\Debug\liblpc_chip_40xx.a(sysinit_17xx_40xx.o)
 .debug_aranges
                0x00000a08       0x40 C:\Users\JCT\Documents\MCUXpressoIDE_10.0.2_411\workspace\lpc_chip_40xx\Debug\liblpc_chip_40xx.a(timer_17xx_40xx.o)

.debug_ranges   0x00000000      0x908
 .debug_ranges  0x00000000       0x30 ./freertos/src/FreeRTOSCommonHooks.o
 .debug_ranges  0x00000030       0x18 ./freertos/src/heap_3.o
 .debug_ranges  0x00000048       0x30 ./freertos/src/list.o
 .debug_ranges  0x00000078       0x88 ./freertos/src/port.o
 .debug_ranges  0x00000100       0xe0 ./freertos/src/queue.o
 .debug_ranges  0x000001e0      0x160 ./freertos/src/tasks.o
 .debug_ranges  0x00000340       0x70 ./example/src/cr_startup_lpc40xx.o
 .debug_ranges  0x000003b0       0x38 ./example/src/freertos_blinky.o
 .debug_ranges  0x000003e8       0xa0 ./example/src/ms_timer.o
 .debug_ranges  0x00000488       0x10 ./example/src/sysinit.o
 .debug_ranges  0x00000498      0x1b8 C:\Users\JCT\Documents\MCUXpressoIDE_10.0.2_411\workspace\lpc_board_ea_devkit_4088\Debug\liblpc_board_ea_devkit_4088.a(board.o)
 .debug_ranges  0x00000650       0x40 C:\Users\JCT\Documents\MCUXpressoIDE_10.0.2_411\workspace\lpc_board_ea_devkit_4088\Debug\liblpc_board_ea_devkit_4088.a(board_sysinit.o)
 .debug_ranges  0x00000690       0x20 C:\Users\JCT\Documents\MCUXpressoIDE_10.0.2_411\workspace\lpc_chip_40xx\Debug\liblpc_chip_40xx.a(chip_17xx_40xx.o)
 .debug_ranges  0x000006b0      0x128 C:\Users\JCT\Documents\MCUXpressoIDE_10.0.2_411\workspace\lpc_chip_40xx\Debug\liblpc_chip_40xx.a(clock_17xx_40xx.o)
 .debug_ranges  0x000007d8       0x70 C:\Users\JCT\Documents\MCUXpressoIDE_10.0.2_411\workspace\lpc_chip_40xx\Debug\liblpc_chip_40xx.a(emc_17xx_40xx.o)
 .debug_ranges  0x00000848       0x10 C:\Users\JCT\Documents\MCUXpressoIDE_10.0.2_411\workspace\lpc_chip_40xx\Debug\liblpc_chip_40xx.a(fpu_init.o)
 .debug_ranges  0x00000858       0x18 C:\Users\JCT\Documents\MCUXpressoIDE_10.0.2_411\workspace\lpc_chip_40xx\Debug\liblpc_chip_40xx.a(iocon_17xx_40xx.o)
 .debug_ranges  0x00000870       0x18 C:\Users\JCT\Documents\MCUXpressoIDE_10.0.2_411\workspace\lpc_chip_40xx\Debug\liblpc_chip_40xx.a(sysctl_17xx_40xx.o)
 .debug_ranges  0x00000888       0x50 C:\Users\JCT\Documents\MCUXpressoIDE_10.0.2_411\workspace\lpc_chip_40xx\Debug\liblpc_chip_40xx.a(sysinit_17xx_40xx.o)
 .debug_ranges  0x000008d8       0x30 C:\Users\JCT\Documents\MCUXpressoIDE_10.0.2_411\workspace\lpc_chip_40xx\Debug\liblpc_chip_40xx.a(timer_17xx_40xx.o)

.debug_macro    0x00000000     0x8d8e
 .debug_macro   0x00000000      0x31b ./freertos/src/FreeRTOSCommonHooks.o
 .debug_macro   0x0000031b      0x8a4 ./freertos/src/FreeRTOSCommonHooks.o
 .debug_macro   0x00000bbf       0x10 ./freertos/src/FreeRTOSCommonHooks.o
 .debug_macro   0x00000bcf      0x12d ./freertos/src/FreeRTOSCommonHooks.o
 .debug_macro   0x00000cfc       0x16 ./freertos/src/FreeRTOSCommonHooks.o
 .debug_macro   0x00000d12       0x46 ./freertos/src/FreeRTOSCommonHooks.o
 .debug_macro   0x00000d58      0x5b2 ./freertos/src/FreeRTOSCommonHooks.o
 .debug_macro   0x0000130a       0x22 ./freertos/src/FreeRTOSCommonHooks.o
 .debug_macro   0x0000132c       0x74 ./freertos/src/FreeRTOSCommonHooks.o
 .debug_macro   0x000013a0       0x16 ./freertos/src/FreeRTOSCommonHooks.o
 .debug_macro   0x000013b6       0x2d ./freertos/src/FreeRTOSCommonHooks.o
 .debug_macro   0x000013e3       0x3b ./freertos/src/FreeRTOSCommonHooks.o
 .debug_macro   0x0000141e       0x2d ./freertos/src/FreeRTOSCommonHooks.o
 .debug_macro   0x0000144b       0x42 ./freertos/src/FreeRTOSCommonHooks.o
 .debug_macro   0x0000148d      0xd39 ./freertos/src/FreeRTOSCommonHooks.o
 .debug_macro   0x000021c6      0x295 ./freertos/src/FreeRTOSCommonHooks.o
 .debug_macro   0x0000245b       0x50 ./freertos/src/FreeRTOSCommonHooks.o
 .debug_macro   0x000024ab       0x34 ./freertos/src/FreeRTOSCommonHooks.o
 .debug_macro   0x000024df      0x152 ./freertos/src/FreeRTOSCommonHooks.o
 .debug_macro   0x00002631       0x82 ./freertos/src/FreeRTOSCommonHooks.o
 .debug_macro   0x000026b3      0x48c ./freertos/src/FreeRTOSCommonHooks.o
 .debug_macro   0x00002b3f      0x12d ./freertos/src/FreeRTOSCommonHooks.o
 .debug_macro   0x00002c6c       0x6a ./freertos/src/FreeRTOSCommonHooks.o
 .debug_macro   0x00002cd6       0x34 ./freertos/src/FreeRTOSCommonHooks.o
 .debug_macro   0x00002d0a       0x58 ./freertos/src/FreeRTOSCommonHooks.o
 .debug_macro   0x00002d62      0x236 ./freertos/src/FreeRTOSCommonHooks.o
 .debug_macro   0x00002f98      0x4c5 ./freertos/src/FreeRTOSCommonHooks.o
 .debug_macro   0x0000345d      0x1da ./freertos/src/FreeRTOSCommonHooks.o
 .debug_macro   0x00003637       0x10 ./freertos/src/FreeRTOSCommonHooks.o
 .debug_macro   0x00003647      0x21b ./freertos/src/FreeRTOSCommonHooks.o
 .debug_macro   0x00003862      0x1b9 ./freertos/src/FreeRTOSCommonHooks.o
 .debug_macro   0x00003a1b       0x2e ./freertos/src/FreeRTOSCommonHooks.o
 .debug_macro   0x00003a49       0x40 ./freertos/src/FreeRTOSCommonHooks.o
 .debug_macro   0x00003a89      0x209 ./freertos/src/FreeRTOSCommonHooks.o
 .debug_macro   0x00003c92      0x2b3 ./freertos/src/FreeRTOSCommonHooks.o
 .debug_macro   0x00003f45      0x34c ./freertos/src/FreeRTOSCommonHooks.o
 .debug_macro   0x00004291       0xb2 ./freertos/src/FreeRTOSCommonHooks.o
 .debug_macro   0x00004343       0x16 ./freertos/src/FreeRTOSCommonHooks.o
 .debug_macro   0x00004359       0xb8 ./freertos/src/FreeRTOSCommonHooks.o
 .debug_macro   0x00004411       0x4c ./freertos/src/FreeRTOSCommonHooks.o
 .debug_macro   0x0000445d       0x16 ./freertos/src/FreeRTOSCommonHooks.o
 .debug_macro   0x00004473      0x328 ./freertos/src/FreeRTOSCommonHooks.o
 .debug_macro   0x0000479b       0x3a ./freertos/src/FreeRTOSCommonHooks.o
 .debug_macro   0x000047d5       0x16 ./freertos/src/FreeRTOSCommonHooks.o
 .debug_macro   0x000047eb       0xca ./freertos/src/FreeRTOSCommonHooks.o
 .debug_macro   0x000048b5       0x11 ./freertos/src/FreeRTOSCommonHooks.o
 .debug_macro   0x000048c6       0x16 ./freertos/src/FreeRTOSCommonHooks.o
 .debug_macro   0x000048dc       0x8e ./freertos/src/FreeRTOSCommonHooks.o
 .debug_macro   0x0000496a      0x124 ./freertos/src/FreeRTOSCommonHooks.o
 .debug_macro   0x00004a8e       0x6c ./freertos/src/FreeRTOSCommonHooks.o
 .debug_macro   0x00004afa       0x9a ./freertos/src/FreeRTOSCommonHooks.o
 .debug_macro   0x00004b94       0x20 ./freertos/src/FreeRTOSCommonHooks.o
 .debug_macro   0x00004bb4       0x2e ./freertos/src/FreeRTOSCommonHooks.o
 .debug_macro   0x00004be2       0xef ./freertos/src/FreeRTOSCommonHooks.o
 .debug_macro   0x00004cd1       0xab ./freertos/src/FreeRTOSCommonHooks.o
 .debug_macro   0x00004d7c       0x12 ./freertos/src/FreeRTOSCommonHooks.o
 .debug_macro   0x00004d8e       0x1f ./freertos/src/FreeRTOSCommonHooks.o
 .debug_macro   0x00004dad      0x257 ./freertos/src/FreeRTOSCommonHooks.o
 .debug_macro   0x00005004       0x64 ./freertos/src/FreeRTOSCommonHooks.o
 .debug_macro   0x00005068       0x57 ./freertos/src/FreeRTOSCommonHooks.o
 .debug_macro   0x000050bf      0x331 ./freertos/src/heap_3.o
 .debug_macro   0x000053f0       0x28 ./freertos/src/heap_3.o
 .debug_macro   0x00005418      0x316 ./freertos/src/list.o
 .debug_macro   0x0000572e      0x3ba ./freertos/src/port.o
 .debug_macro   0x00005ae8      0x379 ./freertos/src/queue.o
 .debug_macro   0x00005e61       0xb0 ./freertos/src/queue.o
 .debug_macro   0x00005f11      0x3b5 ./freertos/src/tasks.o
 .debug_macro   0x000062c6       0x5b ./freertos/src/tasks.o
 .debug_macro   0x00006321       0x16 ./freertos/src/tasks.o
 .debug_macro   0x00006337       0x1d ./example/src/cr_startup_lpc40xx.o
 .debug_macro   0x00006354      0x32d ./example/src/freertos_blinky.o
 .debug_macro   0x00006681       0x7b ./example/src/freertos_blinky.o
 .debug_macro   0x000066fc       0x18 ./example/src/freertos_blinky.o
 .debug_macro   0x00006714       0x10 ./example/src/freertos_blinky.o
 .debug_macro   0x00006724       0xf5 ./example/src/freertos_blinky.o
 .debug_macro   0x00006819       0x77 ./example/src/freertos_blinky.o
 .debug_macro   0x00006890      0x2a8 ./example/src/ms_timer.o
 .debug_macro   0x00006b38       0xa0 ./example/src/ms_timer.o
 .debug_macro   0x00006bd8      0x296 ./example/src/sysinit.o
 .debug_macro   0x00006e6e      0x3cf C:\Users\JCT\Documents\MCUXpressoIDE_10.0.2_411\workspace\lpc_board_ea_devkit_4088\Debug\liblpc_board_ea_devkit_4088.a(board.o)
 .debug_macro   0x0000723d      0x8aa C:\Users\JCT\Documents\MCUXpressoIDE_10.0.2_411\workspace\lpc_board_ea_devkit_4088\Debug\liblpc_board_ea_devkit_4088.a(board.o)
 .debug_macro   0x00007ae7       0x12 C:\Users\JCT\Documents\MCUXpressoIDE_10.0.2_411\workspace\lpc_board_ea_devkit_4088\Debug\liblpc_board_ea_devkit_4088.a(board.o)
 .debug_macro   0x00007af9      0x29c C:\Users\JCT\Documents\MCUXpressoIDE_10.0.2_411\workspace\lpc_board_ea_devkit_4088\Debug\liblpc_board_ea_devkit_4088.a(board_sysinit.o)
 .debug_macro   0x00007d95      0x22c C:\Users\JCT\Documents\MCUXpressoIDE_10.0.2_411\workspace\lpc_chip_40xx\Debug\liblpc_chip_40xx.a(chip_17xx_40xx.o)
 .debug_macro   0x00007fc1      0x22c C:\Users\JCT\Documents\MCUXpressoIDE_10.0.2_411\workspace\lpc_chip_40xx\Debug\liblpc_chip_40xx.a(clock_17xx_40xx.o)
 .debug_macro   0x000081ed      0x232 C:\Users\JCT\Documents\MCUXpressoIDE_10.0.2_411\workspace\lpc_chip_40xx\Debug\liblpc_chip_40xx.a(emc_17xx_40xx.o)
 .debug_macro   0x0000841f       0xbf C:\Users\JCT\Documents\MCUXpressoIDE_10.0.2_411\workspace\lpc_chip_40xx\Debug\liblpc_chip_40xx.a(fpu_init.o)
 .debug_macro   0x000084de      0x22c C:\Users\JCT\Documents\MCUXpressoIDE_10.0.2_411\workspace\lpc_chip_40xx\Debug\liblpc_chip_40xx.a(iocon_17xx_40xx.o)
 .debug_macro   0x0000870a      0x22c C:\Users\JCT\Documents\MCUXpressoIDE_10.0.2_411\workspace\lpc_chip_40xx\Debug\liblpc_chip_40xx.a(sysctl_17xx_40xx.o)
 .debug_macro   0x00008936      0x22c C:\Users\JCT\Documents\MCUXpressoIDE_10.0.2_411\workspace\lpc_chip_40xx\Debug\liblpc_chip_40xx.a(sysinit_17xx_40xx.o)
 .debug_macro   0x00008b62      0x22c C:\Users\JCT\Documents\MCUXpressoIDE_10.0.2_411\workspace\lpc_chip_40xx\Debug\liblpc_chip_40xx.a(timer_17xx_40xx.o)

.debug_line     0x00000000     0x84d8
 .debug_line    0x00000000      0x73c ./freertos/src/FreeRTOSCommonHooks.o
 .debug_line    0x0000073c      0x6e1 ./freertos/src/heap_3.o
 .debug_line    0x00000e1d      0x72d ./freertos/src/list.o
 .debug_line    0x0000154a      0x82c ./freertos/src/port.o
 .debug_line    0x00001d76      0xa37 ./freertos/src/queue.o
 .debug_line    0x000027ad      0xdda ./freertos/src/tasks.o
 .debug_line    0x00003587       0xe1 ./example/src/cr_startup_lpc40xx.o
 .debug_line    0x00003668      0x77c ./example/src/freertos_blinky.o
 .debug_line    0x00003de4      0x6f7 ./example/src/ms_timer.o
 .debug_line    0x000044db      0x581 ./example/src/sysinit.o
 .debug_line    0x00004a5c      0xb7d C:\Users\JCT\Documents\MCUXpressoIDE_10.0.2_411\workspace\lpc_board_ea_devkit_4088\Debug\liblpc_board_ea_devkit_4088.a(board.o)
 .debug_line    0x000055d9      0x632 C:\Users\JCT\Documents\MCUXpressoIDE_10.0.2_411\workspace\lpc_board_ea_devkit_4088\Debug\liblpc_board_ea_devkit_4088.a(board_sysinit.o)
 .debug_line    0x00005c0b      0x4dc C:\Users\JCT\Documents\MCUXpressoIDE_10.0.2_411\workspace\lpc_chip_40xx\Debug\liblpc_chip_40xx.a(chip_17xx_40xx.o)
 .debug_line    0x000060e7      0x79c C:\Users\JCT\Documents\MCUXpressoIDE_10.0.2_411\workspace\lpc_chip_40xx\Debug\liblpc_chip_40xx.a(clock_17xx_40xx.o)
 .debug_line    0x00006883      0x655 C:\Users\JCT\Documents\MCUXpressoIDE_10.0.2_411\workspace\lpc_chip_40xx\Debug\liblpc_chip_40xx.a(emc_17xx_40xx.o)
 .debug_line    0x00006ed8      0x1fe C:\Users\JCT\Documents\MCUXpressoIDE_10.0.2_411\workspace\lpc_chip_40xx\Debug\liblpc_chip_40xx.a(fpu_init.o)
 .debug_line    0x000070d6      0x4cf C:\Users\JCT\Documents\MCUXpressoIDE_10.0.2_411\workspace\lpc_chip_40xx\Debug\liblpc_chip_40xx.a(iocon_17xx_40xx.o)
 .debug_line    0x000075a5      0x4c1 C:\Users\JCT\Documents\MCUXpressoIDE_10.0.2_411\workspace\lpc_chip_40xx\Debug\liblpc_chip_40xx.a(sysctl_17xx_40xx.o)
 .debug_line    0x00007a66      0x56b C:\Users\JCT\Documents\MCUXpressoIDE_10.0.2_411\workspace\lpc_chip_40xx\Debug\liblpc_chip_40xx.a(sysinit_17xx_40xx.o)
 .debug_line    0x00007fd1      0x507 C:\Users\JCT\Documents\MCUXpressoIDE_10.0.2_411\workspace\lpc_chip_40xx\Debug\liblpc_chip_40xx.a(timer_17xx_40xx.o)

.debug_str      0x00000000    0x1fb6e
 .debug_str     0x00000000    0x18f48 ./freertos/src/FreeRTOSCommonHooks.o
                              0x19053 (size before relaxing)
 .debug_str     0x00018f48      0x103 ./freertos/src/heap_3.o
                              0x19067 (size before relaxing)
 .debug_str     0x0001904b      0x12e ./freertos/src/list.o
                              0x18dac (size before relaxing)
 .debug_str     0x00019179      0x9e1 ./freertos/src/port.o
                              0x1998e (size before relaxing)
 .debug_str     0x00019b5a     0x1106 ./freertos/src/queue.o
                              0x1a3fa (size before relaxing)
 .debug_str     0x0001ac60     0x14cf ./freertos/src/tasks.o
                              0x1a8b4 (size before relaxing)
 .debug_str     0x0001c12f      0x1a6 ./example/src/cr_startup_lpc40xx.o
                               0x2757 (size before relaxing)
 .debug_str     0x0001c2d5      0x824 ./example/src/freertos_blinky.o
                              0x1a3d6 (size before relaxing)
 .debug_str     0x0001caf9      0x4f3 ./example/src/ms_timer.o
                              0x1756b (size before relaxing)
 .debug_str     0x0001cfec       0x19 ./example/src/sysinit.o
                              0x16e9d (size before relaxing)
 .debug_str     0x0001d005     0x155e C:\Users\JCT\Documents\MCUXpressoIDE_10.0.2_411\workspace\lpc_board_ea_devkit_4088\Debug\liblpc_board_ea_devkit_4088.a(board.o)
                              0x18695 (size before relaxing)
 .debug_str     0x0001e563      0x67b C:\Users\JCT\Documents\MCUXpressoIDE_10.0.2_411\workspace\lpc_board_ea_devkit_4088\Debug\liblpc_board_ea_devkit_4088.a(board_sysinit.o)
                              0x179f5 (size before relaxing)
 .debug_str     0x0001ebde      0x134 C:\Users\JCT\Documents\MCUXpressoIDE_10.0.2_411\workspace\lpc_chip_40xx\Debug\liblpc_chip_40xx.a(chip_17xx_40xx.o)
                              0x1687d (size before relaxing)
 .debug_str     0x0001ed12      0x631 C:\Users\JCT\Documents\MCUXpressoIDE_10.0.2_411\workspace\lpc_chip_40xx\Debug\liblpc_chip_40xx.a(clock_17xx_40xx.o)
                              0x16d04 (size before relaxing)
 .debug_str     0x0001f343      0x49e C:\Users\JCT\Documents\MCUXpressoIDE_10.0.2_411\workspace\lpc_chip_40xx\Debug\liblpc_chip_40xx.a(emc_17xx_40xx.o)
                              0x168b4 (size before relaxing)
 .debug_str     0x0001f7e1       0xb5 C:\Users\JCT\Documents\MCUXpressoIDE_10.0.2_411\workspace\lpc_chip_40xx\Debug\liblpc_chip_40xx.a(fpu_init.o)
                               0x98e9 (size before relaxing)
 .debug_str     0x0001f896       0x46 C:\Users\JCT\Documents\MCUXpressoIDE_10.0.2_411\workspace\lpc_chip_40xx\Debug\liblpc_chip_40xx.a(iocon_17xx_40xx.o)
                              0x16214 (size before relaxing)
 .debug_str     0x0001f8dc       0x87 C:\Users\JCT\Documents\MCUXpressoIDE_10.0.2_411\workspace\lpc_chip_40xx\Debug\liblpc_chip_40xx.a(sysctl_17xx_40xx.o)
                              0x16607 (size before relaxing)
 .debug_str     0x0001f963       0xda C:\Users\JCT\Documents\MCUXpressoIDE_10.0.2_411\workspace\lpc_chip_40xx\Debug\liblpc_chip_40xx.a(sysinit_17xx_40xx.o)
                              0x164e0 (size before relaxing)
 .debug_str     0x0001fa3d      0x131 C:\Users\JCT\Documents\MCUXpressoIDE_10.0.2_411\workspace\lpc_chip_40xx\Debug\liblpc_chip_40xx.a(timer_17xx_40xx.o)
                              0x16591 (size before relaxing)

.comment        0x00000000       0x6e
 .comment       0x00000000       0x6e ./freertos/src/FreeRTOSCommonHooks.o
                                 0x6f (size before relaxing)
 .comment       0x0000006e       0x6f ./freertos/src/heap_3.o
 .comment       0x0000006e       0x6f ./freertos/src/list.o
 .comment       0x0000006e       0x6f ./freertos/src/port.o
 .comment       0x0000006e       0x6f ./freertos/src/queue.o
 .comment       0x0000006e       0x6f ./freertos/src/tasks.o
 .comment       0x0000006e       0x6f ./example/src/cr_startup_lpc40xx.o
 .comment       0x0000006e       0x6f ./example/src/freertos_blinky.o
 .comment       0x0000006e       0x6f ./example/src/ms_timer.o
 .comment       0x0000006e       0x6f ./example/src/sysinit.o
 .comment       0x0000006e       0x6f C:\Users\JCT\Documents\MCUXpressoIDE_10.0.2_411\workspace\lpc_board_ea_devkit_4088\Debug\liblpc_board_ea_devkit_4088.a(board.o)
 .comment       0x0000006e       0x6f C:\Users\JCT\Documents\MCUXpressoIDE_10.0.2_411\workspace\lpc_board_ea_devkit_4088\Debug\liblpc_board_ea_devkit_4088.a(board_sysinit.o)
 .comment       0x0000006e       0x6f C:\Users\JCT\Documents\MCUXpressoIDE_10.0.2_411\workspace\lpc_chip_40xx\Debug\liblpc_chip_40xx.a(chip_17xx_40xx.o)
 .comment       0x0000006e       0x6f C:\Users\JCT\Documents\MCUXpressoIDE_10.0.2_411\workspace\lpc_chip_40xx\Debug\liblpc_chip_40xx.a(clock_17xx_40xx.o)
 .comment       0x0000006e       0x6f C:\Users\JCT\Documents\MCUXpressoIDE_10.0.2_411\workspace\lpc_chip_40xx\Debug\liblpc_chip_40xx.a(emc_17xx_40xx.o)
 .comment       0x0000006e       0x6f C:\Users\JCT\Documents\MCUXpressoIDE_10.0.2_411\workspace\lpc_chip_40xx\Debug\liblpc_chip_40xx.a(fpu_init.o)
 .comment       0x0000006e       0x6f C:\Users\JCT\Documents\MCUXpressoIDE_10.0.2_411\workspace\lpc_chip_40xx\Debug\liblpc_chip_40xx.a(iocon_17xx_40xx.o)
 .comment       0x0000006e       0x6f C:\Users\JCT\Documents\MCUXpressoIDE_10.0.2_411\workspace\lpc_chip_40xx\Debug\liblpc_chip_40xx.a(sysctl_17xx_40xx.o)
 .comment       0x0000006e       0x6f C:\Users\JCT\Documents\MCUXpressoIDE_10.0.2_411\workspace\lpc_chip_40xx\Debug\liblpc_chip_40xx.a(sysinit_17xx_40xx.o)
 .comment       0x0000006e       0x6f C:\Users\JCT\Documents\MCUXpressoIDE_10.0.2_411\workspace\lpc_chip_40xx\Debug\liblpc_chip_40xx.a(timer_17xx_40xx.o)
 .comment       0x0000006e       0x6f c:/system/mcuxpressoide_10.0.2_411/ide/tools/bin/../lib/gcc/arm-none-eabi/5.4.1/../../../../arm-none-eabi/lib/armv7e-m/softfp\libcr_semihost_nf.a(_cr__main.o)
 .comment       0x0000006e       0x6f c:/system/mcuxpressoide_10.0.2_411/ide/tools/bin/../lib/gcc/arm-none-eabi/5.4.1/../../../../arm-none-eabi/lib/armv7e-m/softfp\libcr_c.a(memcpy.o)
 .comment       0x0000006e       0x6f c:/system/mcuxpressoide_10.0.2_411/ide/tools/bin/../lib/gcc/arm-none-eabi/5.4.1/../../../../arm-none-eabi/lib/armv7e-m/softfp\libcr_c.a(memset.o)
 .comment       0x0000006e       0x6f c:/system/mcuxpressoide_10.0.2_411/ide/tools/bin/../lib/gcc/arm-none-eabi/5.4.1/../../../../arm-none-eabi/lib/armv7e-m/softfp\libcr_c.a(alloc.o)
 .comment       0x0000006e       0x6f c:/system/mcuxpressoide_10.0.2_411/ide/tools/bin/../lib/gcc/arm-none-eabi/5.4.1/../../../../arm-none-eabi/lib/armv7e-m/softfp\libcr_c.a(fpprintf.o)
 .comment       0x0000006e       0x6f c:/system/mcuxpressoide_10.0.2_411/ide/tools/bin/../lib/gcc/arm-none-eabi/5.4.1/../../../../arm-none-eabi/lib/armv7e-m/softfp\libcr_c.a(initio.o)
 .comment       0x0000006e       0x6f c:/system/mcuxpressoide_10.0.2_411/ide/tools/bin/../lib/gcc/arm-none-eabi/5.4.1/../../../../arm-none-eabi/lib/armv7e-m/softfp\libcr_c.a(printf.o)
 .comment       0x0000006e       0x6f c:/system/mcuxpressoide_10.0.2_411/ide/tools/bin/../lib/gcc/arm-none-eabi/5.4.1/../../../../arm-none-eabi/lib/armv7e-m/softfp\libcr_c.a(setvbuf.o)
 .comment       0x0000006e       0x6f c:/system/mcuxpressoide_10.0.2_411/ide/tools/bin/../lib/gcc/arm-none-eabi/5.4.1/../../../../arm-none-eabi/lib/armv7e-m/softfp\libcr_c.a(strlen.o)
 .comment       0x0000006e       0x6f c:/system/mcuxpressoide_10.0.2_411/ide/tools/bin/../lib/gcc/arm-none-eabi/5.4.1/../../../../arm-none-eabi/lib/armv7e-m/softfp\libcr_c.a(__init_alloc.o)
 .comment       0x0000006e       0x6f c:/system/mcuxpressoide_10.0.2_411/ide/tools/bin/../lib/gcc/arm-none-eabi/5.4.1/../../../../arm-none-eabi/lib/armv7e-m/softfp\libcr_c.a(_cr_sbrk.o)
 .comment       0x0000006e       0x6f c:/system/mcuxpressoide_10.0.2_411/ide/tools/bin/../lib/gcc/arm-none-eabi/5.4.1/../../../../arm-none-eabi/lib/armv7e-m/softfp\libcr_c.a(_deferredlazyseek.o)
 .comment       0x0000006e       0x6f c:/system/mcuxpressoide_10.0.2_411/ide/tools/bin/../lib/gcc/arm-none-eabi/5.4.1/../../../../arm-none-eabi/lib/armv7e-m/softfp\libcr_c.a(_fdopen.o)
 .comment       0x0000006e       0x6f c:/system/mcuxpressoide_10.0.2_411/ide/tools/bin/../lib/gcc/arm-none-eabi/5.4.1/../../../../arm-none-eabi/lib/armv7e-m/softfp\libcr_c.a(_fflush.o)
 .comment       0x0000006e       0x6f c:/system/mcuxpressoide_10.0.2_411/ide/tools/bin/../lib/gcc/arm-none-eabi/5.4.1/../../../../arm-none-eabi/lib/armv7e-m/softfp\libcr_c.a(_frexpl.o)
 .comment       0x0000006e       0x6f c:/system/mcuxpressoide_10.0.2_411/ide/tools/bin/../lib/gcc/arm-none-eabi/5.4.1/../../../../arm-none-eabi/lib/armv7e-m/softfp\libcr_c.a(_ldexpl.o)
 .comment       0x0000006e       0x6f c:/system/mcuxpressoide_10.0.2_411/ide/tools/bin/../lib/gcc/arm-none-eabi/5.4.1/../../../../arm-none-eabi/lib/armv7e-m/softfp\libcr_c.a(_writebuf.o)
 .comment       0x0000006e       0x6f c:/system/mcuxpressoide_10.0.2_411/ide/tools/bin/../lib/gcc/arm-none-eabi/5.4.1/../../../../arm-none-eabi/lib/armv7e-m/softfp\libcr_c.a(errno.o)
 .comment       0x0000006e       0x6f c:/system/mcuxpressoide_10.0.2_411/ide/tools/bin/../lib/gcc/arm-none-eabi/5.4.1/../../../../arm-none-eabi/lib/armv7e-m/softfp\libcr_c.a(fclose.o)
 .comment       0x0000006e       0x6f c:/system/mcuxpressoide_10.0.2_411/ide/tools/bin/../lib/gcc/arm-none-eabi/5.4.1/../../../../arm-none-eabi/lib/armv7e-m/softfp\libcr_c.a(fflush.o)
 .comment       0x0000006e       0x6f c:/system/mcuxpressoide_10.0.2_411/ide/tools/bin/../lib/gcc/arm-none-eabi/5.4.1/../../../../arm-none-eabi/lib/armv7e-m/softfp\libcr_c.a(fseek.o)
 .comment       0x0000006e       0x6f c:/system/mcuxpressoide_10.0.2_411/ide/tools/bin/../lib/gcc/arm-none-eabi/5.4.1/../../../../arm-none-eabi/lib/armv7e-m/softfp\libcr_c.a(ftell.o)
 .comment       0x0000006e       0x6f c:/system/mcuxpressoide_10.0.2_411/ide/tools/bin/../lib/gcc/arm-none-eabi/5.4.1/../../../../arm-none-eabi/lib/armv7e-m/softfp\libcr_c.a(remove.o)
 .comment       0x0000006e       0x6f c:/system/mcuxpressoide_10.0.2_411/ide/tools/bin/../lib/gcc/arm-none-eabi/5.4.1/../../../../arm-none-eabi/lib/armv7e-m/softfp\libcr_c.a(_cr_check_heap.o)
 .comment       0x0000006e       0x6f c:/system/mcuxpressoide_10.0.2_411/ide/tools/bin/../lib/gcc/arm-none-eabi/5.4.1/../../../../arm-none-eabi/lib/armv7e-m/softfp\libcr_c.a(_do_fflush.o)
 .comment       0x0000006e       0x6f c:/system/mcuxpressoide_10.0.2_411/ide/tools/bin/../lib/gcc/arm-none-eabi/5.4.1/../../../../arm-none-eabi/lib/armv7e-m/softfp\libcr_c.a(_hugeval.o)
 .comment       0x0000006e       0x6f c:/system/mcuxpressoide_10.0.2_411/ide/tools/bin/../lib/gcc/arm-none-eabi/5.4.1/armv7e-m/softfp\libcr_eabihelpers.a(double.o)
 .comment       0x0000006e       0x6f c:/system/mcuxpressoide_10.0.2_411/ide/tools/bin/../lib/gcc/arm-none-eabi/5.4.1/../../../../arm-none-eabi/lib/armv7e-m/softfp\libcr_semihost_nf.a(__ciob.o)

.ARM.attributes
                0x00000000       0x35
 .ARM.attributes
                0x00000000       0x37 ./freertos/src/FreeRTOSCommonHooks.o
 .ARM.attributes
                0x00000037       0x37 ./freertos/src/heap_3.o
 .ARM.attributes
                0x0000006e       0x37 ./freertos/src/list.o
 .ARM.attributes
                0x000000a5       0x37 ./freertos/src/port.o
 .ARM.attributes
                0x000000dc       0x37 ./freertos/src/queue.o
 .ARM.attributes
                0x00000113       0x37 ./freertos/src/tasks.o
 .ARM.attributes
                0x0000014a       0x37 ./example/src/cr_startup_lpc40xx.o
 .ARM.attributes
                0x00000181       0x37 ./example/src/freertos_blinky.o
 .ARM.attributes
                0x000001b8       0x37 ./example/src/ms_timer.o
 .ARM.attributes
                0x000001ef       0x37 ./example/src/sysinit.o
 .ARM.attributes
                0x00000226       0x37 C:\Users\JCT\Documents\MCUXpressoIDE_10.0.2_411\workspace\lpc_board_ea_devkit_4088\Debug\liblpc_board_ea_devkit_4088.a(board.o)
 .ARM.attributes
                0x0000025d       0x37 C:\Users\JCT\Documents\MCUXpressoIDE_10.0.2_411\workspace\lpc_board_ea_devkit_4088\Debug\liblpc_board_ea_devkit_4088.a(board_sysinit.o)
 .ARM.attributes
                0x00000294       0x37 C:\Users\JCT\Documents\MCUXpressoIDE_10.0.2_411\workspace\lpc_chip_40xx\Debug\liblpc_chip_40xx.a(chip_17xx_40xx.o)
 .ARM.attributes
                0x000002cb       0x37 C:\Users\JCT\Documents\MCUXpressoIDE_10.0.2_411\workspace\lpc_chip_40xx\Debug\liblpc_chip_40xx.a(clock_17xx_40xx.o)
 .ARM.attributes
                0x00000302       0x37 C:\Users\JCT\Documents\MCUXpressoIDE_10.0.2_411\workspace\lpc_chip_40xx\Debug\liblpc_chip_40xx.a(emc_17xx_40xx.o)
 .ARM.attributes
                0x00000339       0x37 C:\Users\JCT\Documents\MCUXpressoIDE_10.0.2_411\workspace\lpc_chip_40xx\Debug\liblpc_chip_40xx.a(fpu_init.o)
 .ARM.attributes
                0x00000370       0x37 C:\Users\JCT\Documents\MCUXpressoIDE_10.0.2_411\workspace\lpc_chip_40xx\Debug\liblpc_chip_40xx.a(iocon_17xx_40xx.o)
 .ARM.attributes
                0x000003a7       0x37 C:\Users\JCT\Documents\MCUXpressoIDE_10.0.2_411\workspace\lpc_chip_40xx\Debug\liblpc_chip_40xx.a(sysctl_17xx_40xx.o)
 .ARM.attributes
                0x000003de       0x37 C:\Users\JCT\Documents\MCUXpressoIDE_10.0.2_411\workspace\lpc_chip_40xx\Debug\liblpc_chip_40xx.a(sysinit_17xx_40xx.o)
 .ARM.attributes
                0x00000415       0x37 C:\Users\JCT\Documents\MCUXpressoIDE_10.0.2_411\workspace\lpc_chip_40xx\Debug\liblpc_chip_40xx.a(timer_17xx_40xx.o)
 .ARM.attributes
                0x0000044c       0x37 c:/system/mcuxpressoide_10.0.2_411/ide/tools/bin/../lib/gcc/arm-none-eabi/5.4.1/../../../../arm-none-eabi/lib/armv7e-m/softfp\libcr_semihost_nf.a(_cr__main.o)
 .ARM.attributes
                0x00000483       0x37 c:/system/mcuxpressoide_10.0.2_411/ide/tools/bin/../lib/gcc/arm-none-eabi/5.4.1/../../../../arm-none-eabi/lib/armv7e-m/softfp\libcr_c.a(memcpy.o)
 .ARM.attributes
                0x000004ba       0x37 c:/system/mcuxpressoide_10.0.2_411/ide/tools/bin/../lib/gcc/arm-none-eabi/5.4.1/../../../../arm-none-eabi/lib/armv7e-m/softfp\libcr_c.a(memset.o)
 .ARM.attributes
                0x000004f1       0x37 c:/system/mcuxpressoide_10.0.2_411/ide/tools/bin/../lib/gcc/arm-none-eabi/5.4.1/../../../../arm-none-eabi/lib/armv7e-m/softfp\libcr_c.a(alloc.o)
 .ARM.attributes
                0x00000528       0x37 c:/system/mcuxpressoide_10.0.2_411/ide/tools/bin/../lib/gcc/arm-none-eabi/5.4.1/../../../../arm-none-eabi/lib/armv7e-m/softfp\libcr_c.a(fpprintf.o)
 .ARM.attributes
                0x0000055f       0x37 c:/system/mcuxpressoide_10.0.2_411/ide/tools/bin/../lib/gcc/arm-none-eabi/5.4.1/../../../../arm-none-eabi/lib/armv7e-m/softfp\libcr_c.a(initio.o)
 .ARM.attributes
                0x00000596       0x37 c:/system/mcuxpressoide_10.0.2_411/ide/tools/bin/../lib/gcc/arm-none-eabi/5.4.1/../../../../arm-none-eabi/lib/armv7e-m/softfp\libcr_c.a(printf.o)
 .ARM.attributes
                0x000005cd       0x37 c:/system/mcuxpressoide_10.0.2_411/ide/tools/bin/../lib/gcc/arm-none-eabi/5.4.1/../../../../arm-none-eabi/lib/armv7e-m/softfp\libcr_c.a(setvbuf.o)
 .ARM.attributes
                0x00000604       0x37 c:/system/mcuxpressoide_10.0.2_411/ide/tools/bin/../lib/gcc/arm-none-eabi/5.4.1/../../../../arm-none-eabi/lib/armv7e-m/softfp\libcr_c.a(strlen.o)
 .ARM.attributes
                0x0000063b       0x37 c:/system/mcuxpressoide_10.0.2_411/ide/tools/bin/../lib/gcc/arm-none-eabi/5.4.1/../../../../arm-none-eabi/lib/armv7e-m/softfp\libcr_c.a(__init_alloc.o)
 .ARM.attributes
                0x00000672       0x37 c:/system/mcuxpressoide_10.0.2_411/ide/tools/bin/../lib/gcc/arm-none-eabi/5.4.1/../../../../arm-none-eabi/lib/armv7e-m/softfp\libcr_c.a(_cr_sbrk.o)
 .ARM.attributes
                0x000006a9       0x37 c:/system/mcuxpressoide_10.0.2_411/ide/tools/bin/../lib/gcc/arm-none-eabi/5.4.1/../../../../arm-none-eabi/lib/armv7e-m/softfp\libcr_c.a(_deferredlazyseek.o)
 .ARM.attributes
                0x000006e0       0x37 c:/system/mcuxpressoide_10.0.2_411/ide/tools/bin/../lib/gcc/arm-none-eabi/5.4.1/../../../../arm-none-eabi/lib/armv7e-m/softfp\libcr_c.a(_fdopen.o)
 .ARM.attributes
                0x00000717       0x37 c:/system/mcuxpressoide_10.0.2_411/ide/tools/bin/../lib/gcc/arm-none-eabi/5.4.1/../../../../arm-none-eabi/lib/armv7e-m/softfp\libcr_c.a(_fflush.o)
 .ARM.attributes
                0x0000074e       0x37 c:/system/mcuxpressoide_10.0.2_411/ide/tools/bin/../lib/gcc/arm-none-eabi/5.4.1/../../../../arm-none-eabi/lib/armv7e-m/softfp\libcr_c.a(_frexpl.o)
 .ARM.attributes
                0x00000785       0x37 c:/system/mcuxpressoide_10.0.2_411/ide/tools/bin/../lib/gcc/arm-none-eabi/5.4.1/../../../../arm-none-eabi/lib/armv7e-m/softfp\libcr_c.a(_ldexpl.o)
 .ARM.attributes
                0x000007bc       0x37 c:/system/mcuxpressoide_10.0.2_411/ide/tools/bin/../lib/gcc/arm-none-eabi/5.4.1/../../../../arm-none-eabi/lib/armv7e-m/softfp\libcr_c.a(_writebuf.o)
 .ARM.attributes
                0x000007f3       0x37 c:/system/mcuxpressoide_10.0.2_411/ide/tools/bin/../lib/gcc/arm-none-eabi/5.4.1/../../../../arm-none-eabi/lib/armv7e-m/softfp\libcr_c.a(errno.o)
 .ARM.attributes
                0x0000082a       0x37 c:/system/mcuxpressoide_10.0.2_411/ide/tools/bin/../lib/gcc/arm-none-eabi/5.4.1/../../../../arm-none-eabi/lib/armv7e-m/softfp\libcr_c.a(fclose.o)
 .ARM.attributes
                0x00000861       0x37 c:/system/mcuxpressoide_10.0.2_411/ide/tools/bin/../lib/gcc/arm-none-eabi/5.4.1/../../../../arm-none-eabi/lib/armv7e-m/softfp\libcr_c.a(fflush.o)
 .ARM.attributes
                0x00000898       0x37 c:/system/mcuxpressoide_10.0.2_411/ide/tools/bin/../lib/gcc/arm-none-eabi/5.4.1/../../../../arm-none-eabi/lib/armv7e-m/softfp\libcr_c.a(fseek.o)
 .ARM.attributes
                0x000008cf       0x37 c:/system/mcuxpressoide_10.0.2_411/ide/tools/bin/../lib/gcc/arm-none-eabi/5.4.1/../../../../arm-none-eabi/lib/armv7e-m/softfp\libcr_c.a(ftell.o)
 .ARM.attributes
                0x00000906       0x37 c:/system/mcuxpressoide_10.0.2_411/ide/tools/bin/../lib/gcc/arm-none-eabi/5.4.1/../../../../arm-none-eabi/lib/armv7e-m/softfp\libcr_c.a(remove.o)
 .ARM.attributes
                0x0000093d       0x37 c:/system/mcuxpressoide_10.0.2_411/ide/tools/bin/../lib/gcc/arm-none-eabi/5.4.1/../../../../arm-none-eabi/lib/armv7e-m/softfp\libcr_c.a(_cr_check_heap.o)
 .ARM.attributes
                0x00000974       0x37 c:/system/mcuxpressoide_10.0.2_411/ide/tools/bin/../lib/gcc/arm-none-eabi/5.4.1/../../../../arm-none-eabi/lib/armv7e-m/softfp\libcr_c.a(_do_fflush.o)
 .ARM.attributes
                0x000009ab       0x37 c:/system/mcuxpressoide_10.0.2_411/ide/tools/bin/../lib/gcc/arm-none-eabi/5.4.1/../../../../arm-none-eabi/lib/armv7e-m/softfp\libcr_c.a(_hugeval.o)
 .ARM.attributes
                0x000009e2       0x37 c:/system/mcuxpressoide_10.0.2_411/ide/tools/bin/../lib/gcc/arm-none-eabi/5.4.1/armv7e-m/softfp\libcr_eabihelpers.a(double.o)
 .ARM.attributes
                0x00000a19       0x25 c:/system/mcuxpressoide_10.0.2_411/ide/tools/bin/../lib/gcc/arm-none-eabi/5.4.1/armv7e-m/softfp\libcr_eabihelpers.a(memcpy.o)
 .ARM.attributes
                0x00000a3e       0x37 c:/system/mcuxpressoide_10.0.2_411/ide/tools/bin/../lib/gcc/arm-none-eabi/5.4.1/../../../../arm-none-eabi/lib/armv7e-m/softfp\libcr_semihost_nf.a(__ciob.o)
 .ARM.attributes
                0x00000a75       0x25 c:/system/mcuxpressoide_10.0.2_411/ide/tools/bin/../lib/gcc/arm-none-eabi/5.4.1/../../../../arm-none-eabi/lib/armv7e-m/softfp\libcr_semihost_nf.a(__sys_appexit.o)
 .ARM.attributes
                0x00000a9a       0x25 c:/system/mcuxpressoide_10.0.2_411/ide/tools/bin/../lib/gcc/arm-none-eabi/5.4.1/../../../../arm-none-eabi/lib/armv7e-m/softfp\libcr_semihost_nf.a(__sys_close.o)
 .ARM.attributes
                0x00000abf       0x25 c:/system/mcuxpressoide_10.0.2_411/ide/tools/bin/../lib/gcc/arm-none-eabi/5.4.1/../../../../arm-none-eabi/lib/armv7e-m/softfp\libcr_semihost_nf.a(__sys_flen.o)
 .ARM.attributes
                0x00000ae4       0x25 c:/system/mcuxpressoide_10.0.2_411/ide/tools/bin/../lib/gcc/arm-none-eabi/5.4.1/../../../../arm-none-eabi/lib/armv7e-m/softfp\libcr_semihost_nf.a(__sys_istty.o)
 .ARM.attributes
                0x00000b09       0x25 c:/system/mcuxpressoide_10.0.2_411/ide/tools/bin/../lib/gcc/arm-none-eabi/5.4.1/../../../../arm-none-eabi/lib/armv7e-m/softfp\libcr_semihost_nf.a(__sys_remove.o)
 .ARM.attributes
                0x00000b2e       0x25 c:/system/mcuxpressoide_10.0.2_411/ide/tools/bin/../lib/gcc/arm-none-eabi/5.4.1/../../../../arm-none-eabi/lib/armv7e-m/softfp\libcr_semihost_nf.a(__sys_seek.o)
 .ARM.attributes
                0x00000b53       0x25 c:/system/mcuxpressoide_10.0.2_411/ide/tools/bin/../lib/gcc/arm-none-eabi/5.4.1/../../../../arm-none-eabi/lib/armv7e-m/softfp\libcr_semihost_nf.a(__sys_tmpnam.o)
 .ARM.attributes
                0x00000b78       0x25 c:/system/mcuxpressoide_10.0.2_411/ide/tools/bin/../lib/gcc/arm-none-eabi/5.4.1/../../../../arm-none-eabi/lib/armv7e-m/softfp\libcr_semihost_nf.a(__sys_write.o)

.debug_frame    0x00000000     0x25d8
 .debug_frame   0x00000000       0xb0 ./freertos/src/FreeRTOSCommonHooks.o
 .debug_frame   0x000000b0       0x58 ./freertos/src/heap_3.o
 .debug_frame   0x00000108       0xd8 ./freertos/src/list.o
 .debug_frame   0x000001e0      0x1a8 ./freertos/src/port.o
 .debug_frame   0x00000388      0x404 ./freertos/src/queue.o
 .debug_frame   0x0000078c      0x634 ./freertos/src/tasks.o
 .debug_frame   0x00000dc0      0x170 ./example/src/cr_startup_lpc40xx.o
 .debug_frame   0x00000f30       0xcc ./example/src/freertos_blinky.o
 .debug_frame   0x00000ffc      0x2c8 ./example/src/ms_timer.o
 .debug_frame   0x000012c4       0x34 ./example/src/sysinit.o
 .debug_frame   0x000012f8      0x784 C:\Users\JCT\Documents\MCUXpressoIDE_10.0.2_411\workspace\lpc_board_ea_devkit_4088\Debug\liblpc_board_ea_devkit_4088.a(board.o)
 .debug_frame   0x00001a7c       0xf8 C:\Users\JCT\Documents\MCUXpressoIDE_10.0.2_411\workspace\lpc_board_ea_devkit_4088\Debug\liblpc_board_ea_devkit_4088.a(board_sysinit.o)